Archive member included because of file (symbol)

C:\Users\admin\AppData\Local\arduino15\packages\arduino\hardware\sam\1.6.12\variants\arduino_due_x/libsam_sam3x8e_gcc_rel.a(pio.o)
                              C:\Users\admin\AppData\Local\Temp\VMBCore\arduino16x\3a1ce282f4257c2ef3c891a04e554e56\variant\variant.cpp.o (PIO_Configure)
C:\Users\admin\AppData\Local\arduino15\packages\arduino\hardware\sam\1.6.12\variants\arduino_due_x/libsam_sam3x8e_gcc_rel.a(pmc.o)
                              C:\Users\admin\AppData\Local\Temp\VMBCore\arduino16x\3a1ce282f4257c2ef3c891a04e554e56\variant\variant.cpp.o (pmc_enable_periph_clk)
C:\Users\admin\AppData\Local\arduino15\packages\arduino\hardware\sam\1.6.12\variants\arduino_due_x/libsam_sam3x8e_gcc_rel.a(system_sam3xa.o)
                              C:\Users\admin\AppData\Local\Temp\VMBCore\arduino16x\3a1ce282f4257c2ef3c891a04e554e56\variant\variant.cpp.o (SystemInit)
C:\Users\admin\AppData\Local\arduino15\packages\arduino\hardware\sam\1.6.12\variants\arduino_due_x/libsam_sam3x8e_gcc_rel.a(startup_sam3xa.o)
                              (Reset_Handler)
C:\Users\admin\AppData\Local\arduino15\packages\arduino\hardware\sam\1.6.12\variants\arduino_due_x/libsam_sam3x8e_gcc_rel.a(adc.o)
                              C:\Users\admin\AppData\Local\Temp\VMBCore\arduino16x\3a1ce282f4257c2ef3c891a04e554e56\variant\variant.cpp.o (adc_init)
C:\Users\admin\AppData\Local\arduino15\packages\arduino\hardware\sam\1.6.12\variants\arduino_due_x/libsam_sam3x8e_gcc_rel.a(uotghs.o)
                              C:\Users\admin\AppData\Local\arduino15\packages\arduino\hardware\sam\1.6.12\variants\arduino_due_x/libsam_sam3x8e_gcc_rel.a(startup_sam3xa.o) (UOTGHS_Handler)
C:\Users\admin\AppData\Local\Temp\VMBuilds\bitoperations\arduino_due_x_dbg\Debug/core.a(cortex_handlers.c.o)
                              C:\Users\admin\AppData\Local\arduino15\packages\arduino\hardware\sam\1.6.12\variants\arduino_due_x/libsam_sam3x8e_gcc_rel.a(startup_sam3xa.o) (NMI_Handler)
C:\Users\admin\AppData\Local\Temp\VMBuilds\bitoperations\arduino_due_x_dbg\Debug/core.a(hooks.c.o)
                              C:\Users\admin\AppData\Local\Temp\VMBuilds\bitoperations\arduino_due_x_dbg\Debug/core.a(cortex_handlers.c.o) (sysTickHook)
C:\Users\admin\AppData\Local\Temp\VMBuilds\bitoperations\arduino_due_x_dbg\Debug/core.a(syscalls_sam3.c.o)
                              (_sbrk)
C:\Users\admin\AppData\Local\Temp\VMBuilds\bitoperations\arduino_due_x_dbg\Debug/core.a(wiring.c.o)
                              bitoperations.cpp.o (millis)
C:\Users\admin\AppData\Local\Temp\VMBuilds\bitoperations\arduino_due_x_dbg\Debug/core.a(wiring_analog.c.o)
                              C:\Users\admin\AppData\Local\Temp\VMBCore\arduino16x\3a1ce282f4257c2ef3c891a04e554e56\variant\variant.cpp.o (analogOutputInit)
C:\Users\admin\AppData\Local\Temp\VMBuilds\bitoperations\arduino_due_x_dbg\Debug/core.a(wiring_digital.c.o)
                              C:\Users\admin\AppData\Local\Temp\VMBuilds\bitoperations\arduino_due_x_dbg\Debug/core.a(wiring_analog.c.o) (pinMode)
C:\Users\admin\AppData\Local\Temp\VMBuilds\bitoperations\arduino_due_x_dbg\Debug/core.a(main.cpp.o)
                              c:/users/admin/appdata/local/arduino15/packages/arduino/tools/arm-none-eabi-gcc/4.8.3-2014q1/bin/../lib/gcc/arm-none-eabi/4.8.3/../../../../arm-none-eabi/lib/armv7-m/crt0.o (main)
C:\Users\admin\AppData\Local\Temp\VMBuilds\bitoperations\arduino_due_x_dbg\Debug/core.a(Print.cpp.o)
                              bitoperations.cpp.o (Print::print(char const*))
C:\Users\admin\AppData\Local\Temp\VMBuilds\bitoperations\arduino_due_x_dbg\Debug/core.a(Reset.cpp.o)
                              C:\Users\admin\AppData\Local\Temp\VMBuilds\bitoperations\arduino_due_x_dbg\Debug/core.a(cortex_handlers.c.o) (tickReset)
C:\Users\admin\AppData\Local\Temp\VMBuilds\bitoperations\arduino_due_x_dbg\Debug/core.a(RingBuffer.cpp.o)
                              C:\Users\admin\AppData\Local\Temp\VMBCore\arduino16x\3a1ce282f4257c2ef3c891a04e554e56\variant\variant.cpp.o (RingBuffer::RingBuffer())
C:\Users\admin\AppData\Local\Temp\VMBuilds\bitoperations\arduino_due_x_dbg\Debug/core.a(UARTClass.cpp.o)
                              VM_DBG\VM_DBG.cpp.o (UARTClass::available())
C:\Users\admin\AppData\Local\Temp\VMBuilds\bitoperations\arduino_due_x_dbg\Debug/core.a(USARTClass.cpp.o)
                              C:\Users\admin\AppData\Local\Temp\VMBCore\arduino16x\3a1ce282f4257c2ef3c891a04e554e56\variant\variant.cpp.o (USARTClass::USARTClass(Usart*, IRQn, unsigned long, RingBuffer*, RingBuffer*))
C:\Users\admin\AppData\Local\Temp\VMBuilds\bitoperations\arduino_due_x_dbg\Debug/core.a(watchdog.cpp.o)
                              C:\Users\admin\AppData\Local\Temp\VMBuilds\bitoperations\arduino_due_x_dbg\Debug/core.a(main.cpp.o) (watchdogSetup())
C:\Users\admin\AppData\Local\Temp\VMBuilds\bitoperations\arduino_due_x_dbg\Debug/core.a(USBCore.cpp.o)
[...]
Memory Configuration

Name             Origin             Length             Attributes
rom              0x00080000         0x00080000         xr
sram0            0x20000000         0x00010000         xrw
sram1            0x20080000         0x00008000         xrw
ram              0x20070000         0x00018000         xrw
*default*        0x00000000         0xffffffff

Linker script and memory map

LOAD c:/users/admin/appdata/local/arduino15/packages/arduino/tools/arm-none-eabi-gcc/4.8.3-2014q1/bin/../lib/gcc/arm-none-eabi/4.8.3/armv7-m/crti.o
LOAD c:/users/admin/appdata/local/arduino15/packages/arduino/tools/arm-none-eabi-gcc/4.8.3-2014q1/bin/../lib/gcc/arm-none-eabi/4.8.3/armv7-m/crtbegin.o
LOAD c:/users/admin/appdata/local/arduino15/packages/arduino/tools/arm-none-eabi-gcc/4.8.3-2014q1/bin/../lib/gcc/arm-none-eabi/4.8.3/../../../../arm-none-eabi/lib/armv7-m/crt0.o
START GROUP
LOAD bitoperations.cpp.o
LOAD VM_DBG\VM_DBG.cpp.o
LOAD VM_DBG\VM_mem_check_sam.cpp.o
LOAD C:\Users\admin\AppData\Local\Temp\VMBCore\arduino16x\3a1ce282f4257c2ef3c891a04e554e56\variant\variant.cpp.o
LOAD C:\Users\admin\AppData\Local\arduino15\packages\arduino\hardware\sam\1.6.12\variants\arduino_due_x/libsam_sam3x8e_gcc_rel.a
LOAD C:\Users\admin\AppData\Local\Temp\VMBuilds\bitoperations\arduino_due_x_dbg\Debug/core.a
END GROUP
LOAD c:/users/admin/appdata/local/arduino15/packages/arduino/tools/arm-none-eabi-gcc/4.8.3-2014q1/bin/../lib/gcc/arm-none-eabi/4.8.3/../../../../arm-none-eabi/lib/armv7-m\libm.a
LOAD c:/users/admin/appdata/local/arduino15/packages/arduino/tools/arm-none-eabi-gcc/4.8.3-2014q1/bin/../lib/gcc/arm-none-eabi/4.8.3/armv7-m\libgcc.a
START GROUP
LOAD c:/users/admin/appdata/local/arduino15/packages/arduino/tools/arm-none-eabi-gcc/4.8.3-2014q1/bin/../lib/gcc/arm-none-eabi/4.8.3/armv7-m\libgcc.a
LOAD c:/users/admin/appdata/local/arduino15/packages/arduino/tools/arm-none-eabi-gcc/4.8.3-2014q1/bin/../lib/gcc/arm-none-eabi/4.8.3/../../../../arm-none-eabi/lib/armv7-m\libc.a
END GROUP
LOAD c:/users/admin/appdata/local/arduino15/packages/arduino/tools/arm-none-eabi-gcc/4.8.3-2014q1/bin/../lib/gcc/arm-none-eabi/4.8.3/armv7-m/crtend.o
LOAD c:/users/admin/appdata/local/arduino15/packages/arduino/tools/arm-none-eabi-gcc/4.8.3-2014q1/bin/../lib/gcc/arm-none-eabi/4.8.3/armv7-m/crtn.o

.text           0x00080000     0x30a8
                0x00080000                . = ALIGN (0x4)
                0x00080000                _sfixed = .
 *(.vectors .vectors.*)
 .vectors       0x00080000       0xf4 C:\Users\admin\AppData\Local\arduino15\packages\arduino\hardware\sam\1.6.12\variants\arduino_due_x/libsam_sam3x8e_gcc_rel.a(startup_sam3xa.o)
                0x00080000                exception_table
 *(.text .text.* .gnu.linkonce.t.*)
 .text          0x000800f4       0x54 c:/users/admin/appdata/local/arduino15/packages/arduino/tools/arm-none-eabi-gcc/4.8.3-2014q1/bin/../lib/gcc/arm-none-eabi/4.8.3/armv7-m/crtbegin.o
 .text.setup    0x00080148       0x78 bitoperations.cpp.o
                0x00080148                setup
 .text.loop     0x000801c0       0xd8 bitoperations.cpp.o
                0x000801c0                loop
 .text.startup._GLOBAL__sub_I___VisualMicro_DEBUG_1_HITCOUNTER__
                0x00080298       0x20 bitoperations.cpp.o
 .text._ZN16VisualMicroDebug16DBG_YieldAndWaitEmb
                0x000802b8       0x1a VM_DBG\VM_DBG.cpp.o
                0x000802b8                VisualMicroDebug::DBG_YieldAndWait(unsigned long, bool)
 .text._ZN16VisualMicroDebug16DBG_YieldAndWaitEm
                0x000802d2        0x6 VM_DBG\VM_DBG.cpp.o
                0x000802d2                VisualMicroDebug::DBG_YieldAndWait(unsigned long)
 .text._ZN16VisualMicroDebug10DBG_MillisEv
                0x000802d8        0x4 VM_DBG\VM_DBG.cpp.o
                0x000802d8                VisualMicroDebug::DBG_Millis()
 .text._ZN16VisualMicroDebug22OnBreakPointPrintBeginEh
                0x000802dc       0x74 VM_DBG\VM_DBG.cpp.o
                0x000802dc                VisualMicroDebug::OnBreakPointPrintBegin(unsigned char)
 .text._ZN16VisualMicroDebug20OnBreakPointPrintEndEv
                0x00080350       0x10 VM_DBG\VM_DBG.cpp.o
                0x00080350                VisualMicroDebug::OnBreakPointPrintEnd()
 .text._ZN16VisualMicroDebug14outPacketStartEb
                0x00080360       0x28 VM_DBG\VM_DBG.cpp.o
                0x00080360                VisualMicroDebug::outPacketStart(bool)
 .text._ZN16VisualMicroDebug12outPacketEndEv
                0x00080388        0x2 VM_DBG\VM_DBG.cpp.o
                0x00080388                VisualMicroDebug::outPacketEnd()
 .text._ZN16VisualMicroDebug4initEm
                0x0008038a        0xe VM_DBG\VM_DBG.cpp.o
                0x0008038a                VisualMicroDebug::init(unsigned long)
 .text._ZN16VisualMicroDebug16sendContinuedACKEh
                0x00080398       0x40 VM_DBG\VM_DBG.cpp.o
                0x00080398                VisualMicroDebug::sendContinuedACK(unsigned char)
 .text.startup._GLOBAL__sub_I__ZN16VisualMicroDebug16DBG_YieldAndWaitEm
                0x000803d8       0x14 VM_DBG\VM_DBG.cpp.o
 .text._ZN16VisualMicroDebug5beginEm
                0x000803ec       0x1c VM_DBG\VM_DBG.cpp.o
                0x000803ec                VisualMicroDebug::begin(unsigned long)
 .text._ZN16VisualMicroDebug4readEv
                0x00080408       0x10 VM_DBG\VM_DBG.cpp.o
                0x00080408                VisualMicroDebug::read()
 .text._ZN16VisualMicroDebug24digitalWriteMessageCheckEv
                0x00080418       0x7c VM_DBG\VM_DBG.cpp.o
                0x00080418                VisualMicroDebug::digitalWriteMessageCheck()
 .text._ZN16VisualMicroDebug17OnBreakPointBeginEm
                0x00080494       0x1e VM_DBG\VM_DBG.cpp.o
                0x00080494                VisualMicroDebug::OnBreakPointBegin(unsigned long)
 .text._ZN16VisualMicroDebug15OnBreakPointEndEv
                0x000804b2       0x10 VM_DBG\VM_DBG.cpp.o
                0x000804b2                VisualMicroDebug::OnBreakPointEnd()
 *fill*         0x000804c2        0x2 
 .text._ZN16VisualMicroDebug9breakWaitEh
                0x000804c4       0x60 VM_DBG\VM_DBG.cpp.o
                0x000804c4                VisualMicroDebug::breakWait(unsigned char)
 .text._ZN16VisualMicroDebug5startEbb
                0x00080524       0x26 VM_DBG\VM_DBG.cpp.o
                0x00080524                VisualMicroDebug::start(bool, bool)
 .text._Z11serialEventv
                0x0008054a        0x2 C:\Users\admin\AppData\Local\Temp\VMBCore\arduino16x\3a1ce282f4257c2ef3c891a04e554e56\variant\variant.cpp.o
                0x0008054a                serialEvent()
 .text.UART_Handler
                0x0008054c        0xc C:\Users\admin\AppData\Local\Temp\VMBCore\arduino16x\3a1ce282f4257c2ef3c891a04e554e56\variant\variant.cpp.o
                0x0008054c                UART_Handler
 .text._Z12serialEvent1v
                0x00080558        0x2 C:\Users\admin\AppData\Local\Temp\VMBCore\arduino16x\3a1ce282f4257c2ef3c891a04e554e56\variant\variant.cpp.o
                0x00080558                serialEvent1()
 .text._Z12serialEvent2v
                0x0008055a        0x2 C:\Users\admin\AppData\Local\Temp\VMBCore\arduino16x\3a1ce282f4257c2ef3c891a04e554e56\variant\variant.cpp.o
                0x0008055a                serialEvent2()
 .text._Z12serialEvent3v
                0x0008055c        0x2 C:\Users\admin\AppData\Local\Temp\VMBCore\arduino16x\3a1ce282f4257c2ef3c891a04e554e56\variant\variant.cpp.o
                0x0008055c                serialEvent3()
 *fill*         0x0008055e        0x2 
 .text.USART0_Handler
                0x00080560        0xc C:\Users\admin\AppData\Local\Temp\VMBCore\arduino16x\3a1ce282f4257c2ef3c891a04e554e56\variant\variant.cpp.o
                0x00080560                USART0_Handler
 .text.USART1_Handler
                0x0008056c        0xc C:\Users\admin\AppData\Local\Temp\VMBCore\arduino16x\3a1ce282f4257c2ef3c891a04e554e56\variant\variant.cpp.o
                0x0008056c                USART1_Handler
 .text.USART3_Handler
                0x00080578        0xc C:\Users\admin\AppData\Local\Temp\VMBCore\arduino16x\3a1ce282f4257c2ef3c891a04e554e56\variant\variant.cpp.o
                0x00080578                USART3_Handler
 .text.init     0x00080584      0x128 C:\Users\admin\AppData\Local\Temp\VMBCore\arduino16x\3a1ce282f4257c2ef3c891a04e554e56\variant\variant.cpp.o
                0x00080584                init
 .text.startup._GLOBAL__sub_I_g_APinDescription
                0x000806ac       0xd4 C:\Users\admin\AppData\Local\Temp\VMBCore\arduino16x\3a1ce282f4257c2ef3c891a04e554e56\variant\variant.cpp.o
 .text._Z14serialEventRunv
                0x00080780       0x44 C:\Users\admin\AppData\Local\Temp\VMBCore\arduino16x\3a1ce282f4257c2ef3c891a04e554e56\variant\variant.cpp.o
                0x00080780                serialEventRun()
 .text.PIO_PullUp
                0x000807c4        0xa C:\Users\admin\AppData\Local\arduino15\packages\arduino\hardware\sam\1.6.12\variants\arduino_due_x/libsam_sam3x8e_gcc_rel.a(pio.o)
                0x000807c4                PIO_PullUp
 .text.PIO_SetPeripheral
                0x000807ce       0x26 C:\Users\admin\AppData\Local\arduino15\packages\arduino\hardware\sam\1.6.12\variants\arduino_due_x/libsam_sam3x8e_gcc_rel.a(pio.o)
                0x000807ce                PIO_SetPeripheral
 .text.PIO_SetInput
                0x000807f4       0x26 C:\Users\admin\AppData\Local\arduino15\packages\arduino\hardware\sam\1.6.12\variants\arduino_due_x/libsam_sam3x8e_gcc_rel.a(pio.o)
                0x000807f4                PIO_SetInput
 .text.PIO_SetOutput
                0x0008081a       0x24 C:\Users\admin\AppData\Local\arduino15\packages\arduino\hardware\sam\1.6.12\variants\arduino_due_x/libsam_sam3x8e_gcc_rel.a(pio.o)
                0x0008081a                PIO_SetOutput
 *fill*         0x0008083e        0x2 
 .text.PIO_Configure
                0x00080840       0x64 C:\Users\admin\AppData\Local\arduino15\packages\arduino\hardware\sam\1.6.12\variants\arduino_due_x/libsam_sam3x8e_gcc_rel.a(pio.o)
                0x00080840                PIO_Configure
 .text.PIO_GetOutputDataStatus
                0x000808a4       0x14 C:\Users\admin\AppData\Local\arduino15\packages\arduino\hardware\sam\1.6.12\variants\arduino_due_x/libsam_sam3x8e_gcc_rel.a(pio.o)
                0x000808a4                PIO_GetOutputDataStatus
 .text.pmc_enable_upll_clock
                0x000808b8       0x14 C:\Users\admin\AppData\Local\arduino15\packages\arduino\hardware\sam\1.6.12\variants\arduino_due_x/libsam_sam3x8e_gcc_rel.a(pmc.o)
                0x000808b8                pmc_enable_upll_clock
 .text.pmc_enable_periph_clk
                0x000808cc       0x44 C:\Users\admin\AppData\Local\arduino15\packages\arduino\hardware\sam\1.6.12\variants\arduino_due_x/libsam_sam3x8e_gcc_rel.a(pmc.o)
                0x000808cc                pmc_enable_periph_clk
 .text.pmc_disable_periph_clk
                0x00080910       0x40 C:\Users\admin\AppData\Local\arduino15\packages\arduino\hardware\sam\1.6.12\variants\arduino_due_x/libsam_sam3x8e_gcc_rel.a(pmc.o)
                0x00080910                pmc_disable_periph_clk
 .text.pmc_switch_udpck_to_upllck
                0x00080950       0x14 C:\Users\admin\AppData\Local\arduino15\packages\arduino\hardware\sam\1.6.12\variants\arduino_due_x/libsam_sam3x8e_gcc_rel.a(pmc.o)
                0x00080950                pmc_switch_udpck_to_upllck
 .text.pmc_enable_udpck
                0x00080964        0xc C:\Users\admin\AppData\Local\arduino15\packages\arduino\hardware\sam\1.6.12\variants\arduino_due_x/libsam_sam3x8e_gcc_rel.a(pmc.o)
                0x00080964                pmc_enable_udpck
 .text.SystemInit
                0x00080970       0x88 C:\Users\admin\AppData\Local\arduino15\packages\arduino\hardware\sam\1.6.12\variants\arduino_due_x/libsam_sam3x8e_gcc_rel.a(system_sam3xa.o)
                0x00080970                SystemInit
 .text.Reset_Handler
                0x000809f8       0x78 C:\Users\admin\AppData\Local\arduino15\packages\arduino\hardware\sam\1.6.12\variants\arduino_due_x/libsam_sam3x8e_gcc_rel.a(startup_sam3xa.o)
                0x000809f8                Reset_Handler
 .text.adc_init
                0x00080a70       0x98 C:\Users\admin\AppData\Local\arduino15\packages\arduino\hardware\sam\1.6.12\variants\arduino_due_x/libsam_sam3x8e_gcc_rel.a(adc.o)
                0x00080a70                adc_init
 .text.adc_configure_trigger
                0x00080b08        0xe C:\Users\admin\AppData\Local\arduino15\packages\arduino\hardware\sam\1.6.12\variants\arduino_due_x/libsam_sam3x8e_gcc_rel.a(adc.o)
                0x00080b08                adc_configure_trigger
 .text.adc_configure_timing
                0x00080b16       0x1a C:\Users\admin\AppData\Local\arduino15\packages\arduino\hardware\sam\1.6.12\variants\arduino_due_x/libsam_sam3x8e_gcc_rel.a(adc.o)
                0x00080b16                adc_configure_timing
 .text.adc_disable_channel
                0x00080b30        0xa C:\Users\admin\AppData\Local\arduino15\packages\arduino\hardware\sam\1.6.12\variants\arduino_due_x/libsam_sam3x8e_gcc_rel.a(adc.o)
                0x00080b30                adc_disable_channel
 .text.adc_disable_all_channel
                0x00080b3a        0x8 C:\Users\admin\AppData\Local\arduino15\packages\arduino\hardware\sam\1.6.12\variants\arduino_due_x/libsam_sam3x8e_gcc_rel.a(adc.o)
                0x00080b3a                adc_disable_all_channel
 .text.adc_disable_interrupt
                0x00080b42        0x4 C:\Users\admin\AppData\Local\arduino15\packages\arduino\hardware\sam\1.6.12\variants\arduino_due_x/libsam_sam3x8e_gcc_rel.a(adc.o)
                0x00080b42                adc_disable_interrupt
 *fill*         0x00080b46        0x2 
 .text.UOTGHS_Handler
                0x00080b48       0x10 C:\Users\admin\AppData\Local\arduino15\packages\arduino\hardware\sam\1.6.12\variants\arduino_due_x/libsam_sam3x8e_gcc_rel.a(uotghs.o)
                0x00080b48                UOTGHS_Handler
 .text.__halt   0x00080b58        0x2 C:\Users\admin\AppData\Local\Temp\VMBuilds\bitoperations\arduino_due_x_dbg\Debug/core.a(cortex_handlers.c.o)
                0x00080b58                DACC_Handler
                0x00080b58                DebugMon_Handler
                0x00080b58                DMAC_Handler
                0x00080b58                TRNG_Handler
                0x00080b58                HardFault_Handler
                0x00080b58                TC2_Handler
                0x00080b58                TWI1_Handler
                0x00080b58                NMI_Handler
                0x00080b58                TC7_Handler
                0x00080b58                ADC_Handler
                0x00080b58                SMC_Handler
                0x00080b58                RTT_Handler
                0x00080b58                EFC1_Handler
                0x00080b58                PIOB_Handler
                0x00080b58                RTC_Handler
                0x00080b58                UsageFault_Handler
                0x00080b58                TC6_Handler
                0x00080b58                WDT_Handler
                0x00080b58                CAN0_Handler
                0x00080b58                TC4_Handler
                0x00080b58                TC1_Handler
                0x00080b58                HSMCI_Handler
                0x00080b58                TC3_Handler
                0x00080b58                TWI0_Handler
                0x00080b58                PIOA_Handler
                0x00080b58                SSC_Handler
                0x00080b58                EFC0_Handler
                0x00080b58                PMC_Handler
                0x00080b58                PWM_Handler
                0x00080b58                CAN1_Handler
                0x00080b58                MemManage_Handler
                0x00080b58                SUPC_Handler
                0x00080b58                TC8_Handler
                0x00080b58                USART2_Handler
                0x00080b58                PIOD_Handler
                0x00080b58                EMAC_Handler
                0x00080b58                PIOC_Handler
                0x00080b58                BusFault_Handler
                0x00080b58                RSTC_Handler
                0x00080b58                TC0_Handler
                0x00080b58                TC5_Handler
                0x00080b58                SPI0_Handler
 .text.SVC_Handler
                0x00080b5a        0x4 C:\Users\admin\AppData\Local\Temp\VMBuilds\bitoperations\arduino_due_x_dbg\Debug/core.a(cortex_handlers.c.o)
                0x00080b5a                SVC_Handler
 .text.PendSV_Handler
                0x00080b5e        0x4 C:\Users\admin\AppData\Local\Temp\VMBuilds\bitoperations\arduino_due_x_dbg\Debug/core.a(cortex_handlers.c.o)
                0x00080b5e                PendSV_Handler
 .text.SysTick_Handler
                0x00080b62       0x16 C:\Users\admin\AppData\Local\Temp\VMBuilds\bitoperations\arduino_due_x_dbg\Debug/core.a(cortex_handlers.c.o)
                0x00080b62                SysTick_Handler
 .text.__empty  0x00080b78        0x2 C:\Users\admin\AppData\Local\Temp\VMBuilds\bitoperations\arduino_due_x_dbg\Debug/core.a(hooks.c.o)
                0x00080b78                yield
 .text.__false  0x00080b7a        0x4 C:\Users\admin\AppData\Local\Temp\VMBuilds\bitoperations\arduino_due_x_dbg\Debug/core.a(hooks.c.o)
                0x00080b7a                sysTickHook
 .text.__halt   0x00080b7e        0x2 C:\Users\admin\AppData\Local\Temp\VMBuilds\bitoperations\arduino_due_x_dbg\Debug/core.a(hooks.c.o)
                0x00080b7e                svcHook
                0x00080b7e                pendSVHook
 .text._sbrk    0x00080b80       0x1c C:\Users\admin\AppData\Local\Temp\VMBuilds\bitoperations\arduino_due_x_dbg\Debug/core.a(syscalls_sam3.c.o)
                0x00080b80                _sbrk
 .text.link     0x00080b9c        0x6 C:\Users\admin\AppData\Local\Temp\VMBuilds\bitoperations\arduino_due_x_dbg\Debug/core.a(syscalls_sam3.c.o)
                0x00080b9c                link
 .text._close   0x00080ba2        0x6 C:\Users\admin\AppData\Local\Temp\VMBuilds\bitoperations\arduino_due_x_dbg\Debug/core.a(syscalls_sam3.c.o)
                0x00080ba2                _close
 .text._fstat   0x00080ba8        0xa C:\Users\admin\AppData\Local\Temp\VMBuilds\bitoperations\arduino_due_x_dbg\Debug/core.a(syscalls_sam3.c.o)
                0x00080ba8                _fstat
 .text._isatty  0x00080bb2        0x4 C:\Users\admin\AppData\Local\Temp\VMBuilds\bitoperations\arduino_due_x_dbg\Debug/core.a(syscalls_sam3.c.o)
                0x00080bb2                _isatty
 .text._lseek   0x00080bb6        0x4 C:\Users\admin\AppData\Local\Temp\VMBuilds\bitoperations\arduino_due_x_dbg\Debug/core.a(syscalls_sam3.c.o)
                0x00080bb6                _lseek
 .text._read    0x00080bba        0x4 C:\Users\admin\AppData\Local\Temp\VMBuilds\bitoperations\arduino_due_x_dbg\Debug/core.a(syscalls_sam3.c.o)
                0x00080bba                _read
 *fill*         0x00080bbe        0x2 
 .text._write   0x00080bc0       0x24 C:\Users\admin\AppData\Local\Temp\VMBuilds\bitoperations\arduino_due_x_dbg\Debug/core.a(syscalls_sam3.c.o)
                0x00080bc0                _write
 .text._exit    0x00080be4        0x2 C:\Users\admin\AppData\Local\Temp\VMBuilds\bitoperations\arduino_due_x_dbg\Debug/core.a(syscalls_sam3.c.o)
                0x00080be4                _exit
 .text._kill    0x00080be6        0x2 C:\Users\admin\AppData\Local\Temp\VMBuilds\bitoperations\arduino_due_x_dbg\Debug/core.a(syscalls_sam3.c.o)
                0x00080be6                _kill
 .text._getpid  0x00080be8        0x6 C:\Users\admin\AppData\Local\Temp\VMBuilds\bitoperations\arduino_due_x_dbg\Debug/core.a(syscalls_sam3.c.o)
                0x00080be8                _getpid
 .text.millis   0x00080bee        0x4 C:\Users\admin\AppData\Local\Temp\VMBuilds\bitoperations\arduino_due_x_dbg\Debug/core.a(wiring.c.o)
                0x00080bee                millis
 .text.delay    0x00080bf2       0x1c C:\Users\admin\AppData\Local\Temp\VMBuilds\bitoperations\arduino_due_x_dbg\Debug/core.a(wiring.c.o)
                0x00080bf2                delay
 .text.analogOutputInit
                0x00080c0e        0x2 C:\Users\admin\AppData\Local\Temp\VMBuilds\bitoperations\arduino_due_x_dbg\Debug/core.a(wiring_analog.c.o)
                0x00080c0e                analogOutputInit
 .text.pinMode  0x00080c10      0x108 C:\Users\admin\AppData\Local\Temp\VMBuilds\bitoperations\arduino_due_x_dbg\Debug/core.a(wiring_digital.c.o)
                0x00080c10                pinMode
 .text.digitalWrite
                0x00080d18       0x70 C:\Users\admin\AppData\Local\Temp\VMBuilds\bitoperations\arduino_due_x_dbg\Debug/core.a(wiring_digital.c.o)
                0x00080d18                digitalWrite
 .text.initVariant
                0x00080d88        0x2 C:\Users\admin\AppData\Local\Temp\VMBuilds\bitoperations\arduino_due_x_dbg\Debug/core.a(main.cpp.o)
                0x00080d88                initVariant
 *fill*         0x00080d8a        0x2 
 .text.startup.main
                0x00080d8c       0x38 C:\Users\admin\AppData\Local\Temp\VMBuilds\bitoperations\arduino_due_x_dbg\Debug/core.a(main.cpp.o)
                0x00080d8c                main
 .text._ZN5Print5writeEPKhj
                0x00080dc4       0x22 C:\Users\admin\AppData\Local\Temp\VMBuilds\bitoperations\arduino_due_x_dbg\Debug/core.a(Print.cpp.o)
                0x00080dc4                Print::write(unsigned char const*, unsigned int)
 .text._ZN5Print5printEmi.part.3
                0x00080de6        0xc C:\Users\admin\AppData\Local\Temp\VMBuilds\bitoperations\arduino_due_x_dbg\Debug/core.a(Print.cpp.o)
 .text._ZN5Print5writeEPKc
                0x00080df2       0x1e C:\Users\admin\AppData\Local\Temp\VMBuilds\bitoperations\arduino_due_x_dbg\Debug/core.a(Print.cpp.o)
                0x00080df2                Print::write(char const*)
 .text._ZN5Print5printEPKc
                0x00080e10        0x8 C:\Users\admin\AppData\Local\Temp\VMBuilds\bitoperations\arduino_due_x_dbg\Debug/core.a(Print.cpp.o)
                0x00080e10                Print::print(char const*)
 .text._ZN5Print5printEc
                0x00080e18        0xa C:\Users\admin\AppData\Local\Temp\VMBuilds\bitoperations\arduino_due_x_dbg\Debug/core.a(Print.cpp.o)
                0x00080e18                Print::print(char)
 *fill*         0x00080e22        0x2 
 .text._ZN5Print7printlnEv
                0x00080e24       0x10 C:\Users\admin\AppData\Local\Temp\VMBuilds\bitoperations\arduino_due_x_dbg\Debug/core.a(Print.cpp.o)
                0x00080e24                Print::println()
 .text._ZN5Print7printlnEPKc
                0x00080e34       0x14 C:\Users\admin\AppData\Local\Temp\VMBuilds\bitoperations\arduino_due_x_dbg\Debug/core.a(Print.cpp.o)
                0x00080e34                Print::println(char const*)
 .text._ZN5Print11printNumberEmh
                0x00080e48       0x3e C:\Users\admin\AppData\Local\Temp\VMBuilds\bitoperations\arduino_due_x_dbg\Debug/core.a(Print.cpp.o)
                0x00080e48                Print::printNumber(unsigned long, unsigned char)
 .text._ZN5Print5printEli
                0x00080e86       0x3c C:\Users\admin\AppData\Local\Temp\VMBuilds\bitoperations\arduino_due_x_dbg\Debug/core.a(Print.cpp.o)
                0x00080e86                Print::print(long, int)
 .text._ZN5Print5printEii
                0x00080ec2        0x4 C:\Users\admin\AppData\Local\Temp\VMBuilds\bitoperations\arduino_due_x_dbg\Debug/core.a(Print.cpp.o)
                0x00080ec2                Print::print(int, int)
 .text._ZN5Print7printlnEii
                0x00080ec6       0x14 C:\Users\admin\AppData\Local\Temp\VMBuilds\bitoperations\arduino_due_x_dbg\Debug/core.a(Print.cpp.o)
                0x00080ec6                Print::println(int, int)
 .text._ZN5Print5printEmi
                0x00080eda        0xc C:\Users\admin\AppData\Local\Temp\VMBuilds\bitoperations\arduino_due_x_dbg\Debug/core.a(Print.cpp.o)
                0x00080eda                Print::print(unsigned long, int)
 .text._ZN5Print5printEhi
                0x00080ee6        0x4 C:\Users\admin\AppData\Local\Temp\VMBuilds\bitoperations\arduino_due_x_dbg\Debug/core.a(Print.cpp.o)
                0x00080ee6                Print::print(unsigned char, int)
 *fill*         0x00080eea        0x2 
 .text.initiateReset
                0x00080eec        0xc C:\Users\admin\AppData\Local\Temp\VMBuilds\bitoperations\arduino_due_x_dbg\Debug/core.a(Reset.cpp.o)
                0x00080eec                initiateReset
 .text.cancelReset
                0x00080ef8       0x10 C:\Users\admin\AppData\Local\Temp\VMBuilds\bitoperations\arduino_due_x_dbg\Debug/core.a(Reset.cpp.o)
                0x00080ef8                cancelReset
 .text.tickReset
                0x00080f08       0x20 C:\Users\admin\AppData\Local\Temp\VMBuilds\bitoperations\arduino_due_x_dbg\Debug/core.a(Reset.cpp.o)
                0x00080f08                tickReset
 .text._ZN10RingBufferC2Ev
                0x00080f28       0x1a C:\Users\admin\AppData\Local\Temp\VMBuilds\bitoperations\arduino_due_x_dbg\Debug/core.a(RingBuffer.cpp.o)
                0x00080f28                RingBuffer::RingBuffer()
                0x00080f28                RingBuffer::RingBuffer()
 .text._ZN10RingBuffer10store_charEh
                0x00080f42       0x1e C:\Users\admin\AppData\Local\Temp\VMBuilds\bitoperations\arduino_due_x_dbg\Debug/core.a(RingBuffer.cpp.o)
                0x00080f42                RingBuffer::store_char(unsigned char)
 .text._ZN9UARTClasscvbEv
                0x00080f60        0x4 C:\Users\admin\AppData\Local\Temp\VMBuilds\bitoperations\arduino_due_x_dbg\Debug/core.a(UARTClass.cpp.o)
                0x00080f60                UARTClass::operator bool()
 .text._ZN9UARTClass9availableEv
                0x00080f64       0x12 C:\Users\admin\AppData\Local\Temp\VMBuilds\bitoperations\arduino_due_x_dbg\Debug/core.a(UARTClass.cpp.o)
                0x00080f64                UARTClass::available()
 .text._ZN9UARTClass4peekEv
                0x00080f76       0x1c C:\Users\admin\AppData\Local\Temp\VMBuilds\bitoperations\arduino_due_x_dbg\Debug/core.a(UARTClass.cpp.o)
                0x00080f76                UARTClass::peek()
 .text._ZN9UARTClass4readEv
                0x00080f92       0x2a C:\Users\admin\AppData\Local\Temp\VMBuilds\bitoperations\arduino_due_x_dbg\Debug/core.a(UARTClass.cpp.o)
                0x00080f92                UARTClass::read()
 .text._ZN9UARTClass5flushEv
                0x00080fbc       0x18 C:\Users\admin\AppData\Local\Temp\VMBuilds\bitoperations\arduino_due_x_dbg\Debug/core.a(UARTClass.cpp.o)
                0x00080fbc                UARTClass::flush()
 .text._ZN9UARTClass5writeEh
                0x00080fd4       0x54 C:\Users\admin\AppData\Local\Temp\VMBuilds\bitoperations\arduino_due_x_dbg\Debug/core.a(UARTClass.cpp.o)
                0x00080fd4                UARTClass::write(unsigned char)
 .text._ZN9UARTClass3endEv
                0x00081028       0x3c C:\Users\admin\AppData\Local\Temp\VMBuilds\bitoperations\arduino_due_x_dbg\Debug/core.a(UARTClass.cpp.o)
                0x00081028                UARTClass::end()
 .text._ZN9UARTClassC2EP4Uart4IRQnmP10RingBufferS4_
                0x00081064       0x24 C:\Users\admin\AppData\Local\Temp\VMBuilds\bitoperations\arduino_due_x_dbg\Debug/core.a(UARTClass.cpp.o)
                0x00081064                UARTClass::UARTClass(Uart*, IRQn, unsigned long, RingBuffer*, RingBuffer*)
                0x00081064                UARTClass::UARTClass(Uart*, IRQn, unsigned long, RingBuffer*, RingBuffer*)
 .text._ZN9UARTClass4initEmm
                0x00081088       0x70 C:\Users\admin\AppData\Local\Temp\VMBuilds\bitoperations\arduino_due_x_dbg\Debug/core.a(UARTClass.cpp.o)
                0x00081088                UARTClass::init(unsigned long, unsigned long)
 .text._ZN9UARTClass5beginEm
                0x000810f8        0x8 C:\Users\admin\AppData\Local\Temp\VMBuilds\bitoperations\arduino_due_x_dbg\Debug/core.a(UARTClass.cpp.o)
                0x000810f8                UARTClass::begin(unsigned long)
 .text._ZN9UARTClass10IrqHandlerEv
                0x00081100       0x5a C:\Users\admin\AppData\Local\Temp\VMBuilds\bitoperations\arduino_due_x_dbg\Debug/core.a(UARTClass.cpp.o)
                0x00081100                UARTClass::IrqHandler()
 .text._ZN10USARTClass5beginEm
                0x0008115a        0x8 C:\Users\admin\AppData\Local\Temp\VMBuilds\bitoperations\arduino_due_x_dbg\Debug/core.a(USARTClass.cpp.o)
                0x0008115a                USARTClass::begin(unsigned long)
 *fill*         0x00081162        0x2 
 .text._ZN10USARTClassC2EP5Usart4IRQnmP10RingBufferS4_
                0x00081164       0x24 C:\Users\admin\AppData\Local\Temp\VMBuilds\bitoperations\arduino_due_x_dbg\Debug/core.a(USARTClass.cpp.o)
                0x00081164                USARTClass::USARTClass(Usart*, IRQn, unsigned long, RingBuffer*, RingBuffer*)
                0x00081164                USARTClass::USARTClass(Usart*, IRQn, unsigned long, RingBuffer*, RingBuffer*)
 .text._watchdogDefaultSetup
                0x00081188        0xc C:\Users\admin\AppData\Local\Temp\VMBuilds\bitoperations\arduino_due_x_dbg\Debug/core.a(watchdog.cpp.o)
                0x00081188                _watchdogDefaultSetup
                0x00081188                watchdogSetup()
 .text.unlikely._ZL11USB_SendZlpv
                0x00081194       0x20 C:\Users\admin\AppData\Local\Temp\VMBuilds\bitoperations\arduino_due_x_dbg\Debug/core.a(USBCore.cpp.o)
 .text._Z14USBD_Availablem
                0x000811b4       0x2c C:\Users\admin\AppData\Local\Temp\VMBuilds\bitoperations\arduino_due_x_dbg\Debug/core.a(USBCore.cpp.o)
                0x000811b4                USBD_Available(unsigned long)
 .text._Z9USBD_RecvmPvm
                0x000811e0       0x7c C:\Users\admin\AppData\Local\Temp\VMBuilds\bitoperations\arduino_due_x_dbg\Debug/core.a(USBCore.cpp.o)
                0x000811e0                USBD_Recv(unsigned long, void*, unsigned long)
 .text._Z9USBD_Recvm
                0x0008125c       0x22 C:\Users\admin\AppData\Local\Temp\VMBuilds\bitoperations\arduino_due_x_dbg\Debug/core.a(USBCore.cpp.o)
                0x0008125c                USBD_Recv(unsigned long)
 *fill*         0x0008127e        0x2 
 .text._Z9USBD_SendmPKvm
                0x00081280       0x4c C:\Users\admin\AppData\Local\Temp\VMBuilds\bitoperations\arduino_due_x_dbg\Debug/core.a(USBCore.cpp.o)
                0x00081280                USBD_Send(unsigned long, void const*, unsigned long)
 .text._Z16USBD_SendControlhPKvm
                0x000812cc       0x40 C:\Users\admin\AppData\Local\Temp\VMBuilds\bitoperations\arduino_due_x_dbg\Debug/core.a(USBCore.cpp.o)
                0x000812cc                USBD_SendControl(unsigned char, void const*, unsigned long)
 .text.unlikely._ZL24USB_SendStringDescriptorPKhi
                0x0008130c       0x64 C:\Users\admin\AppData\Local\Temp\VMBuilds\bitoperations\arduino_due_x_dbg\Debug/core.a(USBCore.cpp.o)
 .text._Z16USBD_RecvControlPvm
                0x00081370       0x1c C:\Users\admin\AppData\Local\Temp\VMBuilds\bitoperations\arduino_due_x_dbg\Debug/core.a(USBCore.cpp.o)
                0x00081370                USBD_RecvControl(void*, unsigned long)
 .text._Z26USBD_ClassInterfaceRequestR8USBSetup
                0x0008138c       0x1e C:\Users\admin\AppData\Local\Temp\VMBuilds\bitoperations\arduino_due_x_dbg\Debug/core.a(USBCore.cpp.o)
                0x0008138c                USBD_ClassInterfaceRequest(USBSetup&)
 .text._Z19USBD_SendInterfacesv
                0x000813aa       0x22 C:\Users\admin\AppData\Local\Temp\VMBuilds\bitoperations\arduino_due_x_dbg\Debug/core.a(USBCore.cpp.o)
                0x000813aa                USBD_SendInterfaces()
 .text._Z24USBD_SendOtherInterfacesv
                0x000813cc       0x22 C:\Users\admin\AppData\Local\Temp\VMBuilds\bitoperations\arduino_due_x_dbg\Debug/core.a(USBCore.cpp.o)
                0x000813cc                USBD_SendOtherInterfaces()
 .text._Z10USBD_Flushm
                0x000813ee       0x16 C:\Users\admin\AppData\Local\Temp\VMBuilds\bitoperations\arduino_due_x_dbg\Debug/core.a(USBCore.cpp.o)
                0x000813ee                USBD_Flush(unsigned long)
 .text._ZN10USBDevice_C2Ev
                0x00081404       0x24 C:\Users\admin\AppData\Local\Temp\VMBuilds\bitoperations\arduino_due_x_dbg\Debug/core.a(USBCore.cpp.o)
                0x00081404                USBDevice_::USBDevice_()
                0x00081404                USBDevice_::USBDevice_()
 .text._ZN10USBDevice_6attachEv
                0x00081428       0x20 C:\Users\admin\AppData\Local\Temp\VMBuilds\bitoperations\arduino_due_x_dbg\Debug/core.a(USBCore.cpp.o)
                0x00081428                USBDevice_::attach()
 .text.startup._GLOBAL__sub_I_EndPoints
                0x00081448        0xc C:\Users\admin\AppData\Local\Temp\VMBuilds\bitoperations\arduino_due_x_dbg\Debug/core.a(USBCore.cpp.o)
 .text._ZL7USB_ISRv
                0x00081454      0x454 C:\Users\admin\AppData\Local\Temp\VMBuilds\bitoperations\arduino_due_x_dbg\Debug/core.a(USBCore.cpp.o)
 .text._ZN7Serial_9availableEv
                0x000818a8       0x18 C:\Users\admin\AppData\Local\Temp\VMBuilds\bitoperations\arduino_due_x_dbg\Debug/core.a(CDC.cpp.o)
                0x000818a8                Serial_::available()
 .text._ZN7Serial_17availableForWriteEv
                0x000818c0        0x6 C:\Users\admin\AppData\Local\Temp\VMBuilds\bitoperations\arduino_due_x_dbg\Debug/core.a(CDC.cpp.o)
                0x000818c0                Serial_::availableForWrite()
 *fill*         0x000818c6        0x2 
 .text._ZN7Serial_4peekEv
                0x000818c8       0x20 C:\Users\admin\AppData\Local\Temp\VMBuilds\bitoperations\arduino_due_x_dbg\Debug/core.a(CDC.cpp.o)
                0x000818c8                Serial_::peek()
 .text._ZN7Serial_5writeEh
                0x000818e8       0x16 C:\Users\admin\AppData\Local\Temp\VMBuilds\bitoperations\arduino_due_x_dbg\Debug/core.a(CDC.cpp.o)
                0x000818e8                Serial_::write(unsigned char)
 *fill*         0x000818fe        0x2 
 .text._ZN7Serial_4readEv
                0x00081900       0x44 C:\Users\admin\AppData\Local\Temp\VMBuilds\bitoperations\arduino_due_x_dbg\Debug/core.a(CDC.cpp.o)
                0x00081900                Serial_::read()
 .text._ZN7Serial_5flushEv
                0x00081944        0x6 C:\Users\admin\AppData\Local\Temp\VMBuilds\bitoperations\arduino_due_x_dbg\Debug/core.a(CDC.cpp.o)
                0x00081944                Serial_::flush()
 *fill*         0x0008194a        0x2 
 .text._ZN7Serial_6acceptEv
                0x0008194c       0x70 C:\Users\admin\AppData\Local\Temp\VMBuilds\bitoperations\arduino_due_x_dbg\Debug/core.a(CDC.cpp.o)
                0x0008194c                Serial_::accept()
 .text._ZN7Serial_5writeEPKhj
                0x000819bc       0x2c C:\Users\admin\AppData\Local\Temp\VMBuilds\bitoperations\arduino_due_x_dbg\Debug/core.a(CDC.cpp.o)
                0x000819bc                Serial_::write(unsigned char const*, unsigned int)
 .text._Z16CDC_GetInterfacePh
                0x000819e8       0x14 C:\Users\admin\AppData\Local\Temp\VMBuilds\bitoperations\arduino_due_x_dbg\Debug/core.a(CDC.cpp.o)
                0x000819e8                CDC_GetInterface(unsigned char*)
 .text._Z21CDC_GetOtherInterfacePh
                0x000819fc       0x14 C:\Users\admin\AppData\Local\Temp\VMBuilds\bitoperations\arduino_due_x_dbg\Debug/core.a(CDC.cpp.o)
                0x000819fc                CDC_GetOtherInterface(unsigned char*)
 .text._Z9CDC_SetupR8USBSetup
                0x00081a10       0x78 C:\Users\admin\AppData\Local\Temp\VMBuilds\bitoperations\arduino_due_x_dbg\Debug/core.a(CDC.cpp.o)
                0x00081a10                CDC_Setup(USBSetup&)
 .text.startup._GLOBAL__sub_I_cdc_rx_buffer
                0x00081a88       0x1c C:\Users\admin\AppData\Local\Temp\VMBuilds\bitoperations\arduino_due_x_dbg\Debug/core.a(CDC.cpp.o)
 .text._ZN13PluggableUSB_12getInterfaceEPh
                0x00081aa4       0x28 C:\Users\admin\AppData\Local\Temp\VMBuilds\bitoperations\arduino_due_x_dbg\Debug/core.a(PluggableUSB.cpp.o)
                0x00081aa4                PluggableUSB_::getInterface(unsigned char*)
 .text._ZN13PluggableUSB_13getDescriptorER8USBSetup
                0x00081acc       0x1c C:\Users\admin\AppData\Local\Temp\VMBuilds\bitoperations\arduino_due_x_dbg\Debug/core.a(PluggableUSB.cpp.o)
                0x00081acc                PluggableUSB_::getDescriptor(USBSetup&)
 .text._ZN13PluggableUSB_12getShortNameEPc
                0x00081ae8       0x1c C:\Users\admin\AppData\Local\Temp\VMBuilds\bitoperations\arduino_due_x_dbg\Debug/core.a(PluggableUSB.cpp.o)
                0x00081ae8                PluggableUSB_::getShortName(char*)
 .text._ZN13PluggableUSB_5setupER8USBSetup
                0x00081b04       0x20 C:\Users\admin\AppData\Local\Temp\VMBuilds\bitoperations\arduino_due_x_dbg\Debug/core.a(PluggableUSB.cpp.o)
                0x00081b04                PluggableUSB_::setup(USBSetup&)
 .text._Z12PluggableUSBv
                0x00081b24       0x28 C:\Users\admin\AppData\Local\Temp\VMBuilds\bitoperations\arduino_due_x_dbg\Debug/core.a(PluggableUSB.cpp.o)
                0x00081b24                PluggableUSB()
 .text.TimeTick_Increment
                0x00081b4c       0x10 C:\Users\admin\AppData\Local\arduino15\packages\arduino\hardware\sam\1.6.12\variants\arduino_due_x/libsam_sam3x8e_gcc_rel.a(timetick.o)
                0x00081b4c                TimeTick_Increment
 .text.GetTickCount
                0x00081b5c        0xc C:\Users\admin\AppData\Local\arduino15\packages\arduino\hardware\sam\1.6.12\variants\arduino_due_x/libsam_sam3x8e_gcc_rel.a(timetick.o)
                0x00081b5c                GetTickCount
 .text.WDT_Disable
                0x00081b68        0x8 C:\Users\admin\AppData\Local\arduino15\packages\arduino\hardware\sam\1.6.12\variants\arduino_due_x/libsam_sam3x8e_gcc_rel.a(wdt.o)
                0x00081b68                WDT_Disable
 .text.UDD_SetStack
                0x00081b70        0xc C:\Users\admin\AppData\Local\arduino15\packages\arduino\hardware\sam\1.6.12\variants\arduino_due_x/libsam_sam3x8e_gcc_rel.a(uotghs_device.o)
                0x00081b70                UDD_SetStack
 .text.UDD_Init
                0x00081b7c       0xd0 C:\Users\admin\AppData\Local\arduino15\packages\arduino\hardware\sam\1.6.12\variants\arduino_due_x/libsam_sam3x8e_gcc_rel.a(uotghs_device.o)
                0x00081b7c                UDD_Init
 .text.UDD_Attach
                0x00081c4c       0x50 C:\Users\admin\AppData\Local\arduino15\packages\arduino\hardware\sam\1.6.12\variants\arduino_due_x/libsam_sam3x8e_gcc_rel.a(uotghs_device.o)
                0x00081c4c                UDD_Attach
 .text.UDD_InitEP
                0x00081c9c       0x2c C:\Users\admin\AppData\Local\arduino15\packages\arduino\hardware\sam\1.6.12\variants\arduino_due_x/libsam_sam3x8e_gcc_rel.a(uotghs_device.o)
                0x00081c9c                UDD_InitEP
 .text.UDD_InitEndpoints
                0x00081cc8       0x3c C:\Users\admin\AppData\Local\arduino15\packages\arduino\hardware\sam\1.6.12\variants\arduino_due_x/libsam_sam3x8e_gcc_rel.a(uotghs_device.o)
                0x00081cc8                UDD_InitEndpoints
 .text.UDD_WaitIN
                0x00081d04       0x10 C:\Users\admin\AppData\Local\arduino15\packages\arduino\hardware\sam\1.6.12\variants\arduino_due_x/libsam_sam3x8e_gcc_rel.a(uotghs_device.o)
                0x00081d04                UDD_WaitIN
 .text.UDD_WaitOUT
                0x00081d14       0x10 C:\Users\admin\AppData\Local\arduino15\packages\arduino\hardware\sam\1.6.12\variants\arduino_due_x/libsam_sam3x8e_gcc_rel.a(uotghs_device.o)
                0x00081d14                UDD_WaitOUT
 .text.UDD_ClearIN
                0x00081d24       0x18 C:\Users\admin\AppData\Local\arduino15\packages\arduino\hardware\sam\1.6.12\variants\arduino_due_x/libsam_sam3x8e_gcc_rel.a(uotghs_device.o)
                0x00081d24                UDD_ClearIN
 .text.UDD_ClearOUT
                0x00081d3c       0x18 C:\Users\admin\AppData\Local\arduino15\packages\arduino\hardware\sam\1.6.12\variants\arduino_due_x/libsam_sam3x8e_gcc_rel.a(uotghs_device.o)
                0x00081d3c                UDD_ClearOUT
 .text.UDD_ReceivedSetupInt
                0x00081d54       0x10 C:\Users\admin\AppData\Local\arduino15\packages\arduino\hardware\sam\1.6.12\variants\arduino_due_x/libsam_sam3x8e_gcc_rel.a(uotghs_device.o)
                0x00081d54                UDD_ReceivedSetupInt
 .text.UDD_ClearSetupInt
                0x00081d64       0x10 C:\Users\admin\AppData\Local\arduino15\packages\arduino\hardware\sam\1.6.12\variants\arduino_due_x/libsam_sam3x8e_gcc_rel.a(uotghs_device.o)
                0x00081d64                UDD_ClearSetupInt
 .text.UDD_Send
                0x00081d74       0x88 C:\Users\admin\AppData\Local\arduino15\packages\arduino\hardware\sam\1.6.12\variants\arduino_due_x/libsam_sam3x8e_gcc_rel.a(uotghs_device.o)
                0x00081d74                UDD_Send
 .text.UDD_Send8
                0x00081dfc       0x24 C:\Users\admin\AppData\Local\arduino15\packages\arduino\hardware\sam\1.6.12\variants\arduino_due_x/libsam_sam3x8e_gcc_rel.a(uotghs_device.o)
                0x00081dfc                UDD_Send8
 .text.UDD_Recv8
                0x00081e20       0x28 C:\Users\admin\AppData\Local\arduino15\packages\arduino\hardware\sam\1.6.12\variants\arduino_due_x/libsam_sam3x8e_gcc_rel.a(uotghs_device.o)
                0x00081e20                UDD_Recv8
 .text.UDD_Recv
                0x00081e48       0x34 C:\Users\admin\AppData\Local\arduino15\packages\arduino\hardware\sam\1.6.12\variants\arduino_due_x/libsam_sam3x8e_gcc_rel.a(uotghs_device.o)
                0x00081e48                UDD_Recv
 .text.UDD_Stall
                0x00081e7c       0x14 C:\Users\admin\AppData\Local\arduino15\packages\arduino\hardware\sam\1.6.12\variants\arduino_due_x/libsam_sam3x8e_gcc_rel.a(uotghs_device.o)
                0x00081e7c                UDD_Stall
 .text.UDD_FifoByteCount
                0x00081e90       0x14 C:\Users\admin\AppData\Local\arduino15\packages\arduino\hardware\sam\1.6.12\variants\arduino_due_x/libsam_sam3x8e_gcc_rel.a(uotghs_device.o)
                0x00081e90                UDD_FifoByteCount
 .text.UDD_ReleaseRX
                0x00081ea4       0x28 C:\Users\admin\AppData\Local\arduino15\packages\arduino\hardware\sam\1.6.12\variants\arduino_due_x/libsam_sam3x8e_gcc_rel.a(uotghs_device.o)
                0x00081ea4                UDD_ReleaseRX
 .text.UDD_ReleaseTX
                0x00081ecc       0x28 C:\Users\admin\AppData\Local\arduino15\packages\arduino\hardware\sam\1.6.12\variants\arduino_due_x/libsam_sam3x8e_gcc_rel.a(uotghs_device.o)
                0x00081ecc                UDD_ReleaseTX
 .text.UDD_SetAddress
                0x00081ef4       0x20 C:\Users\admin\AppData\Local\arduino15\packages\arduino\hardware\sam\1.6.12\variants\arduino_due_x/libsam_sam3x8e_gcc_rel.a(uotghs_device.o)
                0x00081ef4                UDD_SetAddress
 .text.atoi     0x00081f14        0x8 c:/users/admin/appdata/local/arduino15/packages/arduino/tools/arm-none-eabi-gcc/4.8.3-2014q1/bin/../lib/gcc/arm-none-eabi/4.8.3/../../../../arm-none-eabi/lib/armv7-m\libc.a(lib_a-atoi.o)
                0x00081f14                atoi
 .text.__libc_init_array
                0x00081f1c       0x50 c:/users/admin/appdata/local/arduino15/packages/arduino/tools/arm-none-eabi-gcc/4.8.3-2014q1/bin/../lib/gcc/arm-none-eabi/4.8.3/../../../../arm-none-eabi/lib/armv7-m\libc.a(lib_a-init.o)
                0x00081f1c                __libc_init_array
 .text.memset   0x00081f6c       0x94 c:/users/admin/appdata/local/arduino15/packages/arduino/tools/arm-none-eabi-gcc/4.8.3-2014q1/bin/../lib/gcc/arm-none-eabi/4.8.3/../../../../arm-none-eabi/lib/armv7-m\libc.a(lib_a-memset.o)
                0x00081f6c                memset
 .text.strlen   0x00082000       0x60 c:/users/admin/appdata/local/arduino15/packages/arduino/tools/arm-none-eabi-gcc/4.8.3-2014q1/bin/../lib/gcc/arm-none-eabi/4.8.3/../../../../arm-none-eabi/lib/armv7-m\libc.a(lib_a-strlen.o)
                0x00082000                strlen
 .text._strtol_r
                0x00082060      0x114 c:/users/admin/appdata/local/arduino15/packages/arduino/tools/arm-none-eabi-gcc/4.8.3-2014q1/bin/../lib/gcc/arm-none-eabi/4.8.3/../../../../arm-none-eabi/lib/armv7-m\libc.a(lib_a-strtol.o)
                0x00082060                _strtol_r
 .text.strtol   0x00082174       0x18 c:/users/admin/appdata/local/arduino15/packages/arduino/tools/arm-none-eabi-gcc/4.8.3-2014q1/bin/../lib/gcc/arm-none-eabi/4.8.3/../../../../arm-none-eabi/lib/armv7-m\libc.a(lib_a-strtol.o)
                0x00082174                strtol
 .text.kill     0x0008218c       0x10 c:/users/admin/appdata/local/arduino15/packages/arduino/tools/arm-none-eabi-gcc/4.8.3-2014q1/bin/../lib/gcc/arm-none-eabi/4.8.3/../../../../arm-none-eabi/lib/armv7-m\libc.a(lib_a-syskill.o)
                0x0008218c                kill
 .text.startup.register_fini
                0x0008219c       0x14 c:/users/admin/appdata/local/arduino15/packages/arduino/tools/arm-none-eabi-gcc/4.8.3-2014q1/bin/../lib/gcc/arm-none-eabi/4.8.3/../../../../arm-none-eabi/lib/armv7-m\libc.a(lib_a-__call_atexit.o)
 .text.atexit   0x000821b0        0xc c:/users/admin/appdata/local/arduino15/packages/arduino/tools/arm-none-eabi-gcc/4.8.3-2014q1/bin/../lib/gcc/arm-none-eabi/4.8.3/../../../../arm-none-eabi/lib/armv7-m\libc.a(lib_a-atexit.o)
                0x000821b0                atexit
 .text.__libc_fini_array
                0x000821bc       0x30 c:/users/admin/appdata/local/arduino15/packages/arduino/tools/arm-none-eabi-gcc/4.8.3-2014q1/bin/../lib/gcc/arm-none-eabi/4.8.3/../../../../arm-none-eabi/lib/armv7-m\libc.a(lib_a-fini.o)
                0x000821bc                __libc_fini_array
 .text._kill_r  0x000821ec       0x28 c:/users/admin/appdata/local/arduino15/packages/arduino/tools/arm-none-eabi-gcc/4.8.3-2014q1/bin/../lib/gcc/arm-none-eabi/4.8.3/../../../../arm-none-eabi/lib/armv7-m\libc.a(lib_a-signalr.o)
                0x000821ec                _kill_r
 .text.__register_exitproc
                0x00082214       0xa8 c:/users/admin/appdata/local/arduino15/packages/arduino/tools/arm-none-eabi-gcc/4.8.3-2014q1/bin/../lib/gcc/arm-none-eabi/4.8.3/../../../../arm-none-eabi/lib/armv7-m\libc.a(lib_a-__atexit.o)
                0x00082214                __register_exitproc
 *(.glue_7t)
 .glue_7t       0x00000000        0x0 linker stubs
 *(.glue_7)
 .glue_7        0x00000000        0x0 linker stubs
 *(.rodata .rodata* .gnu.linkonce.r.*)
 .rodata.str1.1
                0x000822bc       0x36 bitoperations.cpp.o
 .rodata.str1.1
                0x000822f2       0x68 VM_DBG\VM_DBG.cpp.o
                                 0x6a (size before relaxing)
 *fill*         0x0008235a        0x2 
 .rodata.g_APinDescription
                0x0008235c      0xa2c C:\Users\admin\AppData\Local\Temp\VMBCore\arduino16x\3a1ce282f4257c2ef3c891a04e554e56\variant\variant.cpp.o
                0x0008235c                g_APinDescription
 .rodata        0x00082d88       0x40 C:\Users\admin\AppData\Local\arduino15\packages\arduino\hardware\sam\1.6.12\variants\arduino_due_x/libsam_sam3x8e_gcc_rel.a(adc.o)
 .rodata.str1.1
                0x00082dc8        0xc C:\Users\admin\AppData\Local\Temp\VMBuilds\bitoperations\arduino_due_x_dbg\Debug/core.a(Print.cpp.o)
                                  0xf (size before relaxing)
 *fill*         0x00082dd4        0x4 
 .rodata._ZTV9UARTClass
                0x00082dd8       0x30 C:\Users\admin\AppData\Local\Temp\VMBuilds\bitoperations\arduino_due_x_dbg\Debug/core.a(UARTClass.cpp.o)
                0x00082dd8                vtable for UARTClass
 .rodata._ZTV10USARTClass
                0x00082e08       0x30 C:\Users\admin\AppData\Local\Temp\VMBuilds\bitoperations\arduino_due_x_dbg\Debug/core.a(USARTClass.cpp.o)
                0x00082e08                vtable for USARTClass
 .rodata.STRING_PRODUCT
                0x00082e38        0xc C:\Users\admin\AppData\Local\Temp\VMBuilds\bitoperations\arduino_due_x_dbg\Debug/core.a(USBCore.cpp.o)
                0x00082e38                STRING_PRODUCT
 .rodata.USB_DeviceDescriptor
                0x00082e44       0x12 C:\Users\admin\AppData\Local\Temp\VMBuilds\bitoperations\arduino_due_x_dbg\Debug/core.a(USBCore.cpp.o)
                0x00082e44                USB_DeviceDescriptor
 .rodata.STRING_LANGUAGE
                0x00082e56        0x4 C:\Users\admin\AppData\Local\Temp\VMBuilds\bitoperations\arduino_due_x_dbg\Debug/core.a(USBCore.cpp.o)
                0x00082e56                STRING_LANGUAGE
 .rodata._ZL18test_packet_buffer
                0x00082e5a       0x35 C:\Users\admin\AppData\Local\Temp\VMBuilds\bitoperations\arduino_due_x_dbg\Debug/core.a(USBCore.cpp.o)
 .rodata.STRING_MANUFACTURER
                0x00082e8f        0xc C:\Users\admin\AppData\Local\Temp\VMBuilds\bitoperations\arduino_due_x_dbg\Debug/core.a(USBCore.cpp.o)
                0x00082e8f                STRING_MANUFACTURER
 .rodata.USB_DeviceDescriptorA
                0x00082e9b       0x12 C:\Users\admin\AppData\Local\Temp\VMBuilds\bitoperations\arduino_due_x_dbg\Debug/core.a(USBCore.cpp.o)
                0x00082e9b                USB_DeviceDescriptorA
 .rodata._ZL19USB_DeviceQualifier
                0x00082ead        0x9 C:\Users\admin\AppData\Local\Temp\VMBuilds\bitoperations\arduino_due_x_dbg\Debug/core.a(USBCore.cpp.o)
 *fill*         0x00082eb6        0x2 
 .rodata._ZTV7Serial_
                0x00082eb8       0x28 C:\Users\admin\AppData\Local\Temp\VMBuilds\bitoperations\arduino_due_x_dbg\Debug/core.a(CDC.cpp.o)
                0x00082eb8                vtable for Serial_
 .rodata._ZL18_cdcOtherInterface
                0x00082ee0       0x42 C:\Users\admin\AppData\Local\Temp\VMBuilds\bitoperations\arduino_due_x_dbg\Debug/core.a(CDC.cpp.o)
 .rodata._ZL13_cdcInterface
                0x00082f22       0x42 C:\Users\admin\AppData\Local\Temp\VMBuilds\bitoperations\arduino_due_x_dbg\Debug/core.a(CDC.cpp.o)
 .rodata.str1.4
                0x00082f64        0x4 c:/users/admin/appdata/local/arduino15/packages/arduino/tools/arm-none-eabi-gcc/4.8.3-2014q1/bin/../lib/gcc/arm-none-eabi/4.8.3/../../../../arm-none-eabi/lib/armv7-m\libc.a(lib_a-impure.o)
 .rodata._global_impure_ptr
                0x00082f68        0x4 c:/users/admin/appdata/local/arduino15/packages/arduino/tools/arm-none-eabi-gcc/4.8.3-2014q1/bin/../lib/gcc/arm-none-eabi/4.8.3/../../../../arm-none-eabi/lib/armv7-m\libc.a(lib_a-impure.o)
                0x00082f68                _global_impure_ptr
 .rodata._ctype_
                0x00082f6c      0x104 c:/users/admin/appdata/local/arduino15/packages/arduino/tools/arm-none-eabi-gcc/4.8.3-2014q1/bin/../lib/gcc/arm-none-eabi/4.8.3/../../../../arm-none-eabi/lib/armv7-m\libc.a(lib_a-ctype_.o)
                0x00082f6c                _ctype_
 *(.ARM.extab* .gnu.linkonce.armextab.*)
                0x00083070                . = ALIGN (0x4)
 *(.init)
 .init          0x00083070        0x4 c:/users/admin/appdata/local/arduino15/packages/arduino/tools/arm-none-eabi-gcc/4.8.3-2014q1/bin/../lib/gcc/arm-none-eabi/4.8.3/armv7-m/crti.o
                0x00083070                _init
 .init          0x00083074        0x8 c:/users/admin/appdata/local/arduino15/packages/arduino/tools/arm-none-eabi-gcc/4.8.3-2014q1/bin/../lib/gcc/arm-none-eabi/4.8.3/armv7-m/crtn.o
                0x0008307c                . = ALIGN (0x4)
                0x0008307c                __preinit_array_start = .
 *(.preinit_array)
                0x0008307c                __preinit_array_end = .
                0x0008307c                . = ALIGN (0x4)
                0x0008307c                __init_array_start = .
 *(SORT(.init_array.*))
 .init_array.00000
                0x0008307c        0x4 c:/users/admin/appdata/local/arduino15/packages/arduino/tools/arm-none-eabi-gcc/4.8.3-2014q1/bin/../lib/gcc/arm-none-eabi/4.8.3/../../../../arm-none-eabi/lib/armv7-m\libc.a(lib_a-__call_atexit.o)
 *(.init_array)
 .init_array    0x00083080        0x4 c:/users/admin/appdata/local/arduino15/packages/arduino/tools/arm-none-eabi-gcc/4.8.3-2014q1/bin/../lib/gcc/arm-none-eabi/4.8.3/armv7-m/crtbegin.o
 .init_array    0x00083084        0x4 bitoperations.cpp.o
 .init_array    0x00083088        0x4 VM_DBG\VM_DBG.cpp.o
 .init_array    0x0008308c        0x4 C:\Users\admin\AppData\Local\Temp\VMBCore\arduino16x\3a1ce282f4257c2ef3c891a04e554e56\variant\variant.cpp.o
 .init_array    0x00083090        0x4 C:\Users\admin\AppData\Local\Temp\VMBuilds\bitoperations\arduino_due_x_dbg\Debug/core.a(USBCore.cpp.o)
 .init_array    0x00083094        0x4 C:\Users\admin\AppData\Local\Temp\VMBuilds\bitoperations\arduino_due_x_dbg\Debug/core.a(CDC.cpp.o)
                0x00083098                __init_array_end = .
                0x00083098                . = ALIGN (0x4)
 *crtbegin.o(.ctors)
 *(EXCLUDE_FILE(*crtend.o) .ctors)
 *(SORT(.ctors.*))
 *crtend.o(.ctors)
                0x00083098                . = ALIGN (0x4)
 *(.fini)
 .fini          0x00083098        0x4 c:/users/admin/appdata/local/arduino15/packages/arduino/tools/arm-none-eabi-gcc/4.8.3-2014q1/bin/../lib/gcc/arm-none-eabi/4.8.3/armv7-m/crti.o
                0x00083098                _fini
 .fini          0x0008309c        0x8 c:/users/admin/appdata/local/arduino15/packages/arduino/tools/arm-none-eabi-gcc/4.8.3-2014q1/bin/../lib/gcc/arm-none-eabi/4.8.3/armv7-m/crtn.o
                0x000830a4                . = ALIGN (0x4)
                0x000830a4                __fini_array_start = .
 *(.fini_array)
 .fini_array    0x000830a4        0x4 c:/users/admin/appdata/local/arduino15/packages/arduino/tools/arm-none-eabi-gcc/4.8.3-2014q1/bin/../lib/gcc/arm-none-eabi/4.8.3/armv7-m/crtbegin.o
 *(SORT(.fini_array.*))
                0x000830a8                __fini_array_end = .
 *crtbegin.o(.dtors)
 *(EXCLUDE_FILE(*crtend.o) .dtors)
 *(SORT(.dtors.*))
 *crtend.o(.dtors)
                0x000830a8                . = ALIGN (0x4)
                0x000830a8                _efixed = .
                0x000830a8                PROVIDE (__exidx_start, .)

.vfp11_veneer   0x000830a8        0x0
 .vfp11_veneer  0x00000000        0x0 linker stubs

.v4_bx          0x000830a8        0x0
 .v4_bx         0x00000000        0x0 linker stubs

.iplt           0x000830a8        0x0
 .iplt          0x00000000        0x0 c:/users/admin/appdata/local/arduino15/packages/arduino/tools/arm-none-eabi-gcc/4.8.3-2014q1/bin/../lib/gcc/arm-none-eabi/4.8.3/armv7-m/crtbegin.o

.eh_frame       0x000830a8        0x0
 .eh_frame      0x000830a8        0x0 c:/users/admin/appdata/local/arduino15/packages/arduino/tools/arm-none-eabi-gcc/4.8.3-2014q1/bin/../lib/gcc/arm-none-eabi/4.8.3/armv7-m/crtbegin.o

.rel.dyn        0x000830a8        0x0
 .rel.iplt      0x00000000        0x0 c:/users/admin/appdata/local/arduino15/packages/arduino/tools/arm-none-eabi-gcc/4.8.3-2014q1/bin/../lib/gcc/arm-none-eabi/4.8.3/armv7-m/crtbegin.o

.jcr            0x000830a8        0x0
 .jcr           0x000830a8        0x0 c:/users/admin/appdata/local/arduino15/packages/arduino/tools/arm-none-eabi-gcc/4.8.3-2014q1/bin/../lib/gcc/arm-none-eabi/4.8.3/armv7-m/crtbegin.o

.igot.plt       0x000830a8        0x0
 .igot.plt      0x00000000        0x0 c:/users/admin/appdata/local/arduino15/packages/arduino/tools/arm-none-eabi-gcc/4.8.3-2014q1/bin/../lib/gcc/arm-none-eabi/4.8.3/armv7-m/crtbegin.o

.ARM.exidx
 *(.ARM.exidx* .gnu.linkonce.armexidx.*)
                0x000830a8                PROVIDE (__exidx_end, .)
                0x000830a8                . = ALIGN (0x4)
                0x000830a8                _etext = .

.relocate       0x20070000      0x4a0 load address 0x000830a8
                0x20070000                . = ALIGN (0x4)
                0x20070000                _srelocate = .
 *(.ramfunc .ramfunc.*)
 .ramfunc       0x20070000       0x2c C:\Users\admin\AppData\Local\Temp\VMBuilds\bitoperations\arduino_due_x_dbg\Debug/core.a(Reset.cpp.o)
                0x20070000                banzai
 *(.data .data.*)
 .data.SystemCoreClock
                0x2007002c        0x4 C:\Users\admin\AppData\Local\arduino15\packages\arduino\hardware\sam\1.6.12\variants\arduino_due_x/libsam_sam3x8e_gcc_rel.a(system_sam3xa.o)
                0x2007002c                SystemCoreClock
 .data._ZL5ticks
                0x20070030        0x4 C:\Users\admin\AppData\Local\Temp\VMBuilds\bitoperations\arduino_due_x_dbg\Debug/core.a(Reset.cpp.o)
 .data.EndPoints
                0x20070034       0x28 C:\Users\admin\AppData\Local\Temp\VMBuilds\bitoperations\arduino_due_x_dbg\Debug/core.a(USBCore.cpp.o)
                0x20070034                EndPoints
 .data._ZL10breakValue
                0x2007005c        0x4 C:\Users\admin\AppData\Local\Temp\VMBuilds\bitoperations\arduino_due_x_dbg\Debug/core.a(CDC.cpp.o)
 .data._ZL12_usbLineInfo
                0x20070060        0x8 C:\Users\admin\AppData\Local\Temp\VMBuilds\bitoperations\arduino_due_x_dbg\Debug/core.a(CDC.cpp.o)
 .data.g_interrupt_enabled
                0x20070068        0x4 C:\Users\admin\AppData\Local\arduino15\packages\arduino\hardware\sam\1.6.12\variants\arduino_due_x/libsam_sam3x8e_gcc_rel.a(interrupt_sam_nvic.o)
                0x20070068                g_interrupt_enabled
 *fill*         0x2007006c        0x4 
 .data.impure_data
                0x20070070      0x428 c:/users/admin/appdata/local/arduino15/packages/arduino/tools/arm-none-eabi-gcc/4.8.3-2014q1/bin/../lib/gcc/arm-none-eabi/4.8.3/../../../../arm-none-eabi/lib/armv7-m\libc.a(lib_a-impure.o)
 .data._impure_ptr
                0x20070498        0x4 c:/users/admin/appdata/local/arduino15/packages/arduino/tools/arm-none-eabi-gcc/4.8.3-2014q1/bin/../lib/gcc/arm-none-eabi/4.8.3/../../../../arm-none-eabi/lib/armv7-m\libc.a(lib_a-impure.o)
                0x20070498                _impure_ptr
 .data.__ctype_ptr__
                0x2007049c        0x4 c:/users/admin/appdata/local/arduino15/packages/arduino/tools/arm-none-eabi-gcc/4.8.3-2014q1/bin/../lib/gcc/arm-none-eabi/4.8.3/../../../../arm-none-eabi/lib/armv7-m\libc.a(lib_a-ctype_.o)
                0x2007049c                __ctype_ptr__
                0x200704a0                . = ALIGN (0x4)
                0x200704a0                _erelocate = .

.bss            0x200704a0      0x84c load address 0x00083548
                0x200704a0                . = ALIGN (0x4)
                0x200704a0                _sbss = .
                0x200704a0                _szero = .
 *(.bss .bss.*)
 .bss           0x200704a0       0x1c c:/users/admin/appdata/local/arduino15/packages/arduino/tools/arm-none-eabi-gcc/4.8.3-2014q1/bin/../lib/gcc/arm-none-eabi/4.8.3/armv7-m/crtbegin.o
 .bss.person1   0x200704bc        0x8 bitoperations.cpp.o
                0x200704bc                person1
 .bss.__VisualMicro_DEBUG_1_HITCOUNTER__
                0x200704c4        0x4 bitoperations.cpp.o
                0x200704c4                __VisualMicro_DEBUG_1_HITCOUNTER__
 .bss.__VisualMicro_DEBUG_1_GLastMillis__
                0x200704c8        0x4 bitoperations.cpp.o
                0x200704c8                __VisualMicro_DEBUG_1_GLastMillis__
 .bss.MicroDebug
                0x200704cc       0x48 VM_DBG\VM_DBG.cpp.o
                0x200704cc                MicroDebug
 .bss.tx_buffer2
                0x20070514       0x88 C:\Users\admin\AppData\Local\Temp\VMBCore\arduino16x\3a1ce282f4257c2ef3c891a04e554e56\variant\variant.cpp.o
                0x20070514                tx_buffer2
 .bss.tx_buffer1
                0x2007059c       0x88 C:\Users\admin\AppData\Local\Temp\VMBCore\arduino16x\3a1ce282f4257c2ef3c891a04e554e56\variant\variant.cpp.o
                0x2007059c                tx_buffer1
 .bss.Serial    0x20070624       0x24 C:\Users\admin\AppData\Local\Temp\VMBCore\arduino16x\3a1ce282f4257c2ef3c891a04e554e56\variant\variant.cpp.o
                0x20070624                Serial
 .bss.rx_buffer1
                0x20070648       0x88 C:\Users\admin\AppData\Local\Temp\VMBCore\arduino16x\3a1ce282f4257c2ef3c891a04e554e56\variant\variant.cpp.o
                0x20070648                rx_buffer1
 .bss.Serial1   0x200706d0       0x28 C:\Users\admin\AppData\Local\Temp\VMBCore\arduino16x\3a1ce282f4257c2ef3c891a04e554e56\variant\variant.cpp.o
                0x200706d0                Serial1
 .bss.Serial2   0x200706f8       0x28 C:\Users\admin\AppData\Local\Temp\VMBCore\arduino16x\3a1ce282f4257c2ef3c891a04e554e56\variant\variant.cpp.o
                0x200706f8                Serial2
 .bss.Serial3   0x20070720       0x28 C:\Users\admin\AppData\Local\Temp\VMBCore\arduino16x\3a1ce282f4257c2ef3c891a04e554e56\variant\variant.cpp.o
                0x20070720                Serial3
 .bss.tx_buffer3
                0x20070748       0x88 C:\Users\admin\AppData\Local\Temp\VMBCore\arduino16x\3a1ce282f4257c2ef3c891a04e554e56\variant\variant.cpp.o
                0x20070748                tx_buffer3
 .bss.tx_buffer4
                0x200707d0       0x88 C:\Users\admin\AppData\Local\Temp\VMBCore\arduino16x\3a1ce282f4257c2ef3c891a04e554e56\variant\variant.cpp.o
                0x200707d0                tx_buffer4
 .bss.g_pinStatus
                0x20070858       0x4f C:\Users\admin\AppData\Local\Temp\VMBCore\arduino16x\3a1ce282f4257c2ef3c891a04e554e56\variant\variant.cpp.o
                0x20070858                g_pinStatus
 *fill*         0x200708a7        0x1 
 .bss.rx_buffer2
                0x200708a8       0x88 C:\Users\admin\AppData\Local\Temp\VMBCore\arduino16x\3a1ce282f4257c2ef3c891a04e554e56\variant\variant.cpp.o
                0x200708a8                rx_buffer2
 .bss.rx_buffer3
                0x20070930       0x88 C:\Users\admin\AppData\Local\Temp\VMBCore\arduino16x\3a1ce282f4257c2ef3c891a04e554e56\variant\variant.cpp.o
                0x20070930                rx_buffer3
 .bss.rx_buffer4
                0x200709b8       0x88 C:\Users\admin\AppData\Local\Temp\VMBCore\arduino16x\3a1ce282f4257c2ef3c891a04e554e56\variant\variant.cpp.o
                0x200709b8                rx_buffer4
 .bss.gpf_isr   0x20070a40        0x4 C:\Users\admin\AppData\Local\arduino15\packages\arduino\hardware\sam\1.6.12\variants\arduino_due_x/libsam_sam3x8e_gcc_rel.a(uotghs.o)
                0x20070a40                gpf_isr
 .bss.heap.6420
                0x20070a44        0x4 C:\Users\admin\AppData\Local\Temp\VMBuilds\bitoperations\arduino_due_x_dbg\Debug/core.a(syscalls_sam3.c.o)
 .bss._cmark    0x20070a48        0x2 C:\Users\admin\AppData\Local\Temp\VMBuilds\bitoperations\arduino_due_x_dbg\Debug/core.a(USBCore.cpp.o)
                0x20070a48                _cmark
 .bss._ZL14isEndpointHalt
                0x20070a4a        0x1 C:\Users\admin\AppData\Local\Temp\VMBuilds\bitoperations\arduino_due_x_dbg\Debug/core.a(USBCore.cpp.o)
 *fill*         0x20070a4b        0x1 
 .bss._cdcComposite
                0x20070a4c        0x4 C:\Users\admin\AppData\Local\Temp\VMBuilds\bitoperations\arduino_due_x_dbg\Debug/core.a(USBCore.cpp.o)
                0x20070a4c                _cdcComposite
 .bss._ZL21isRemoteWakeUpEnabled
                0x20070a50        0x1 C:\Users\admin\AppData\Local\Temp\VMBuilds\bitoperations\arduino_due_x_dbg\Debug/core.a(USBCore.cpp.o)
 *fill*         0x20070a51        0x3 
 .bss._usbInitialized
                0x20070a54        0x4 C:\Users\admin\AppData\Local\Temp\VMBuilds\bitoperations\arduino_due_x_dbg\Debug/core.a(USBCore.cpp.o)
                0x20070a54                _usbInitialized
 .bss.USBDevice
                0x20070a58        0x1 C:\Users\admin\AppData\Local\Temp\VMBuilds\bitoperations\arduino_due_x_dbg\Debug/core.a(USBCore.cpp.o)
                0x20070a58                USBDevice
 *fill*         0x20070a59        0x3 
 .bss._usbSetInterface
                0x20070a5c        0x4 C:\Users\admin\AppData\Local\Temp\VMBuilds\bitoperations\arduino_due_x_dbg\Debug/core.a(USBCore.cpp.o)
                0x20070a5c                _usbSetInterface
 .bss._cend     0x20070a60        0x2 C:\Users\admin\AppData\Local\Temp\VMBuilds\bitoperations\arduino_due_x_dbg\Debug/core.a(USBCore.cpp.o)
                0x20070a60                _cend
 *fill*         0x20070a62        0x2 
 .bss._usbConfiguration
                0x20070a64        0x4 C:\Users\admin\AppData\Local\Temp\VMBuilds\bitoperations\arduino_due_x_dbg\Debug/core.a(USBCore.cpp.o)
                0x20070a64                _usbConfiguration
 .bss.cdc_rx_buffer
                0x20070a68      0x208 C:\Users\admin\AppData\Local\Temp\VMBuilds\bitoperations\arduino_due_x_dbg\Debug/core.a(CDC.cpp.o)
                0x20070a68                cdc_rx_buffer
 .bss._ZZN7Serial_6acceptEvE5guard
                0x20070c70        0x4 C:\Users\admin\AppData\Local\Temp\VMBuilds\bitoperations\arduino_due_x_dbg\Debug/core.a(CDC.cpp.o)
 .bss.SerialUSB
                0x20070c74       0x14 C:\Users\admin\AppData\Local\Temp\VMBuilds\bitoperations\arduino_due_x_dbg\Debug/core.a(CDC.cpp.o)
                0x20070c74                SerialUSB
 .bss._ZZ12PluggableUSBvE3obj
                0x20070c88        0x8 C:\Users\admin\AppData\Local\Temp\VMBuilds\bitoperations\arduino_due_x_dbg\Debug/core.a(PluggableUSB.cpp.o)
 .bss._ZGVZ12PluggableUSBvE3obj
                0x20070c90        0x4 C:\Users\admin\AppData\Local\Temp\VMBuilds\bitoperations\arduino_due_x_dbg\Debug/core.a(PluggableUSB.cpp.o)
 .bss._dwTickCount
                0x20070c94        0x4 C:\Users\admin\AppData\Local\arduino15\packages\arduino\hardware\sam\1.6.12\variants\arduino_due_x/libsam_sam3x8e_gcc_rel.a(timetick.o)
 .bss.ul_recv_fifo_ptr
                0x20070c98       0x28 C:\Users\admin\AppData\Local\arduino15\packages\arduino\hardware\sam\1.6.12\variants\arduino_due_x/libsam_sam3x8e_gcc_rel.a(uotghs_device.o)
 .bss.ul_send_fifo_ptr
                0x20070cc0       0x28 C:\Users\admin\AppData\Local\arduino15\packages\arduino\hardware\sam\1.6.12\variants\arduino_due_x/libsam_sam3x8e_gcc_rel.a(uotghs_device.o)
 *(COMMON)
 COMMON         0x20070ce8        0x4 c:/users/admin/appdata/local/arduino15/packages/arduino/tools/arm-none-eabi-gcc/4.8.3-2014q1/bin/../lib/gcc/arm-none-eabi/4.8.3/../../../../arm-none-eabi/lib/armv7-m\libc.a(lib_a-reent.o)
                0x20070ce8                errno
                0x20070cec                . = ALIGN (0x4)
                0x20070cec                _ebss = .
                0x20070cec                _ezero = .
                0x20070cec                . = ALIGN (0x4)
                0x20070cec                _end = .

.stack_dummy    0x20070cec        0x0
 *(.stack*)
                0x20088000                __StackTop = (ORIGIN (ram) + 0x18000)
                0x20088000                __StackLimit = (__StackTop - SIZEOF (.stack_dummy))
                0x20088000                PROVIDE (_sstack, __StackLimit)
                0x20088000                PROVIDE (_estack, __StackTop)
OUTPUT(C:\Users\admin\AppData\Local\Temp\VMBuilds\bitoperations\arduino_due_x_dbg\Debug/bitoperations.ino.elf elf32-littlearm)

.ARM.attributes
                0x00000000       0x29
 .ARM.attributes
                0x00000000       0x1d c:/users/admin/appdata/local/arduino15/packages/arduino/tools/arm-none-eabi-gcc/4.8.3-2014q1/bin/../lib/gcc/arm-none-eabi/4.8.3/armv7-m/crti.o
 .ARM.attributes
                0x0000001d       0x2d c:/users/admin/appdata/local/arduino15/packages/arduino/tools/arm-none-eabi-gcc/4.8.3-2014q1/bin/../lib/gcc/arm-none-eabi/4.8.3/armv7-m/crtbegin.o
 .ARM.attributes
                0x0000004a       0x33 bitoperations.cpp.o
 .ARM.attributes
                0x0000007d       0x33 VM_DBG\VM_DBG.cpp.o
 .ARM.attributes
                0x000000b0       0x33 C:\Users\admin\AppData\Local\Temp\VMBCore\arduino16x\3a1ce282f4257c2ef3c891a04e554e56\variant\variant.cpp.o
 .ARM.attributes
                0x000000e3       0x33 C:\Users\admin\AppData\Local\arduino15\packages\arduino\hardware\sam\1.6.12\variants\arduino_due_x/libsam_sam3x8e_gcc_rel.a(pio.o)
 .ARM.attributes
                0x00000116       0x33 C:\Users\admin\AppData\Local\arduino15\packages\arduino\hardware\sam\1.6.12\variants\arduino_due_x/libsam_sam3x8e_gcc_rel.a(pmc.o)
 .ARM.attributes
                0x00000149       0x33 C:\Users\admin\AppData\Local\arduino15\packages\arduino\hardware\sam\1.6.12\variants\arduino_due_x/libsam_sam3x8e_gcc_rel.a(system_sam3xa.o)
 .ARM.attributes
                0x0000017c       0x33 C:\Users\admin\AppData\Local\arduino15\packages\arduino\hardware\sam\1.6.12\variants\arduino_due_x/libsam_sam3x8e_gcc_rel.a(startup_sam3xa.o)
 .ARM.attributes
                0x000001af       0x33 C:\Users\admin\AppData\Local\arduino15\packages\arduino\hardware\sam\1.6.12\variants\arduino_due_x/libsam_sam3x8e_gcc_rel.a(adc.o)
 .ARM.attributes
                0x000001e2       0x33 C:\Users\admin\AppData\Local\arduino15\packages\arduino\hardware\sam\1.6.12\variants\arduino_due_x/libsam_sam3x8e_gcc_rel.a(uotghs.o)
 .ARM.attributes
                0x00000215       0x33 C:\Users\admin\AppData\Local\Temp\VMBuilds\bitoperations\arduino_due_x_dbg\Debug/core.a(cortex_handlers.c.o)
 .ARM.attributes
                0x00000248       0x33 C:\Users\admin\AppData\Local\Temp\VMBuilds\bitoperations\arduino_due_x_dbg\Debug/core.a(hooks.c.o)
 .ARM.attributes
                0x0000027b       0x33 C:\Users\admin\AppData\Local\Temp\VMBuilds\bitoperations\arduino_due_x_dbg\Debug/core.a(syscalls_sam3.c.o)
 .ARM.attributes
                0x000002ae       0x33 C:\Users\admin\AppData\Local\Temp\VMBuilds\bitoperations\arduino_due_x_dbg\Debug/core.a(wiring.c.o)
 .ARM.attributes
                0x000002e1       0x33 C:\Users\admin\AppData\Local\Temp\VMBuilds\bitoperations\arduino_due_x_dbg\Debug/core.a(wiring_analog.c.o)
 .ARM.attributes
                0x00000314       0x33 C:\Users\admin\AppData\Local\Temp\VMBuilds\bitoperations\arduino_due_x_dbg\Debug/core.a(wiring_digital.c.o)
 .ARM.attributes
                0x00000347       0x33 C:\Users\admin\AppData\Local\Temp\VMBuilds\bitoperations\arduino_due_x_dbg\Debug/core.a(main.cpp.o)
 .ARM.attributes
                0x0000037a       0x33 C:\Users\admin\AppData\Local\Temp\VMBuilds\bitoperations\arduino_due_x_dbg\Debug/core.a(Print.cpp.o)
 .ARM.attributes
                0x000003ad       0x33 C:\Users\admin\AppData\Local\Temp\VMBuilds\bitoperations\arduino_due_x_dbg\Debug/core.a(Reset.cpp.o)
 .ARM.attributes
                0x000003e0       0x33 C:\Users\admin\AppData\Local\Temp\VMBuilds\bitoperations\arduino_due_x_dbg\Debug/core.a(RingBuffer.cpp.o)
 .ARM.attributes
                0x00000413       0x33 C:\Users\admin\AppData\Local\Temp\VMBuilds\bitoperations\arduino_due_x_dbg\Debug/core.a(UARTClass.cpp.o)
 .ARM.attributes
                0x00000446       0x33 C:\Users\admin\AppData\Local\Temp\VMBuilds\bitoperations\arduino_due_x_dbg\Debug/core.a(USARTClass.cpp.o)
 .ARM.attributes
                0x00000479       0x33 C:\Users\admin\AppData\Local\Temp\VMBuilds\bitoperations\arduino_due_x_dbg\Debug/core.a(watchdog.cpp.o)
 .ARM.attributes
                0x000004ac       0x33 C:\Users\admin\AppData\Local\Temp\VMBuilds\bitoperations\arduino_due_x_dbg\Debug/core.a(USBCore.cpp.o)
 .ARM.attributes
                0x000004df       0x33 C:\Users\admin\AppData\Local\Temp\VMBuilds\bitoperations\arduino_due_x_dbg\Debug/core.a(CDC.cpp.o)
 .ARM.attributes
                0x00000512       0x33 C:\Users\admin\AppData\Local\Temp\VMBuilds\bitoperations\arduino_due_x_dbg\Debug/core.a(PluggableUSB.cpp.o)
 .ARM.attributes
                0x00000545       0x33 C:\Users\admin\AppData\Local\arduino15\packages\arduino\hardware\sam\1.6.12\variants\arduino_due_x/libsam_sam3x8e_gcc_rel.a(timetick.o)
 .ARM.attributes
                0x00000578       0x33 C:\Users\admin\AppData\Local\arduino15\packages\arduino\hardware\sam\1.6.12\variants\arduino_due_x/libsam_sam3x8e_gcc_rel.a(wdt.o)
 .ARM.attributes
                0x000005ab       0x33 C:\Users\admin\AppData\Local\arduino15\packages\arduino\hardware\sam\1.6.12\variants\arduino_due_x/libsam_sam3x8e_gcc_rel.a(interrupt_sam_nvic.o)
 .ARM.attributes
                0x000005de       0x33 C:\Users\admin\AppData\Local\arduino15\packages\arduino\hardware\sam\1.6.12\variants\arduino_due_x/libsam_sam3x8e_gcc_rel.a(uotghs_device.o)
 .ARM.attributes
                0x00000611       0x2d c:/users/admin/appdata/local/arduino15/packages/arduino/tools/arm-none-eabi-gcc/4.8.3-2014q1/bin/../lib/gcc/arm-none-eabi/4.8.3/../../../../arm-none-eabi/lib/armv7-m\libc.a(lib_a-atoi.o)
 .ARM.attributes
                0x0000063e       0x2d c:/users/admin/appdata/local/arduino15/packages/arduino/tools/arm-none-eabi-gcc/4.8.3-2014q1/bin/../lib/gcc/arm-none-eabi/4.8.3/../../../../arm-none-eabi/lib/armv7-m\libc.a(lib_a-impure.o)
 .ARM.attributes
                0x0000066b       0x2d c:/users/admin/appdata/local/arduino15/packages/arduino/tools/arm-none-eabi-gcc/4.8.3-2014q1/bin/../lib/gcc/arm-none-eabi/4.8.3/../../../../arm-none-eabi/lib/armv7-m\libc.a(lib_a-init.o)
 .ARM.attributes
                0x00000698       0x2d c:/users/admin/appdata/local/arduino15/packages/arduino/tools/arm-none-eabi-gcc/4.8.3-2014q1/bin/../lib/gcc/arm-none-eabi/4.8.3/../../../../arm-none-eabi/lib/armv7-m\libc.a(lib_a-memset.o)
 .ARM.attributes
                0x000006c5       0x2d c:/users/admin/appdata/local/arduino15/packages/arduino/tools/arm-none-eabi-gcc/4.8.3-2014q1/bin/../lib/gcc/arm-none-eabi/4.8.3/../../../../arm-none-eabi/lib/armv7-m\libc.a(lib_a-strlen.o)
 .ARM.attributes
                0x000006f2       0x2d c:/users/admin/appdata/local/arduino15/packages/arduino/tools/arm-none-eabi-gcc/4.8.3-2014q1/bin/../lib/gcc/arm-none-eabi/4.8.3/../../../../arm-none-eabi/lib/armv7-m\libc.a(lib_a-strtol.o)
 .ARM.attributes
                0x0000071f       0x2d c:/users/admin/appdata/local/arduino15/packages/arduino/tools/arm-none-eabi-gcc/4.8.3-2014q1/bin/../lib/gcc/arm-none-eabi/4.8.3/../../../../arm-none-eabi/lib/armv7-m\libc.a(lib_a-syskill.o)
 .ARM.attributes
                0x0000074c       0x2d c:/users/admin/appdata/local/arduino15/packages/arduino/tools/arm-none-eabi-gcc/4.8.3-2014q1/bin/../lib/gcc/arm-none-eabi/4.8.3/../../../../arm-none-eabi/lib/armv7-m\libc.a(lib_a-__call_atexit.o)
 .ARM.attributes
                0x00000779       0x2d c:/users/admin/appdata/local/arduino15/packages/arduino/tools/arm-none-eabi-gcc/4.8.3-2014q1/bin/../lib/gcc/arm-none-eabi/4.8.3/../../../../arm-none-eabi/lib/armv7-m\libc.a(lib_a-atexit.o)
 .ARM.attributes
                0x000007a6       0x2d c:/users/admin/appdata/local/arduino15/packages/arduino/tools/arm-none-eabi-gcc/4.8.3-2014q1/bin/../lib/gcc/arm-none-eabi/4.8.3/../../../../arm-none-eabi/lib/armv7-m\libc.a(lib_a-ctype_.o)
 .ARM.attributes
                0x000007d3       0x2d c:/users/admin/appdata/local/arduino15/packages/arduino/tools/arm-none-eabi-gcc/4.8.3-2014q1/bin/../lib/gcc/arm-none-eabi/4.8.3/../../../../arm-none-eabi/lib/armv7-m\libc.a(lib_a-fini.o)
 .ARM.attributes
                0x00000800       0x2d c:/users/admin/appdata/local/arduino15/packages/arduino/tools/arm-none-eabi-gcc/4.8.3-2014q1/bin/../lib/gcc/arm-none-eabi/4.8.3/../../../../arm-none-eabi/lib/armv7-m\libc.a(lib_a-signalr.o)
 .ARM.attributes
                0x0000082d       0x2d c:/users/admin/appdata/local/arduino15/packages/arduino/tools/arm-none-eabi-gcc/4.8.3-2014q1/bin/../lib/gcc/arm-none-eabi/4.8.3/../../../../arm-none-eabi/lib/armv7-m\libc.a(lib_a-__atexit.o)
 .ARM.attributes
                0x0000085a       0x2d c:/users/admin/appdata/local/arduino15/packages/arduino/tools/arm-none-eabi-gcc/4.8.3-2014q1/bin/../lib/gcc/arm-none-eabi/4.8.3/../../../../arm-none-eabi/lib/armv7-m\libc.a(lib_a-reent.o)
 .ARM.attributes
                0x00000887       0x1d c:/users/admin/appdata/local/arduino15/packages/arduino/tools/arm-none-eabi-gcc/4.8.3-2014q1/bin/../lib/gcc/arm-none-eabi/4.8.3/armv7-m/crtn.o

.comment        0x00000000       0x70
 .comment       0x00000000       0x70 bitoperations.cpp.o
                                 0x71 (size before relaxing)
 .comment       0x00000000       0x71 VM_DBG\VM_DBG.cpp.o
 .comment       0x00000000       0x71 C:\Users\admin\AppData\Local\Temp\VMBCore\arduino16x\3a1ce282f4257c2ef3c891a04e554e56\variant\variant.cpp.o
 .comment       0x00000000       0x71 C:\Users\admin\AppData\Local\arduino15\packages\arduino\hardware\sam\1.6.12\variants\arduino_due_x/libsam_sam3x8e_gcc_rel.a(pio.o)
 .comment       0x00000000       0x71 C:\Users\admin\AppData\Local\arduino15\packages\arduino\hardware\sam\1.6.12\variants\arduino_due_x/libsam_sam3x8e_gcc_rel.a(pmc.o)
 .comment       0x00000000       0x71 C:\Users\admin\AppData\Local\arduino15\packages\arduino\hardware\sam\1.6.12\variants\arduino_due_x/libsam_sam3x8e_gcc_rel.a(system_sam3xa.o)
 .comment       0x00000000       0x71 C:\Users\admin\AppData\Local\arduino15\packages\arduino\hardware\sam\1.6.12\variants\arduino_due_x/libsam_sam3x8e_gcc_rel.a(startup_sam3xa.o)
 .comment       0x00000000       0x71 C:\Users\admin\AppData\Local\arduino15\packages\arduino\hardware\sam\1.6.12\variants\arduino_due_x/libsam_sam3x8e_gcc_rel.a(adc.o)
 .comment       0x00000000       0x71 C:\Users\admin\AppData\Local\arduino15\packages\arduino\hardware\sam\1.6.12\variants\arduino_due_x/libsam_sam3x8e_gcc_rel.a(uotghs.o)
 .comment       0x00000000       0x71 C:\Users\admin\AppData\Local\Temp\VMBuilds\bitoperations\arduino_due_x_dbg\Debug/core.a(cortex_handlers.c.o)
 .comment       0x00000000       0x71 C:\Users\admin\AppData\Local\Temp\VMBuilds\bitoperations\arduino_due_x_dbg\Debug/core.a(hooks.c.o)
 .comment       0x00000000       0x71 C:\Users\admin\AppData\Local\Temp\VMBuilds\bitoperations\arduino_due_x_dbg\Debug/core.a(syscalls_sam3.c.o)
 .comment       0x00000000       0x71 C:\Users\admin\AppData\Local\Temp\VMBuilds\bitoperations\arduino_due_x_dbg\Debug/core.a(wiring.c.o)
 .comment       0x00000000       0x71 C:\Users\admin\AppData\Local\Temp\VMBuilds\bitoperations\arduino_due_x_dbg\Debug/core.a(wiring_analog.c.o)
 .comment       0x00000000       0x71 C:\Users\admin\AppData\Local\Temp\VMBuilds\bitoperations\arduino_due_x_dbg\Debug/core.a(wiring_digital.c.o)
 .comment       0x00000000       0x71 C:\Users\admin\AppData\Local\Temp\VMBuilds\bitoperations\arduino_due_x_dbg\Debug/core.a(main.cpp.o)
 .comment       0x00000000       0x71 C:\Users\admin\AppData\Local\Temp\VMBuilds\bitoperations\arduino_due_x_dbg\Debug/core.a(Print.cpp.o)
 .comment       0x00000000       0x71 C:\Users\admin\AppData\Local\Temp\VMBuilds\bitoperations\arduino_due_x_dbg\Debug/core.a(Reset.cpp.o)
 .comment       0x00000000       0x71 C:\Users\admin\AppData\Local\Temp\VMBuilds\bitoperations\arduino_due_x_dbg\Debug/core.a(RingBuffer.cpp.o)
 .comment       0x00000000       0x71 C:\Users\admin\AppData\Local\Temp\VMBuilds\bitoperations\arduino_due_x_dbg\Debug/core.a(UARTClass.cpp.o)
 .comment       0x00000000       0x71 C:\Users\admin\AppData\Local\Temp\VMBuilds\bitoperations\arduino_due_x_dbg\Debug/core.a(USARTClass.cpp.o)
 .comment       0x00000000       0x71 C:\Users\admin\AppData\Local\Temp\VMBuilds\bitoperations\arduino_due_x_dbg\Debug/core.a(watchdog.cpp.o)
 .comment       0x00000000       0x71 C:\Users\admin\AppData\Local\Temp\VMBuilds\bitoperations\arduino_due_x_dbg\Debug/core.a(USBCore.cpp.o)
 .comment       0x00000000       0x71 C:\Users\admin\AppData\Local\Temp\VMBuilds\bitoperations\arduino_due_x_dbg\Debug/core.a(CDC.cpp.o)
 .comment       0x00000000       0x71 C:\Users\admin\AppData\Local\Temp\VMBuilds\bitoperations\arduino_due_x_dbg\Debug/core.a(PluggableUSB.cpp.o)
 .comment       0x00000000       0x71 C:\Users\admin\AppData\Local\arduino15\packages\arduino\hardware\sam\1.6.12\variants\arduino_due_x/libsam_sam3x8e_gcc_rel.a(timetick.o)
 .comment       0x00000000       0x71 C:\Users\admin\AppData\Local\arduino15\packages\arduino\hardware\sam\1.6.12\variants\arduino_due_x/libsam_sam3x8e_gcc_rel.a(wdt.o)
 .comment       0x00000000       0x71 C:\Users\admin\AppData\Local\arduino15\packages\arduino\hardware\sam\1.6.12\variants\arduino_due_x/libsam_sam3x8e_gcc_rel.a(interrupt_sam_nvic.o)
 .comment       0x00000000       0x71 C:\Users\admin\AppData\Local\arduino15\packages\arduino\hardware\sam\1.6.12\variants\arduino_due_x/libsam_sam3x8e_gcc_rel.a(uotghs_device.o)

.debug_info     0x00000000    0x140af
 .debug_info    0x00000000      0xfa8 bitoperations.cpp.o
 .debug_info    0x00000fa8     0x21c9 VM_DBG\VM_DBG.cpp.o
 .debug_info    0x00003171     0x1a43 C:\Users\admin\AppData\Local\Temp\VMBCore\arduino16x\3a1ce282f4257c2ef3c891a04e554e56\variant\variant.cpp.o
 .debug_info    0x00004bb4      0x2da C:\Users\admin\AppData\Local\Temp\VMBuilds\bitoperations\arduino_due_x_dbg\Debug/core.a(cortex_handlers.c.o)
 .debug_info    0x00004e8e       0x60 C:\Users\admin\AppData\Local\Temp\VMBuilds\bitoperations\arduino_due_x_dbg\Debug/core.a(hooks.c.o)
 .debug_info    0x00004eee      0x5f2 C:\Users\admin\AppData\Local\Temp\VMBuilds\bitoperations\arduino_due_x_dbg\Debug/core.a(syscalls_sam3.c.o)
 .debug_info    0x000054e0      0x52f C:\Users\admin\AppData\Local\Temp\VMBuilds\bitoperations\arduino_due_x_dbg\Debug/core.a(wiring.c.o)
 .debug_info    0x00005a0f     0x1d7e C:\Users\admin\AppData\Local\Temp\VMBuilds\bitoperations\arduino_due_x_dbg\Debug/core.a(wiring_analog.c.o)
 .debug_info    0x0000778d      0xe00 C:\Users\admin\AppData\Local\Temp\VMBuilds\bitoperations\arduino_due_x_dbg\Debug/core.a(wiring_digital.c.o)
 .debug_info    0x0000858d      0x3cf C:\Users\admin\AppData\Local\Temp\VMBuilds\bitoperations\arduino_due_x_dbg\Debug/core.a(main.cpp.o)
 .debug_info    0x0000895c     0x27cd C:\Users\admin\AppData\Local\Temp\VMBuilds\bitoperations\arduino_due_x_dbg\Debug/core.a(Print.cpp.o)
 .debug_info    0x0000b129      0x3df C:\Users\admin\AppData\Local\Temp\VMBuilds\bitoperations\arduino_due_x_dbg\Debug/core.a(Reset.cpp.o)
 .debug_info    0x0000b508      0x1f6 C:\Users\admin\AppData\Local\Temp\VMBuilds\bitoperations\arduino_due_x_dbg\Debug/core.a(RingBuffer.cpp.o)
 .debug_info    0x0000b6fe     0x24e3 C:\Users\admin\AppData\Local\Temp\VMBuilds\bitoperations\arduino_due_x_dbg\Debug/core.a(UARTClass.cpp.o)
 .debug_info    0x0000dbe1      0xbe2 C:\Users\admin\AppData\Local\Temp\VMBuilds\bitoperations\arduino_due_x_dbg\Debug/core.a(USARTClass.cpp.o)
 .debug_info    0x0000e7c3      0x220 C:\Users\admin\AppData\Local\Temp\VMBuilds\bitoperations\arduino_due_x_dbg\Debug/core.a(watchdog.cpp.o)
 .debug_info    0x0000e9e3     0x209d C:\Users\admin\AppData\Local\Temp\VMBuilds\bitoperations\arduino_due_x_dbg\Debug/core.a(USBCore.cpp.o)
 .debug_info    0x00010a80     0x2f8e C:\Users\admin\AppData\Local\Temp\VMBuilds\bitoperations\arduino_due_x_dbg\Debug/core.a(CDC.cpp.o)
 .debug_info    0x00013a0e      0x6a1 C:\Users\admin\AppData\Local\Temp\VMBuilds\bitoperations\arduino_due_x_dbg\Debug/core.a(PluggableUSB.cpp.o)

.debug_abbrev   0x00000000     0x39a8
 .debug_abbrev  0x00000000      0x3a8 bitoperations.cpp.o
 .debug_abbrev  0x000003a8      0x5e0 VM_DBG\VM_DBG.cpp.o
 .debug_abbrev  0x00000988      0x3fc C:\Users\admin\AppData\Local\Temp\VMBCore\arduino16x\3a1ce282f4257c2ef3c891a04e554e56\variant\variant.cpp.o
 .debug_abbrev  0x00000d84      0x106 C:\Users\admin\AppData\Local\Temp\VMBuilds\bitoperations\arduino_due_x_dbg\Debug/core.a(cortex_handlers.c.o)
 .debug_abbrev  0x00000e8a       0x47 C:\Users\admin\AppData\Local\Temp\VMBuilds\bitoperations\arduino_due_x_dbg\Debug/core.a(hooks.c.o)
 .debug_abbrev  0x00000ed1      0x166 C:\Users\admin\AppData\Local\Temp\VMBuilds\bitoperations\arduino_due_x_dbg\Debug/core.a(syscalls_sam3.c.o)
 .debug_abbrev  0x00001037      0x160 C:\Users\admin\AppData\Local\Temp\VMBuilds\bitoperations\arduino_due_x_dbg\Debug/core.a(wiring.c.o)
 .debug_abbrev  0x00001197      0x2fb C:\Users\admin\AppData\Local\Temp\VMBuilds\bitoperations\arduino_due_x_dbg\Debug/core.a(wiring_analog.c.o)
 .debug_abbrev  0x00001492      0x225 C:\Users\admin\AppData\Local\Temp\VMBuilds\bitoperations\arduino_due_x_dbg\Debug/core.a(wiring_digital.c.o)
 .debug_abbrev  0x000016b7      0x196 C:\Users\admin\AppData\Local\Temp\VMBuilds\bitoperations\arduino_due_x_dbg\Debug/core.a(main.cpp.o)
 .debug_abbrev  0x0000184d      0x4e0 C:\Users\admin\AppData\Local\Temp\VMBuilds\bitoperations\arduino_due_x_dbg\Debug/core.a(Print.cpp.o)
 .debug_abbrev  0x00001d2d      0x14c C:\Users\admin\AppData\Local\Temp\VMBuilds\bitoperations\arduino_due_x_dbg\Debug/core.a(Reset.cpp.o)
 .debug_abbrev  0x00001e79      0x175 C:\Users\admin\AppData\Local\Temp\VMBuilds\bitoperations\arduino_due_x_dbg\Debug/core.a(RingBuffer.cpp.o)
 .debug_abbrev  0x00001fee      0x53e C:\Users\admin\AppData\Local\Temp\VMBuilds\bitoperations\arduino_due_x_dbg\Debug/core.a(UARTClass.cpp.o)
 .debug_abbrev  0x0000252c      0x2eb C:\Users\admin\AppData\Local\Temp\VMBuilds\bitoperations\arduino_due_x_dbg\Debug/core.a(USARTClass.cpp.o)
 .debug_abbrev  0x00002817      0x114 C:\Users\admin\AppData\Local\Temp\VMBuilds\bitoperations\arduino_due_x_dbg\Debug/core.a(watchdog.cpp.o)
 .debug_abbrev  0x0000292b      0x6d3 C:\Users\admin\AppData\Local\Temp\VMBuilds\bitoperations\arduino_due_x_dbg\Debug/core.a(USBCore.cpp.o)
 .debug_abbrev  0x00002ffe      0x6f6 C:\Users\admin\AppData\Local\Temp\VMBuilds\bitoperations\arduino_due_x_dbg\Debug/core.a(CDC.cpp.o)
 .debug_abbrev  0x000036f4      0x2b4 C:\Users\admin\AppData\Local\Temp\VMBuilds\bitoperations\arduino_due_x_dbg\Debug/core.a(PluggableUSB.cpp.o)

.debug_loc      0x00000000     0x49dc
 .debug_loc     0x00000000       0x70 bitoperations.cpp.o
 .debug_loc     0x00000070     0x118b VM_DBG\VM_DBG.cpp.o
 .debug_loc     0x000011fb       0x8a C:\Users\admin\AppData\Local\Temp\VMBCore\arduino16x\3a1ce282f4257c2ef3c891a04e554e56\variant\variant.cpp.o
 .debug_loc     0x00001285      0x14a C:\Users\admin\AppData\Local\Temp\VMBuilds\bitoperations\arduino_due_x_dbg\Debug/core.a(syscalls_sam3.c.o)
 .debug_loc     0x000013cf       0xfc C:\Users\admin\AppData\Local\Temp\VMBuilds\bitoperations\arduino_due_x_dbg\Debug/core.a(wiring.c.o)
 .debug_loc     0x000014cb      0x76c C:\Users\admin\AppData\Local\Temp\VMBuilds\bitoperations\arduino_due_x_dbg\Debug/core.a(wiring_analog.c.o)
 .debug_loc     0x00001c37      0x1eb C:\Users\admin\AppData\Local\Temp\VMBuilds\bitoperations\arduino_due_x_dbg\Debug/core.a(wiring_digital.c.o)
 .debug_loc     0x00001e22     0x117a C:\Users\admin\AppData\Local\Temp\VMBuilds\bitoperations\arduino_due_x_dbg\Debug/core.a(Print.cpp.o)
 .debug_loc     0x00002f9c       0x1e C:\Users\admin\AppData\Local\Temp\VMBuilds\bitoperations\arduino_due_x_dbg\Debug/core.a(RingBuffer.cpp.o)
 .debug_loc     0x00002fba      0x42b C:\Users\admin\AppData\Local\Temp\VMBuilds\bitoperations\arduino_due_x_dbg\Debug/core.a(UARTClass.cpp.o)
 .debug_loc     0x000033e5      0x230 C:\Users\admin\AppData\Local\Temp\VMBuilds\bitoperations\arduino_due_x_dbg\Debug/core.a(USARTClass.cpp.o)
 .debug_loc     0x00003615       0x69 C:\Users\admin\AppData\Local\Temp\VMBuilds\bitoperations\arduino_due_x_dbg\Debug/core.a(watchdog.cpp.o)
 .debug_loc     0x0000367e      0xb08 C:\Users\admin\AppData\Local\Temp\VMBuilds\bitoperations\arduino_due_x_dbg\Debug/core.a(USBCore.cpp.o)
 .debug_loc     0x00004186      0x638 C:\Users\admin\AppData\Local\Temp\VMBuilds\bitoperations\arduino_due_x_dbg\Debug/core.a(CDC.cpp.o)
 .debug_loc     0x000047be      0x21e C:\Users\admin\AppData\Local\Temp\VMBuilds\bitoperations\arduino_due_x_dbg\Debug/core.a(PluggableUSB.cpp.o)

.debug_aranges  0x00000000      0x818
 .debug_aranges
                0x00000000       0x38 bitoperations.cpp.o
 .debug_aranges
                0x00000038      0x180 VM_DBG\VM_DBG.cpp.o
 .debug_aranges
                0x000001b8       0x70 C:\Users\admin\AppData\Local\Temp\VMBCore\arduino16x\3a1ce282f4257c2ef3c891a04e554e56\variant\variant.cpp.o
 .debug_aranges
                0x00000228       0x38 C:\Users\admin\AppData\Local\Temp\VMBuilds\bitoperations\arduino_due_x_dbg\Debug/core.a(cortex_handlers.c.o)
 .debug_aranges
                0x00000260       0x30 C:\Users\admin\AppData\Local\Temp\VMBuilds\bitoperations\arduino_due_x_dbg\Debug/core.a(hooks.c.o)
 .debug_aranges
                0x00000290       0x70 C:\Users\admin\AppData\Local\Temp\VMBuilds\bitoperations\arduino_due_x_dbg\Debug/core.a(syscalls_sam3.c.o)
 .debug_aranges
                0x00000300       0x30 C:\Users\admin\AppData\Local\Temp\VMBuilds\bitoperations\arduino_due_x_dbg\Debug/core.a(wiring.c.o)
 .debug_aranges
                0x00000330       0x50 C:\Users\admin\AppData\Local\Temp\VMBuilds\bitoperations\arduino_due_x_dbg\Debug/core.a(wiring_analog.c.o)
 .debug_aranges
                0x00000380       0x30 C:\Users\admin\AppData\Local\Temp\VMBuilds\bitoperations\arduino_due_x_dbg\Debug/core.a(wiring_digital.c.o)
 .debug_aranges
                0x000003b0       0x28 C:\Users\admin\AppData\Local\Temp\VMBuilds\bitoperations\arduino_due_x_dbg\Debug/core.a(main.cpp.o)
 .debug_aranges
                0x000003d8       0xf8 C:\Users\admin\AppData\Local\Temp\VMBuilds\bitoperations\arduino_due_x_dbg\Debug/core.a(Print.cpp.o)
 .debug_aranges
                0x000004d0       0x38 C:\Users\admin\AppData\Local\Temp\VMBuilds\bitoperations\arduino_due_x_dbg\Debug/core.a(Reset.cpp.o)
 .debug_aranges
                0x00000508       0x28 C:\Users\admin\AppData\Local\Temp\VMBuilds\bitoperations\arduino_due_x_dbg\Debug/core.a(RingBuffer.cpp.o)
 .debug_aranges
                0x00000530       0x90 C:\Users\admin\AppData\Local\Temp\VMBuilds\bitoperations\arduino_due_x_dbg\Debug/core.a(UARTClass.cpp.o)
 .debug_aranges
                0x000005c0       0x40 C:\Users\admin\AppData\Local\Temp\VMBuilds\bitoperations\arduino_due_x_dbg\Debug/core.a(USARTClass.cpp.o)
 .debug_aranges
                0x00000600       0x38 C:\Users\admin\AppData\Local\Temp\VMBuilds\bitoperations\arduino_due_x_dbg\Debug/core.a(watchdog.cpp.o)
 .debug_aranges
                0x00000638       0xc0 C:\Users\admin\AppData\Local\Temp\VMBuilds\bitoperations\arduino_due_x_dbg\Debug/core.a(USBCore.cpp.o)
 .debug_aranges
                0x000006f8       0xd0 C:\Users\admin\AppData\Local\Temp\VMBuilds\bitoperations\arduino_due_x_dbg\Debug/core.a(CDC.cpp.o)
 .debug_aranges
                0x000007c8       0x50 C:\Users\admin\AppData\Local\Temp\VMBuilds\bitoperations\arduino_due_x_dbg\Debug/core.a(PluggableUSB.cpp.o)

.debug_ranges   0x00000000      0xb60
 .debug_ranges  0x00000000       0x58 bitoperations.cpp.o
 .debug_ranges  0x00000058      0x230 VM_DBG\VM_DBG.cpp.o
 .debug_ranges  0x00000288       0x80 C:\Users\admin\AppData\Local\Temp\VMBCore\arduino16x\3a1ce282f4257c2ef3c891a04e554e56\variant\variant.cpp.o
 .debug_ranges  0x00000308       0x28 C:\Users\admin\AppData\Local\Temp\VMBuilds\bitoperations\arduino_due_x_dbg\Debug/core.a(cortex_handlers.c.o)
 .debug_ranges  0x00000330       0x20 C:\Users\admin\AppData\Local\Temp\VMBuilds\bitoperations\arduino_due_x_dbg\Debug/core.a(hooks.c.o)
 .debug_ranges  0x00000350       0x60 C:\Users\admin\AppData\Local\Temp\VMBuilds\bitoperations\arduino_due_x_dbg\Debug/core.a(syscalls_sam3.c.o)
 .debug_ranges  0x000003b0       0x20 C:\Users\admin\AppData\Local\Temp\VMBuilds\bitoperations\arduino_due_x_dbg\Debug/core.a(wiring.c.o)
 .debug_ranges  0x000003d0       0x88 C:\Users\admin\AppData\Local\Temp\VMBuilds\bitoperations\arduino_due_x_dbg\Debug/core.a(wiring_analog.c.o)
 .debug_ranges  0x00000458       0x38 C:\Users\admin\AppData\Local\Temp\VMBuilds\bitoperations\arduino_due_x_dbg\Debug/core.a(wiring_digital.c.o)
 .debug_ranges  0x00000490       0x18 C:\Users\admin\AppData\Local\Temp\VMBuilds\bitoperations\arduino_due_x_dbg\Debug/core.a(main.cpp.o)
 .debug_ranges  0x000004a8      0x180 C:\Users\admin\AppData\Local\Temp\VMBuilds\bitoperations\arduino_due_x_dbg\Debug/core.a(Print.cpp.o)
 .debug_ranges  0x00000628       0x28 C:\Users\admin\AppData\Local\Temp\VMBuilds\bitoperations\arduino_due_x_dbg\Debug/core.a(Reset.cpp.o)
 .debug_ranges  0x00000650       0x18 C:\Users\admin\AppData\Local\Temp\VMBuilds\bitoperations\arduino_due_x_dbg\Debug/core.a(RingBuffer.cpp.o)
 .debug_ranges  0x00000668       0xb0 C:\Users\admin\AppData\Local\Temp\VMBuilds\bitoperations\arduino_due_x_dbg\Debug/core.a(UARTClass.cpp.o)
 .debug_ranges  0x00000718       0x30 C:\Users\admin\AppData\Local\Temp\VMBuilds\bitoperations\arduino_due_x_dbg\Debug/core.a(USARTClass.cpp.o)
 .debug_ranges  0x00000748       0x28 C:\Users\admin\AppData\Local\Temp\VMBuilds\bitoperations\arduino_due_x_dbg\Debug/core.a(watchdog.cpp.o)
 .debug_ranges  0x00000770      0x248 C:\Users\admin\AppData\Local\Temp\VMBuilds\bitoperations\arduino_due_x_dbg\Debug/core.a(USBCore.cpp.o)
 .debug_ranges  0x000009b8       0xd8 C:\Users\admin\AppData\Local\Temp\VMBuilds\bitoperations\arduino_due_x_dbg\Debug/core.a(CDC.cpp.o)
 .debug_ranges  0x00000a90       0xd0 C:\Users\admin\AppData\Local\Temp\VMBuilds\bitoperations\arduino_due_x_dbg\Debug/core.a(PluggableUSB.cpp.o)

.debug_line     0x00000000     0x606a
 .debug_line    0x00000000      0x594 bitoperations.cpp.o
 .debug_line    0x00000594      0x999 VM_DBG\VM_DBG.cpp.o
 .debug_line    0x00000f2d      0x62b C:\Users\admin\AppData\Local\Temp\VMBCore\arduino16x\3a1ce282f4257c2ef3c891a04e554e56\variant\variant.cpp.o
 .debug_line    0x00001558      0x354 C:\Users\admin\AppData\Local\Temp\VMBuilds\bitoperations\arduino_due_x_dbg\Debug/core.a(cortex_handlers.c.o)
 .debug_line    0x000018ac       0xb0 C:\Users\admin\AppData\Local\Temp\VMBuilds\bitoperations\arduino_due_x_dbg\Debug/core.a(hooks.c.o)
 .debug_line    0x0000195c      0x488 C:\Users\admin\AppData\Local\Temp\VMBuilds\bitoperations\arduino_due_x_dbg\Debug/core.a(syscalls_sam3.c.o)
 .debug_line    0x00001de4      0x358 C:\Users\admin\AppData\Local\Temp\VMBuilds\bitoperations\arduino_due_x_dbg\Debug/core.a(wiring.c.o)
 .debug_line    0x0000213c      0x5eb C:\Users\admin\AppData\Local\Temp\VMBuilds\bitoperations\arduino_due_x_dbg\Debug/core.a(wiring_analog.c.o)
 .debug_line    0x00002727      0x4a5 C:\Users\admin\AppData\Local\Temp\VMBuilds\bitoperations\arduino_due_x_dbg\Debug/core.a(wiring_digital.c.o)
 .debug_line    0x00002bcc      0x3ce C:\Users\admin\AppData\Local\Temp\VMBuilds\bitoperations\arduino_due_x_dbg\Debug/core.a(main.cpp.o)
 .debug_line    0x00002f9a      0x70f C:\Users\admin\AppData\Local\Temp\VMBuilds\bitoperations\arduino_due_x_dbg\Debug/core.a(Print.cpp.o)
 .debug_line    0x000036a9      0x493 C:\Users\admin\AppData\Local\Temp\VMBuilds\bitoperations\arduino_due_x_dbg\Debug/core.a(Reset.cpp.o)