Archive member included because of file (symbol)

C:\Users\admin\AppData\Local\arduino15\packages\arduino\hardware\sam\1.6.12\variants\arduino_due_x/libsam_sam3x8e_gcc_rel.a(pio.o)
                              C:\Users\admin\AppData\Local\Temp\VMBCore\arduino16x\b0ad0cc8ad1b320c61fb14ca4e8432c9\variant\variant.cpp.o (PIO_Configure)
C:\Users\admin\AppData\Local\arduino15\packages\arduino\hardware\sam\1.6.12\variants\arduino_due_x/libsam_sam3x8e_gcc_rel.a(pmc.o)
                              C:\Users\admin\AppData\Local\Temp\VMBCore\arduino16x\b0ad0cc8ad1b320c61fb14ca4e8432c9\variant\variant.cpp.o (pmc_enable_periph_clk)
C:\Users\admin\AppData\Local\arduino15\packages\arduino\hardware\sam\1.6.12\variants\arduino_due_x/libsam_sam3x8e_gcc_rel.a(system_sam3xa.o)
                              C:\Users\admin\AppData\Local\Temp\VMBCore\arduino16x\b0ad0cc8ad1b320c61fb14ca4e8432c9\variant\variant.cpp.o (SystemInit)
C:\Users\admin\AppData\Local\arduino15\packages\arduino\hardware\sam\1.6.12\variants\arduino_due_x/libsam_sam3x8e_gcc_rel.a(startup_sam3xa.o)
                              (Reset_Handler)
C:\Users\admin\AppData\Local\arduino15\packages\arduino\hardware\sam\1.6.12\variants\arduino_due_x/libsam_sam3x8e_gcc_rel.a(adc.o)
                              C:\Users\admin\AppData\Local\Temp\VMBCore\arduino16x\b0ad0cc8ad1b320c61fb14ca4e8432c9\variant\variant.cpp.o (adc_init)
C:\Users\admin\AppData\Local\arduino15\packages\arduino\hardware\sam\1.6.12\variants\arduino_due_x/libsam_sam3x8e_gcc_rel.a(uotghs.o)
                              C:\Users\admin\AppData\Local\arduino15\packages\arduino\hardware\sam\1.6.12\variants\arduino_due_x/libsam_sam3x8e_gcc_rel.a(startup_sam3xa.o) (UOTGHS_Handler)
C:\Users\admin\AppData\Local\Temp\VMBuilds\classes\arduino_due_x_dbg\Debug/core.a(cortex_handlers.c.o)
                              C:\Users\admin\AppData\Local\arduino15\packages\arduino\hardware\sam\1.6.12\variants\arduino_due_x/libsam_sam3x8e_gcc_rel.a(startup_sam3xa.o) (NMI_Handler)
C:\Users\admin\AppData\Local\Temp\VMBuilds\classes\arduino_due_x_dbg\Debug/core.a(hooks.c.o)
                              C:\Users\admin\AppData\Local\Temp\VMBuilds\classes\arduino_due_x_dbg\Debug/core.a(cortex_handlers.c.o) (sysTickHook)
C:\Users\admin\AppData\Local\Temp\VMBuilds\classes\arduino_due_x_dbg\Debug/core.a(syscalls_sam3.c.o)
                              (_sbrk)
C:\Users\admin\AppData\Local\Temp\VMBuilds\classes\arduino_due_x_dbg\Debug/core.a(wiring.c.o)
                              classes.cpp.o (millis)
C:\Users\admin\AppData\Local\Temp\VMBuilds\classes\arduino_due_x_dbg\Debug/core.a(wiring_analog.c.o)
                              C:\Users\admin\AppData\Local\Temp\VMBCore\arduino16x\b0ad0cc8ad1b320c61fb14ca4e8432c9\variant\variant.cpp.o (analogOutputInit)
C:\Users\admin\AppData\Local\Temp\VMBuilds\classes\arduino_due_x_dbg\Debug/core.a(wiring_digital.c.o)
                              classes.cpp.o (pinMode)
C:\Users\admin\AppData\Local\Temp\VMBuilds\classes\arduino_due_x_dbg\Debug/core.a(main.cpp.o)
                              c:/users/admin/appdata/local/arduino15/packages/arduino/tools/arm-none-eabi-gcc/4.8.3-2014q1/bin/../lib/gcc/arm-none-eabi/4.8.3/../../../../arm-none-eabi/lib/armv7-m/crt0.o (main)
C:\Users\admin\AppData\Local\Temp\VMBuilds\classes\arduino_due_x_dbg\Debug/core.a(Print.cpp.o)
                              classes.cpp.o (Print::print(char const*))
C:\Users\admin\AppData\Local\Temp\VMBuilds\classes\arduino_due_x_dbg\Debug/core.a(Reset.cpp.o)
                              C:\Users\admin\AppData\Local\Temp\VMBuilds\classes\arduino_due_x_dbg\Debug/core.a(cortex_handlers.c.o) (tickReset)
C:\Users\admin\AppData\Local\Temp\VMBuilds\classes\arduino_due_x_dbg\Debug/core.a(RingBuffer.cpp.o)
                              C:\Users\admin\AppData\Local\Temp\VMBCore\arduino16x\b0ad0cc8ad1b320c61fb14ca4e8432c9\variant\variant.cpp.o (RingBuffer::RingBuffer())
C:\Users\admin\AppData\Local\Temp\VMBuilds\classes\arduino_due_x_dbg\Debug/core.a(UARTClass.cpp.o)
                              VM_DBG\VM_DBG.cpp.o (UARTClass::available())
C:\Users\admin\AppData\Local\Temp\VMBuilds\classes\arduino_due_x_dbg\Debug/core.a(USARTClass.cpp.o)
                              C:\Users\admin\AppData\Local\Temp\VMBCore\arduino16x\b0ad0cc8ad1b320c61fb14ca4e8432c9\variant\variant.cpp.o (USARTClass::USARTClass(Usart*, IRQn, unsigned long, RingBuffer*, RingBuffer*))
C:\Users\admin\AppData\Local\Temp\VMBuilds\classes\arduino_due_x_dbg\Debug/core.a(watchdog.cpp.o)
                              C:\Users\admin\AppData\Local\Temp\VMBuilds\classes\arduino_due_x_dbg\Debug/core.a(main.cpp.o) (watchdogSetup())
C:\Users\admin\AppData\Local\Temp\VMBuilds\classes\arduino_due_x_dbg\Debug/core.a(WString.cpp.o)
                              classes.cpp.o (String::~String())
C:\Users\admin\AppData\Local\Temp\VMBuilds\classes\arduino_due_x_dbg\Debug/core.a(USBCore.cpp.o)
[...]
Memory Configuration

Name             Origin             Length             Attributes
rom              0x00080000         0x00080000         xr
sram0            0x20000000         0x00010000         xrw
sram1            0x20080000         0x00008000         xrw
ram              0x20070000         0x00018000         xrw
*default*        0x00000000         0xffffffff

Linker script and memory map

LOAD c:/users/admin/appdata/local/arduino15/packages/arduino/tools/arm-none-eabi-gcc/4.8.3-2014q1/bin/../lib/gcc/arm-none-eabi/4.8.3/armv7-m/crti.o
LOAD c:/users/admin/appdata/local/arduino15/packages/arduino/tools/arm-none-eabi-gcc/4.8.3-2014q1/bin/../lib/gcc/arm-none-eabi/4.8.3/armv7-m/crtbegin.o
LOAD c:/users/admin/appdata/local/arduino15/packages/arduino/tools/arm-none-eabi-gcc/4.8.3-2014q1/bin/../lib/gcc/arm-none-eabi/4.8.3/../../../../arm-none-eabi/lib/armv7-m/crt0.o
START GROUP
LOAD classes.cpp.o
LOAD Bottons.cpp.o
LOAD Leds.cpp.o
LOAD VM_DBG\VM_DBG.cpp.o
LOAD VM_DBG\VM_mem_check_sam.cpp.o
LOAD C:\Users\admin\AppData\Local\Temp\VMBCore\arduino16x\b0ad0cc8ad1b320c61fb14ca4e8432c9\variant\variant.cpp.o
LOAD C:\Users\admin\AppData\Local\arduino15\packages\arduino\hardware\sam\1.6.12\variants\arduino_due_x/libsam_sam3x8e_gcc_rel.a
LOAD C:\Users\admin\AppData\Local\Temp\VMBuilds\classes\arduino_due_x_dbg\Debug/core.a
END GROUP
LOAD c:/users/admin/appdata/local/arduino15/packages/arduino/tools/arm-none-eabi-gcc/4.8.3-2014q1/bin/../lib/gcc/arm-none-eabi/4.8.3/../../../../arm-none-eabi/lib/armv7-m\libm.a
LOAD c:/users/admin/appdata/local/arduino15/packages/arduino/tools/arm-none-eabi-gcc/4.8.3-2014q1/bin/../lib/gcc/arm-none-eabi/4.8.3/armv7-m\libgcc.a
START GROUP
LOAD c:/users/admin/appdata/local/arduino15/packages/arduino/tools/arm-none-eabi-gcc/4.8.3-2014q1/bin/../lib/gcc/arm-none-eabi/4.8.3/armv7-m\libgcc.a
LOAD c:/users/admin/appdata/local/arduino15/packages/arduino/tools/arm-none-eabi-gcc/4.8.3-2014q1/bin/../lib/gcc/arm-none-eabi/4.8.3/../../../../arm-none-eabi/lib/armv7-m\libc.a
END GROUP
LOAD c:/users/admin/appdata/local/arduino15/packages/arduino/tools/arm-none-eabi-gcc/4.8.3-2014q1/bin/../lib/gcc/arm-none-eabi/4.8.3/armv7-m/crtend.o
LOAD c:/users/admin/appdata/local/arduino15/packages/arduino/tools/arm-none-eabi-gcc/4.8.3-2014q1/bin/../lib/gcc/arm-none-eabi/4.8.3/armv7-m/crtn.o

.text           0x00080000     0x4420
                0x00080000                . = ALIGN (0x4)
                0x00080000                _sfixed = .
 *(.vectors .vectors.*)
 .vectors       0x00080000       0xf4 C:\Users\admin\AppData\Local\arduino15\packages\arduino\hardware\sam\1.6.12\variants\arduino_due_x/libsam_sam3x8e_gcc_rel.a(startup_sam3xa.o)
                0x00080000                exception_table
 *(.text .text.* .gnu.linkonce.t.*)
 .text          0x000800f4       0x54 c:/users/admin/appdata/local/arduino15/packages/arduino/tools/arm-none-eabi-gcc/4.8.3-2014q1/bin/../lib/gcc/arm-none-eabi/4.8.3/armv7-m/crtbegin.o
 .text._ZN3Led2onEv
                0x00080148        0x8 classes.cpp.o
                0x00080148                Led::on()
 .text._ZN3Led3offEv
                0x00080150        0x8 classes.cpp.o
                0x00080150                Led::off()
 .text._ZN3Led4initEv
                0x00080158       0x14 classes.cpp.o
                0x00080158                Led::init()
 .text._ZN6Button6updateEv
                0x0008016c       0x2c classes.cpp.o
                0x0008016c                Button::update()
 .text._ZN6Button4initEv
                0x00080198       0x14 classes.cpp.o
                0x00080198                Button::init()
 .text._ZN6PersonC2Ei
                0x000801ac       0x48 classes.cpp.o
                0x000801ac                Person::Person(int)
                0x000801ac                Person::Person(int)
 .text._ZN6Person16displayAvailableEv
                0x000801f4      0x10c classes.cpp.o
                0x000801f4                Person::displayAvailable()
 .text.loop     0x00080300      0x168 classes.cpp.o
                0x00080300                loop
 .text.startup._GLOBAL__sub_I___VisualMicro_DEBUG_1_HITCOUNTER__
                0x00080468      0x1b8 classes.cpp.o
 .text.setup    0x00080620       0x78 classes.cpp.o
                0x00080620                setup
 .text._ZN16VisualMicroDebug16DBG_YieldAndWaitEmb
                0x00080698       0x1a VM_DBG\VM_DBG.cpp.o
                0x00080698                VisualMicroDebug::DBG_YieldAndWait(unsigned long, bool)
 .text._ZN16VisualMicroDebug16DBG_YieldAndWaitEm
                0x000806b2        0x6 VM_DBG\VM_DBG.cpp.o
                0x000806b2                VisualMicroDebug::DBG_YieldAndWait(unsigned long)
 .text._ZN16VisualMicroDebug10DBG_MillisEv
                0x000806b8        0x4 VM_DBG\VM_DBG.cpp.o
                0x000806b8                VisualMicroDebug::DBG_Millis()
 .text._ZN16VisualMicroDebug22OnBreakPointPrintBeginEh
                0x000806bc       0x74 VM_DBG\VM_DBG.cpp.o
                0x000806bc                VisualMicroDebug::OnBreakPointPrintBegin(unsigned char)
 .text._ZN16VisualMicroDebug20OnBreakPointPrintEndEv
                0x00080730       0x10 VM_DBG\VM_DBG.cpp.o
                0x00080730                VisualMicroDebug::OnBreakPointPrintEnd()
 .text._ZN16VisualMicroDebug14outPacketStartEb
                0x00080740       0x28 VM_DBG\VM_DBG.cpp.o
                0x00080740                VisualMicroDebug::outPacketStart(bool)
 .text._ZN16VisualMicroDebug12outPacketEndEv
                0x00080768        0x2 VM_DBG\VM_DBG.cpp.o
                0x00080768                VisualMicroDebug::outPacketEnd()
 .text._ZN16VisualMicroDebug4initEm
                0x0008076a        0xe VM_DBG\VM_DBG.cpp.o
                0x0008076a                VisualMicroDebug::init(unsigned long)
 .text._ZN16VisualMicroDebug16sendContinuedACKEh
                0x00080778       0x40 VM_DBG\VM_DBG.cpp.o
                0x00080778                VisualMicroDebug::sendContinuedACK(unsigned char)
 .text.startup._GLOBAL__sub_I__ZN16VisualMicroDebug16DBG_YieldAndWaitEm
                0x000807b8       0x14 VM_DBG\VM_DBG.cpp.o
 .text._ZN16VisualMicroDebug5beginEm
                0x000807cc       0x1c VM_DBG\VM_DBG.cpp.o
                0x000807cc                VisualMicroDebug::begin(unsigned long)
 .text._ZN16VisualMicroDebug4readEv
                0x000807e8       0x10 VM_DBG\VM_DBG.cpp.o
                0x000807e8                VisualMicroDebug::read()
 .text._ZN16VisualMicroDebug24digitalWriteMessageCheckEv
                0x000807f8       0x7c VM_DBG\VM_DBG.cpp.o
                0x000807f8                VisualMicroDebug::digitalWriteMessageCheck()
 .text._ZN16VisualMicroDebug17OnBreakPointBeginEm
                0x00080874       0x1e VM_DBG\VM_DBG.cpp.o
                0x00080874                VisualMicroDebug::OnBreakPointBegin(unsigned long)
 .text._ZN16VisualMicroDebug15OnBreakPointEndEv
                0x00080892       0x10 VM_DBG\VM_DBG.cpp.o
                0x00080892                VisualMicroDebug::OnBreakPointEnd()
 *fill*         0x000808a2        0x2 
 .text._ZN16VisualMicroDebug9breakWaitEh
                0x000808a4       0x60 VM_DBG\VM_DBG.cpp.o
                0x000808a4                VisualMicroDebug::breakWait(unsigned char)
 .text._ZN16VisualMicroDebug5startEbb
                0x00080904       0x26 VM_DBG\VM_DBG.cpp.o
                0x00080904                VisualMicroDebug::start(bool, bool)
 .text._Z11serialEventv
                0x0008092a        0x2 C:\Users\admin\AppData\Local\Temp\VMBCore\arduino16x\b0ad0cc8ad1b320c61fb14ca4e8432c9\variant\variant.cpp.o
                0x0008092a                serialEvent()
 .text.UART_Handler
                0x0008092c        0xc C:\Users\admin\AppData\Local\Temp\VMBCore\arduino16x\b0ad0cc8ad1b320c61fb14ca4e8432c9\variant\variant.cpp.o
                0x0008092c                UART_Handler
 .text._Z12serialEvent1v
                0x00080938        0x2 C:\Users\admin\AppData\Local\Temp\VMBCore\arduino16x\b0ad0cc8ad1b320c61fb14ca4e8432c9\variant\variant.cpp.o
                0x00080938                serialEvent1()
 .text._Z12serialEvent2v
                0x0008093a        0x2 C:\Users\admin\AppData\Local\Temp\VMBCore\arduino16x\b0ad0cc8ad1b320c61fb14ca4e8432c9\variant\variant.cpp.o
                0x0008093a                serialEvent2()
 .text._Z12serialEvent3v
                0x0008093c        0x2 C:\Users\admin\AppData\Local\Temp\VMBCore\arduino16x\b0ad0cc8ad1b320c61fb14ca4e8432c9\variant\variant.cpp.o
                0x0008093c                serialEvent3()
 *fill*         0x0008093e        0x2 
 .text.USART0_Handler
                0x00080940        0xc C:\Users\admin\AppData\Local\Temp\VMBCore\arduino16x\b0ad0cc8ad1b320c61fb14ca4e8432c9\variant\variant.cpp.o
                0x00080940                USART0_Handler
 .text.USART1_Handler
                0x0008094c        0xc C:\Users\admin\AppData\Local\Temp\VMBCore\arduino16x\b0ad0cc8ad1b320c61fb14ca4e8432c9\variant\variant.cpp.o
                0x0008094c                USART1_Handler
 .text.USART3_Handler
                0x00080958        0xc C:\Users\admin\AppData\Local\Temp\VMBCore\arduino16x\b0ad0cc8ad1b320c61fb14ca4e8432c9\variant\variant.cpp.o
                0x00080958                USART3_Handler
 .text.init     0x00080964      0x128 C:\Users\admin\AppData\Local\Temp\VMBCore\arduino16x\b0ad0cc8ad1b320c61fb14ca4e8432c9\variant\variant.cpp.o
                0x00080964                init
 .text.startup._GLOBAL__sub_I_g_APinDescription
                0x00080a8c       0xd4 C:\Users\admin\AppData\Local\Temp\VMBCore\arduino16x\b0ad0cc8ad1b320c61fb14ca4e8432c9\variant\variant.cpp.o
 .text._Z14serialEventRunv
                0x00080b60       0x44 C:\Users\admin\AppData\Local\Temp\VMBCore\arduino16x\b0ad0cc8ad1b320c61fb14ca4e8432c9\variant\variant.cpp.o
                0x00080b60                serialEventRun()
 .text.PIO_PullUp
                0x00080ba4        0xa C:\Users\admin\AppData\Local\arduino15\packages\arduino\hardware\sam\1.6.12\variants\arduino_due_x/libsam_sam3x8e_gcc_rel.a(pio.o)
                0x00080ba4                PIO_PullUp
 .text.PIO_Get  0x00080bae       0x14 C:\Users\admin\AppData\Local\arduino15\packages\arduino\hardware\sam\1.6.12\variants\arduino_due_x/libsam_sam3x8e_gcc_rel.a(pio.o)
                0x00080bae                PIO_Get
 .text.PIO_SetPeripheral
                0x00080bc2       0x26 C:\Users\admin\AppData\Local\arduino15\packages\arduino\hardware\sam\1.6.12\variants\arduino_due_x/libsam_sam3x8e_gcc_rel.a(pio.o)
                0x00080bc2                PIO_SetPeripheral
 .text.PIO_SetInput
                0x00080be8       0x26 C:\Users\admin\AppData\Local\arduino15\packages\arduino\hardware\sam\1.6.12\variants\arduino_due_x/libsam_sam3x8e_gcc_rel.a(pio.o)
                0x00080be8                PIO_SetInput
 .text.PIO_SetOutput
                0x00080c0e       0x24 C:\Users\admin\AppData\Local\arduino15\packages\arduino\hardware\sam\1.6.12\variants\arduino_due_x/libsam_sam3x8e_gcc_rel.a(pio.o)
                0x00080c0e                PIO_SetOutput
 *fill*         0x00080c32        0x2 
 .text.PIO_Configure
                0x00080c34       0x64 C:\Users\admin\AppData\Local\arduino15\packages\arduino\hardware\sam\1.6.12\variants\arduino_due_x/libsam_sam3x8e_gcc_rel.a(pio.o)
                0x00080c34                PIO_Configure
 .text.PIO_GetOutputDataStatus
                0x00080c98       0x14 C:\Users\admin\AppData\Local\arduino15\packages\arduino\hardware\sam\1.6.12\variants\arduino_due_x/libsam_sam3x8e_gcc_rel.a(pio.o)
                0x00080c98                PIO_GetOutputDataStatus
 .text.pmc_enable_upll_clock
                0x00080cac       0x14 C:\Users\admin\AppData\Local\arduino15\packages\arduino\hardware\sam\1.6.12\variants\arduino_due_x/libsam_sam3x8e_gcc_rel.a(pmc.o)
                0x00080cac                pmc_enable_upll_clock
 .text.pmc_enable_periph_clk
                0x00080cc0       0x44 C:\Users\admin\AppData\Local\arduino15\packages\arduino\hardware\sam\1.6.12\variants\arduino_due_x/libsam_sam3x8e_gcc_rel.a(pmc.o)
                0x00080cc0                pmc_enable_periph_clk
 .text.pmc_disable_periph_clk
                0x00080d04       0x40 C:\Users\admin\AppData\Local\arduino15\packages\arduino\hardware\sam\1.6.12\variants\arduino_due_x/libsam_sam3x8e_gcc_rel.a(pmc.o)
                0x00080d04                pmc_disable_periph_clk
 .text.pmc_switch_udpck_to_upllck
                0x00080d44       0x14 C:\Users\admin\AppData\Local\arduino15\packages\arduino\hardware\sam\1.6.12\variants\arduino_due_x/libsam_sam3x8e_gcc_rel.a(pmc.o)
                0x00080d44                pmc_switch_udpck_to_upllck
 .text.pmc_enable_udpck
                0x00080d58        0xc C:\Users\admin\AppData\Local\arduino15\packages\arduino\hardware\sam\1.6.12\variants\arduino_due_x/libsam_sam3x8e_gcc_rel.a(pmc.o)
                0x00080d58                pmc_enable_udpck
 .text.SystemInit
                0x00080d64       0x88 C:\Users\admin\AppData\Local\arduino15\packages\arduino\hardware\sam\1.6.12\variants\arduino_due_x/libsam_sam3x8e_gcc_rel.a(system_sam3xa.o)
                0x00080d64                SystemInit
 .text.Reset_Handler
                0x00080dec       0x78 C:\Users\admin\AppData\Local\arduino15\packages\arduino\hardware\sam\1.6.12\variants\arduino_due_x/libsam_sam3x8e_gcc_rel.a(startup_sam3xa.o)
                0x00080dec                Reset_Handler
 .text.adc_init
                0x00080e64       0x98 C:\Users\admin\AppData\Local\arduino15\packages\arduino\hardware\sam\1.6.12\variants\arduino_due_x/libsam_sam3x8e_gcc_rel.a(adc.o)
                0x00080e64                adc_init
 .text.adc_configure_trigger
                0x00080efc        0xe C:\Users\admin\AppData\Local\arduino15\packages\arduino\hardware\sam\1.6.12\variants\arduino_due_x/libsam_sam3x8e_gcc_rel.a(adc.o)
                0x00080efc                adc_configure_trigger
 .text.adc_configure_timing
                0x00080f0a       0x1a C:\Users\admin\AppData\Local\arduino15\packages\arduino\hardware\sam\1.6.12\variants\arduino_due_x/libsam_sam3x8e_gcc_rel.a(adc.o)
                0x00080f0a                adc_configure_timing
 .text.adc_disable_channel
                0x00080f24        0xa C:\Users\admin\AppData\Local\arduino15\packages\arduino\hardware\sam\1.6.12\variants\arduino_due_x/libsam_sam3x8e_gcc_rel.a(adc.o)
                0x00080f24                adc_disable_channel
 .text.adc_disable_all_channel
                0x00080f2e        0x8 C:\Users\admin\AppData\Local\arduino15\packages\arduino\hardware\sam\1.6.12\variants\arduino_due_x/libsam_sam3x8e_gcc_rel.a(adc.o)
                0x00080f2e                adc_disable_all_channel
 .text.adc_disable_interrupt
                0x00080f36        0x4 C:\Users\admin\AppData\Local\arduino15\packages\arduino\hardware\sam\1.6.12\variants\arduino_due_x/libsam_sam3x8e_gcc_rel.a(adc.o)
                0x00080f36                adc_disable_interrupt
 *fill*         0x00080f3a        0x2 
 .text.UOTGHS_Handler
                0x00080f3c       0x10 C:\Users\admin\AppData\Local\arduino15\packages\arduino\hardware\sam\1.6.12\variants\arduino_due_x/libsam_sam3x8e_gcc_rel.a(uotghs.o)
                0x00080f3c                UOTGHS_Handler
 .text.__halt   0x00080f4c        0x2 C:\Users\admin\AppData\Local\Temp\VMBuilds\classes\arduino_due_x_dbg\Debug/core.a(cortex_handlers.c.o)
                0x00080f4c                DACC_Handler
                0x00080f4c                DebugMon_Handler
                0x00080f4c                DMAC_Handler
                0x00080f4c                TRNG_Handler
                0x00080f4c                HardFault_Handler
                0x00080f4c                TC2_Handler
                0x00080f4c                TWI1_Handler
                0x00080f4c                NMI_Handler
                0x00080f4c                TC7_Handler
                0x00080f4c                ADC_Handler
                0x00080f4c                SMC_Handler
                0x00080f4c                RTT_Handler
                0x00080f4c                EFC1_Handler
                0x00080f4c                PIOB_Handler
                0x00080f4c                RTC_Handler
                0x00080f4c                UsageFault_Handler
                0x00080f4c                TC6_Handler
                0x00080f4c                WDT_Handler
                0x00080f4c                CAN0_Handler
                0x00080f4c                TC4_Handler
                0x00080f4c                TC1_Handler
                0x00080f4c                HSMCI_Handler
                0x00080f4c                TC3_Handler
                0x00080f4c                TWI0_Handler
                0x00080f4c                PIOA_Handler
                0x00080f4c                SSC_Handler
                0x00080f4c                EFC0_Handler
                0x00080f4c                PMC_Handler
                0x00080f4c                PWM_Handler
                0x00080f4c                CAN1_Handler
                0x00080f4c                MemManage_Handler
                0x00080f4c                SUPC_Handler
                0x00080f4c                TC8_Handler
                0x00080f4c                USART2_Handler
                0x00080f4c                PIOD_Handler
                0x00080f4c                EMAC_Handler
                0x00080f4c                PIOC_Handler
                0x00080f4c                BusFault_Handler
                0x00080f4c                RSTC_Handler
                0x00080f4c                TC0_Handler
                0x00080f4c                TC5_Handler
                0x00080f4c                SPI0_Handler
 .text.SVC_Handler
                0x00080f4e        0x4 C:\Users\admin\AppData\Local\Temp\VMBuilds\classes\arduino_due_x_dbg\Debug/core.a(cortex_handlers.c.o)
                0x00080f4e                SVC_Handler
 .text.PendSV_Handler
                0x00080f52        0x4 C:\Users\admin\AppData\Local\Temp\VMBuilds\classes\arduino_due_x_dbg\Debug/core.a(cortex_handlers.c.o)
                0x00080f52                PendSV_Handler
 .text.SysTick_Handler
                0x00080f56       0x16 C:\Users\admin\AppData\Local\Temp\VMBuilds\classes\arduino_due_x_dbg\Debug/core.a(cortex_handlers.c.o)
                0x00080f56                SysTick_Handler
 .text.__empty  0x00080f6c        0x2 C:\Users\admin\AppData\Local\Temp\VMBuilds\classes\arduino_due_x_dbg\Debug/core.a(hooks.c.o)
                0x00080f6c                yield
 .text.__false  0x00080f6e        0x4 C:\Users\admin\AppData\Local\Temp\VMBuilds\classes\arduino_due_x_dbg\Debug/core.a(hooks.c.o)
                0x00080f6e                sysTickHook
 .text.__halt   0x00080f72        0x2 C:\Users\admin\AppData\Local\Temp\VMBuilds\classes\arduino_due_x_dbg\Debug/core.a(hooks.c.o)
                0x00080f72                svcHook
                0x00080f72                pendSVHook
 .text._sbrk    0x00080f74       0x1c C:\Users\admin\AppData\Local\Temp\VMBuilds\classes\arduino_due_x_dbg\Debug/core.a(syscalls_sam3.c.o)
                0x00080f74                _sbrk
 .text.link     0x00080f90        0x6 C:\Users\admin\AppData\Local\Temp\VMBuilds\classes\arduino_due_x_dbg\Debug/core.a(syscalls_sam3.c.o)
                0x00080f90                link
 .text._close   0x00080f96        0x6 C:\Users\admin\AppData\Local\Temp\VMBuilds\classes\arduino_due_x_dbg\Debug/core.a(syscalls_sam3.c.o)
                0x00080f96                _close
 .text._fstat   0x00080f9c        0xa C:\Users\admin\AppData\Local\Temp\VMBuilds\classes\arduino_due_x_dbg\Debug/core.a(syscalls_sam3.c.o)
                0x00080f9c                _fstat
 .text._isatty  0x00080fa6        0x4 C:\Users\admin\AppData\Local\Temp\VMBuilds\classes\arduino_due_x_dbg\Debug/core.a(syscalls_sam3.c.o)
                0x00080fa6                _isatty
 .text._lseek   0x00080faa        0x4 C:\Users\admin\AppData\Local\Temp\VMBuilds\classes\arduino_due_x_dbg\Debug/core.a(syscalls_sam3.c.o)
                0x00080faa                _lseek
 .text._read    0x00080fae        0x4 C:\Users\admin\AppData\Local\Temp\VMBuilds\classes\arduino_due_x_dbg\Debug/core.a(syscalls_sam3.c.o)
                0x00080fae                _read
 *fill*         0x00080fb2        0x2 
 .text._write   0x00080fb4       0x24 C:\Users\admin\AppData\Local\Temp\VMBuilds\classes\arduino_due_x_dbg\Debug/core.a(syscalls_sam3.c.o)
                0x00080fb4                _write
 .text._exit    0x00080fd8        0x2 C:\Users\admin\AppData\Local\Temp\VMBuilds\classes\arduino_due_x_dbg\Debug/core.a(syscalls_sam3.c.o)
                0x00080fd8                _exit
 .text._kill    0x00080fda        0x2 C:\Users\admin\AppData\Local\Temp\VMBuilds\classes\arduino_due_x_dbg\Debug/core.a(syscalls_sam3.c.o)
                0x00080fda                _kill
 .text._getpid  0x00080fdc        0x6 C:\Users\admin\AppData\Local\Temp\VMBuilds\classes\arduino_due_x_dbg\Debug/core.a(syscalls_sam3.c.o)
                0x00080fdc                _getpid
 .text.millis   0x00080fe2        0x4 C:\Users\admin\AppData\Local\Temp\VMBuilds\classes\arduino_due_x_dbg\Debug/core.a(wiring.c.o)
                0x00080fe2                millis
 .text.delay    0x00080fe6       0x1c C:\Users\admin\AppData\Local\Temp\VMBuilds\classes\arduino_due_x_dbg\Debug/core.a(wiring.c.o)
                0x00080fe6                delay
 .text.analogOutputInit
                0x00081002        0x2 C:\Users\admin\AppData\Local\Temp\VMBuilds\classes\arduino_due_x_dbg\Debug/core.a(wiring_analog.c.o)
                0x00081002                analogOutputInit
 .text.pinMode  0x00081004      0x108 C:\Users\admin\AppData\Local\Temp\VMBuilds\classes\arduino_due_x_dbg\Debug/core.a(wiring_digital.c.o)
                0x00081004                pinMode
 .text.digitalWrite
                0x0008110c       0x70 C:\Users\admin\AppData\Local\Temp\VMBuilds\classes\arduino_due_x_dbg\Debug/core.a(wiring_digital.c.o)
                0x0008110c                digitalWrite
 .text.digitalRead
                0x0008117c       0x44 C:\Users\admin\AppData\Local\Temp\VMBuilds\classes\arduino_due_x_dbg\Debug/core.a(wiring_digital.c.o)
                0x0008117c                digitalRead
 .text.initVariant
                0x000811c0        0x2 C:\Users\admin\AppData\Local\Temp\VMBuilds\classes\arduino_due_x_dbg\Debug/core.a(main.cpp.o)
                0x000811c0                initVariant
 *fill*         0x000811c2        0x2 
 .text.startup.main
                0x000811c4       0x38 C:\Users\admin\AppData\Local\Temp\VMBuilds\classes\arduino_due_x_dbg\Debug/core.a(main.cpp.o)
                0x000811c4                main
 .text._ZN5Print5writeEPKhj
                0x000811fc       0x22 C:\Users\admin\AppData\Local\Temp\VMBuilds\classes\arduino_due_x_dbg\Debug/core.a(Print.cpp.o)
                0x000811fc                Print::write(unsigned char const*, unsigned int)
 .text._ZN5Print5printEmi.part.3
                0x0008121e        0xc C:\Users\admin\AppData\Local\Temp\VMBuilds\classes\arduino_due_x_dbg\Debug/core.a(Print.cpp.o)
 .text._ZN5Print5writeEPKc
                0x0008122a       0x1e C:\Users\admin\AppData\Local\Temp\VMBuilds\classes\arduino_due_x_dbg\Debug/core.a(Print.cpp.o)
                0x0008122a                Print::write(char const*)
 .text._ZN5Print5printERK6String
                0x00081248       0x10 C:\Users\admin\AppData\Local\Temp\VMBuilds\classes\arduino_due_x_dbg\Debug/core.a(Print.cpp.o)
                0x00081248                Print::print(String const&)
 .text._ZN5Print5printEPKc
                0x00081258        0x8 C:\Users\admin\AppData\Local\Temp\VMBuilds\classes\arduino_due_x_dbg\Debug/core.a(Print.cpp.o)
                0x00081258                Print::print(char const*)
 .text._ZN5Print5printEc
                0x00081260        0xa C:\Users\admin\AppData\Local\Temp\VMBuilds\classes\arduino_due_x_dbg\Debug/core.a(Print.cpp.o)
                0x00081260                Print::print(char)
 *fill*         0x0008126a        0x2 
 .text._ZN5Print7printlnEv
                0x0008126c       0x10 C:\Users\admin\AppData\Local\Temp\VMBuilds\classes\arduino_due_x_dbg\Debug/core.a(Print.cpp.o)
                0x0008126c                Print::println()
 .text._ZN5Print7printlnERK6String
                0x0008127c       0x14 C:\Users\admin\AppData\Local\Temp\VMBuilds\classes\arduino_due_x_dbg\Debug/core.a(Print.cpp.o)
                0x0008127c                Print::println(String const&)
 .text._ZN5Print7printlnEPKc
                0x00081290       0x14 C:\Users\admin\AppData\Local\Temp\VMBuilds\classes\arduino_due_x_dbg\Debug/core.a(Print.cpp.o)
                0x00081290                Print::println(char const*)
 .text._ZN5Print11printNumberEmh
                0x000812a4       0x3e C:\Users\admin\AppData\Local\Temp\VMBuilds\classes\arduino_due_x_dbg\Debug/core.a(Print.cpp.o)
                0x000812a4                Print::printNumber(unsigned long, unsigned char)
 .text._ZN5Print5printEli
                0x000812e2       0x3c C:\Users\admin\AppData\Local\Temp\VMBuilds\classes\arduino_due_x_dbg\Debug/core.a(Print.cpp.o)
                0x000812e2                Print::print(long, int)
 .text._ZN5Print5printEii
                0x0008131e        0x4 C:\Users\admin\AppData\Local\Temp\VMBuilds\classes\arduino_due_x_dbg\Debug/core.a(Print.cpp.o)
                0x0008131e                Print::print(int, int)
 .text._ZN5Print7printlnEii
                0x00081322       0x14 C:\Users\admin\AppData\Local\Temp\VMBuilds\classes\arduino_due_x_dbg\Debug/core.a(Print.cpp.o)
                0x00081322                Print::println(int, int)
 .text._ZN5Print5printEmi
                0x00081336        0xc C:\Users\admin\AppData\Local\Temp\VMBuilds\classes\arduino_due_x_dbg\Debug/core.a(Print.cpp.o)
                0x00081336                Print::print(unsigned long, int)
 .text._ZN5Print5printEhi
                0x00081342        0x4 C:\Users\admin\AppData\Local\Temp\VMBuilds\classes\arduino_due_x_dbg\Debug/core.a(Print.cpp.o)
                0x00081342                Print::print(unsigned char, int)
 *fill*         0x00081346        0x2 
 .text.initiateReset
                0x00081348        0xc C:\Users\admin\AppData\Local\Temp\VMBuilds\classes\arduino_due_x_dbg\Debug/core.a(Reset.cpp.o)
                0x00081348                initiateReset
 .text.cancelReset
                0x00081354       0x10 C:\Users\admin\AppData\Local\Temp\VMBuilds\classes\arduino_due_x_dbg\Debug/core.a(Reset.cpp.o)
                0x00081354                cancelReset
 .text.tickReset
                0x00081364       0x20 C:\Users\admin\AppData\Local\Temp\VMBuilds\classes\arduino_due_x_dbg\Debug/core.a(Reset.cpp.o)
                0x00081364                tickReset
 .text._ZN10RingBufferC2Ev
                0x00081384       0x1a C:\Users\admin\AppData\Local\Temp\VMBuilds\classes\arduino_due_x_dbg\Debug/core.a(RingBuffer.cpp.o)
                0x00081384                RingBuffer::RingBuffer()
                0x00081384                RingBuffer::RingBuffer()
 .text._ZN10RingBuffer10store_charEh
                0x0008139e       0x1e C:\Users\admin\AppData\Local\Temp\VMBuilds\classes\arduino_due_x_dbg\Debug/core.a(RingBuffer.cpp.o)
                0x0008139e                RingBuffer::store_char(unsigned char)
 .text._ZN9UARTClasscvbEv
                0x000813bc        0x4 C:\Users\admin\AppData\Local\Temp\VMBuilds\classes\arduino_due_x_dbg\Debug/core.a(UARTClass.cpp.o)
                0x000813bc                UARTClass::operator bool()
 .text._ZN9UARTClass9availableEv
                0x000813c0       0x12 C:\Users\admin\AppData\Local\Temp\VMBuilds\classes\arduino_due_x_dbg\Debug/core.a(UARTClass.cpp.o)
                0x000813c0                UARTClass::available()
 .text._ZN9UARTClass4peekEv
                0x000813d2       0x1c C:\Users\admin\AppData\Local\Temp\VMBuilds\classes\arduino_due_x_dbg\Debug/core.a(UARTClass.cpp.o)
                0x000813d2                UARTClass::peek()
 .text._ZN9UARTClass4readEv
                0x000813ee       0x2a C:\Users\admin\AppData\Local\Temp\VMBuilds\classes\arduino_due_x_dbg\Debug/core.a(UARTClass.cpp.o)
                0x000813ee                UARTClass::read()
 .text._ZN9UARTClass5flushEv
                0x00081418       0x18 C:\Users\admin\AppData\Local\Temp\VMBuilds\classes\arduino_due_x_dbg\Debug/core.a(UARTClass.cpp.o)
                0x00081418                UARTClass::flush()
 .text._ZN9UARTClass5writeEh
                0x00081430       0x54 C:\Users\admin\AppData\Local\Temp\VMBuilds\classes\arduino_due_x_dbg\Debug/core.a(UARTClass.cpp.o)
                0x00081430                UARTClass::write(unsigned char)
 .text._ZN9UARTClass3endEv
                0x00081484       0x3c C:\Users\admin\AppData\Local\Temp\VMBuilds\classes\arduino_due_x_dbg\Debug/core.a(UARTClass.cpp.o)
                0x00081484                UARTClass::end()
 .text._ZN9UARTClassC2EP4Uart4IRQnmP10RingBufferS4_
                0x000814c0       0x24 C:\Users\admin\AppData\Local\Temp\VMBuilds\classes\arduino_due_x_dbg\Debug/core.a(UARTClass.cpp.o)
                0x000814c0                UARTClass::UARTClass(Uart*, IRQn, unsigned long, RingBuffer*, RingBuffer*)
                0x000814c0                UARTClass::UARTClass(Uart*, IRQn, unsigned long, RingBuffer*, RingBuffer*)
 .text._ZN9UARTClass4initEmm
                0x000814e4       0x70 C:\Users\admin\AppData\Local\Temp\VMBuilds\classes\arduino_due_x_dbg\Debug/core.a(UARTClass.cpp.o)
                0x000814e4                UARTClass::init(unsigned long, unsigned long)
 .text._ZN9UARTClass5beginEm
                0x00081554        0x8 C:\Users\admin\AppData\Local\Temp\VMBuilds\classes\arduino_due_x_dbg\Debug/core.a(UARTClass.cpp.o)
                0x00081554                UARTClass::begin(unsigned long)
 .text._ZN9UARTClass10IrqHandlerEv
                0x0008155c       0x5a C:\Users\admin\AppData\Local\Temp\VMBuilds\classes\arduino_due_x_dbg\Debug/core.a(UARTClass.cpp.o)
                0x0008155c                UARTClass::IrqHandler()
 .text._ZN10USARTClass5beginEm
                0x000815b6        0x8 C:\Users\admin\AppData\Local\Temp\VMBuilds\classes\arduino_due_x_dbg\Debug/core.a(USARTClass.cpp.o)
                0x000815b6                USARTClass::begin(unsigned long)
 *fill*         0x000815be        0x2 
 .text._ZN10USARTClassC2EP5Usart4IRQnmP10RingBufferS4_
                0x000815c0       0x24 C:\Users\admin\AppData\Local\Temp\VMBuilds\classes\arduino_due_x_dbg\Debug/core.a(USARTClass.cpp.o)
                0x000815c0                USARTClass::USARTClass(Usart*, IRQn, unsigned long, RingBuffer*, RingBuffer*)
                0x000815c0                USARTClass::USARTClass(Usart*, IRQn, unsigned long, RingBuffer*, RingBuffer*)
 .text._watchdogDefaultSetup
                0x000815e4        0xc C:\Users\admin\AppData\Local\Temp\VMBuilds\classes\arduino_due_x_dbg\Debug/core.a(watchdog.cpp.o)
                0x000815e4                _watchdogDefaultSetup
                0x000815e4                watchdogSetup()
 .text._ZN6StringD2Ev
                0x000815f0        0xe C:\Users\admin\AppData\Local\Temp\VMBuilds\classes\arduino_due_x_dbg\Debug/core.a(WString.cpp.o)
                0x000815f0                String::~String()
                0x000815f0                String::~String()
 .text._ZN6String10invalidateEv
                0x000815fe       0x16 C:\Users\admin\AppData\Local\Temp\VMBuilds\classes\arduino_due_x_dbg\Debug/core.a(WString.cpp.o)
                0x000815fe                String::invalidate()
 .text._ZN6String12changeBufferEj
                0x00081614       0x18 C:\Users\admin\AppData\Local\Temp\VMBuilds\classes\arduino_due_x_dbg\Debug/core.a(WString.cpp.o)
                0x00081614                String::changeBuffer(unsigned int)
 .text._ZN6String7reserveEj
                0x0008162c       0x22 C:\Users\admin\AppData\Local\Temp\VMBuilds\classes\arduino_due_x_dbg\Debug/core.a(WString.cpp.o)
                0x0008162c                String::reserve(unsigned int)
 .text._ZN6String4copyEPKcj
                0x0008164e       0x26 C:\Users\admin\AppData\Local\Temp\VMBuilds\classes\arduino_due_x_dbg\Debug/core.a(WString.cpp.o)
                0x0008164e                String::copy(char const*, unsigned int)
 .text._ZN6StringC2EPKc
                0x00081674       0x24 C:\Users\admin\AppData\Local\Temp\VMBuilds\classes\arduino_due_x_dbg\Debug/core.a(WString.cpp.o)
                0x00081674                String::String(char const*)
                0x00081674                String::String(char const*)
 .text._ZN6StringaSEPKc
                0x00081698       0x22 C:\Users\admin\AppData\Local\Temp\VMBuilds\classes\arduino_due_x_dbg\Debug/core.a(WString.cpp.o)
                0x00081698                String::operator=(char const*)
 *fill*         0x000816ba        0x2 
 .text.unlikely._ZL11USB_SendZlpv
                0x000816bc       0x20 C:\Users\admin\AppData\Local\Temp\VMBuilds\classes\arduino_due_x_dbg\Debug/core.a(USBCore.cpp.o)
 .text._Z14USBD_Availablem
                0x000816dc       0x2c C:\Users\admin\AppData\Local\Temp\VMBuilds\classes\arduino_due_x_dbg\Debug/core.a(USBCore.cpp.o)
                0x000816dc                USBD_Available(unsigned long)
 .text._Z9USBD_RecvmPvm
                0x00081708       0x7c C:\Users\admin\AppData\Local\Temp\VMBuilds\classes\arduino_due_x_dbg\Debug/core.a(USBCore.cpp.o)
                0x00081708                USBD_Recv(unsigned long, void*, unsigned long)
 .text._Z9USBD_Recvm
                0x00081784       0x22 C:\Users\admin\AppData\Local\Temp\VMBuilds\classes\arduino_due_x_dbg\Debug/core.a(USBCore.cpp.o)
                0x00081784                USBD_Recv(unsigned long)
 *fill*         0x000817a6        0x2 
 .text._Z9USBD_SendmPKvm
                0x000817a8       0x4c C:\Users\admin\AppData\Local\Temp\VMBuilds\classes\arduino_due_x_dbg\Debug/core.a(USBCore.cpp.o)
                0x000817a8                USBD_Send(unsigned long, void const*, unsigned long)
 .text._Z16USBD_SendControlhPKvm
                0x000817f4       0x40 C:\Users\admin\AppData\Local\Temp\VMBuilds\classes\arduino_due_x_dbg\Debug/core.a(USBCore.cpp.o)
                0x000817f4                USBD_SendControl(unsigned char, void const*, unsigned long)
 .text.unlikely._ZL24USB_SendStringDescriptorPKhi
                0x00081834       0x64 C:\Users\admin\AppData\Local\Temp\VMBuilds\classes\arduino_due_x_dbg\Debug/core.a(USBCore.cpp.o)
 .text._Z16USBD_RecvControlPvm
                0x00081898       0x1c C:\Users\admin\AppData\Local\Temp\VMBuilds\classes\arduino_due_x_dbg\Debug/core.a(USBCore.cpp.o)
                0x00081898                USBD_RecvControl(void*, unsigned long)
 .text._Z26USBD_ClassInterfaceRequestR8USBSetup
                0x000818b4       0x1e C:\Users\admin\AppData\Local\Temp\VMBuilds\classes\arduino_due_x_dbg\Debug/core.a(USBCore.cpp.o)
                0x000818b4                USBD_ClassInterfaceRequest(USBSetup&)
 .text._Z19USBD_SendInterfacesv
                0x000818d2       0x22 C:\Users\admin\AppData\Local\Temp\VMBuilds\classes\arduino_due_x_dbg\Debug/core.a(USBCore.cpp.o)
                0x000818d2                USBD_SendInterfaces()
 .text._Z24USBD_SendOtherInterfacesv
                0x000818f4       0x22 C:\Users\admin\AppData\Local\Temp\VMBuilds\classes\arduino_due_x_dbg\Debug/core.a(USBCore.cpp.o)
                0x000818f4                USBD_SendOtherInterfaces()
 .text._Z10USBD_Flushm
                0x00081916       0x16 C:\Users\admin\AppData\Local\Temp\VMBuilds\classes\arduino_due_x_dbg\Debug/core.a(USBCore.cpp.o)
                0x00081916                USBD_Flush(unsigned long)
 .text._ZN10USBDevice_C2Ev
                0x0008192c       0x24 C:\Users\admin\AppData\Local\Temp\VMBuilds\classes\arduino_due_x_dbg\Debug/core.a(USBCore.cpp.o)
                0x0008192c                USBDevice_::USBDevice_()
                0x0008192c                USBDevice_::USBDevice_()
 .text._ZN10USBDevice_6attachEv
                0x00081950       0x20 C:\Users\admin\AppData\Local\Temp\VMBuilds\classes\arduino_due_x_dbg\Debug/core.a(USBCore.cpp.o)
                0x00081950                USBDevice_::attach()
 .text.startup._GLOBAL__sub_I_EndPoints
                0x00081970        0xc C:\Users\admin\AppData\Local\Temp\VMBuilds\classes\arduino_due_x_dbg\Debug/core.a(USBCore.cpp.o)
 .text._ZL7USB_ISRv
                0x0008197c      0x454 C:\Users\admin\AppData\Local\Temp\VMBuilds\classes\arduino_due_x_dbg\Debug/core.a(USBCore.cpp.o)
 .text._ZN7Serial_9availableEv
                0x00081dd0       0x18 C:\Users\admin\AppData\Local\Temp\VMBuilds\classes\arduino_due_x_dbg\Debug/core.a(CDC.cpp.o)
                0x00081dd0                Serial_::available()
 .text._ZN7Serial_17availableForWriteEv
                0x00081de8        0x6 C:\Users\admin\AppData\Local\Temp\VMBuilds\classes\arduino_due_x_dbg\Debug/core.a(CDC.cpp.o)
                0x00081de8                Serial_::availableForWrite()
 *fill*         0x00081dee        0x2 
 .text._ZN7Serial_4peekEv
                0x00081df0       0x20 C:\Users\admin\AppData\Local\Temp\VMBuilds\classes\arduino_due_x_dbg\Debug/core.a(CDC.cpp.o)
                0x00081df0                Serial_::peek()
 .text._ZN7Serial_5writeEh
                0x00081e10       0x16 C:\Users\admin\AppData\Local\Temp\VMBuilds\classes\arduino_due_x_dbg\Debug/core.a(CDC.cpp.o)
                0x00081e10                Serial_::write(unsigned char)
 *fill*         0x00081e26        0x2 
 .text._ZN7Serial_4readEv
                0x00081e28       0x44 C:\Users\admin\AppData\Local\Temp\VMBuilds\classes\arduino_due_x_dbg\Debug/core.a(CDC.cpp.o)
                0x00081e28                Serial_::read()
 .text._ZN7Serial_5flushEv
                0x00081e6c        0x6 C:\Users\admin\AppData\Local\Temp\VMBuilds\classes\arduino_due_x_dbg\Debug/core.a(CDC.cpp.o)
                0x00081e6c                Serial_::flush()
 *fill*         0x00081e72        0x2 
 .text._ZN7Serial_6acceptEv
                0x00081e74       0x70 C:\Users\admin\AppData\Local\Temp\VMBuilds\classes\arduino_due_x_dbg\Debug/core.a(CDC.cpp.o)
                0x00081e74                Serial_::accept()
 .text._ZN7Serial_5writeEPKhj
                0x00081ee4       0x2c C:\Users\admin\AppData\Local\Temp\VMBuilds\classes\arduino_due_x_dbg\Debug/core.a(CDC.cpp.o)
                0x00081ee4                Serial_::write(unsigned char const*, unsigned int)
 .text._Z16CDC_GetInterfacePh
                0x00081f10       0x14 C:\Users\admin\AppData\Local\Temp\VMBuilds\classes\arduino_due_x_dbg\Debug/core.a(CDC.cpp.o)
                0x00081f10                CDC_GetInterface(unsigned char*)
 .text._Z21CDC_GetOtherInterfacePh
                0x00081f24       0x14 C:\Users\admin\AppData\Local\Temp\VMBuilds\classes\arduino_due_x_dbg\Debug/core.a(CDC.cpp.o)
                0x00081f24                CDC_GetOtherInterface(unsigned char*)
 .text._Z9CDC_SetupR8USBSetup
                0x00081f38       0x78 C:\Users\admin\AppData\Local\Temp\VMBuilds\classes\arduino_due_x_dbg\Debug/core.a(CDC.cpp.o)
                0x00081f38                CDC_Setup(USBSetup&)
 .text.startup._GLOBAL__sub_I_cdc_rx_buffer
                0x00081fb0       0x1c C:\Users\admin\AppData\Local\Temp\VMBuilds\classes\arduino_due_x_dbg\Debug/core.a(CDC.cpp.o)
 .text._ZN13PluggableUSB_12getInterfaceEPh
                0x00081fcc       0x28 C:\Users\admin\AppData\Local\Temp\VMBuilds\classes\arduino_due_x_dbg\Debug/core.a(PluggableUSB.cpp.o)
                0x00081fcc                PluggableUSB_::getInterface(unsigned char*)
 .text._ZN13PluggableUSB_13getDescriptorER8USBSetup
                0x00081ff4       0x1c C:\Users\admin\AppData\Local\Temp\VMBuilds\classes\arduino_due_x_dbg\Debug/core.a(PluggableUSB.cpp.o)
                0x00081ff4                PluggableUSB_::getDescriptor(USBSetup&)
 .text._ZN13PluggableUSB_12getShortNameEPc
                0x00082010       0x1c C:\Users\admin\AppData\Local\Temp\VMBuilds\classes\arduino_due_x_dbg\Debug/core.a(PluggableUSB.cpp.o)
                0x00082010                PluggableUSB_::getShortName(char*)
 .text._ZN13PluggableUSB_5setupER8USBSetup
                0x0008202c       0x20 C:\Users\admin\AppData\Local\Temp\VMBuilds\classes\arduino_due_x_dbg\Debug/core.a(PluggableUSB.cpp.o)
                0x0008202c                PluggableUSB_::setup(USBSetup&)
 .text._Z12PluggableUSBv
                0x0008204c       0x28 C:\Users\admin\AppData\Local\Temp\VMBuilds\classes\arduino_due_x_dbg\Debug/core.a(PluggableUSB.cpp.o)
                0x0008204c                PluggableUSB()
 .text.TimeTick_Increment
                0x00082074       0x10 C:\Users\admin\AppData\Local\arduino15\packages\arduino\hardware\sam\1.6.12\variants\arduino_due_x/libsam_sam3x8e_gcc_rel.a(timetick.o)
                0x00082074                TimeTick_Increment
 .text.GetTickCount
                0x00082084        0xc C:\Users\admin\AppData\Local\arduino15\packages\arduino\hardware\sam\1.6.12\variants\arduino_due_x/libsam_sam3x8e_gcc_rel.a(timetick.o)
                0x00082084                GetTickCount
 .text.WDT_Disable
                0x00082090        0x8 C:\Users\admin\AppData\Local\arduino15\packages\arduino\hardware\sam\1.6.12\variants\arduino_due_x/libsam_sam3x8e_gcc_rel.a(wdt.o)
                0x00082090                WDT_Disable
 .text.UDD_SetStack
                0x00082098        0xc C:\Users\admin\AppData\Local\arduino15\packages\arduino\hardware\sam\1.6.12\variants\arduino_due_x/libsam_sam3x8e_gcc_rel.a(uotghs_device.o)
                0x00082098                UDD_SetStack
 .text.UDD_Init
                0x000820a4       0xd0 C:\Users\admin\AppData\Local\arduino15\packages\arduino\hardware\sam\1.6.12\variants\arduino_due_x/libsam_sam3x8e_gcc_rel.a(uotghs_device.o)
                0x000820a4                UDD_Init
 .text.UDD_Attach
                0x00082174       0x50 C:\Users\admin\AppData\Local\arduino15\packages\arduino\hardware\sam\1.6.12\variants\arduino_due_x/libsam_sam3x8e_gcc_rel.a(uotghs_device.o)
                0x00082174                UDD_Attach
 .text.UDD_InitEP
                0x000821c4       0x2c C:\Users\admin\AppData\Local\arduino15\packages\arduino\hardware\sam\1.6.12\variants\arduino_due_x/libsam_sam3x8e_gcc_rel.a(uotghs_device.o)
                0x000821c4                UDD_InitEP
 .text.UDD_InitEndpoints
                0x000821f0       0x3c C:\Users\admin\AppData\Local\arduino15\packages\arduino\hardware\sam\1.6.12\variants\arduino_due_x/libsam_sam3x8e_gcc_rel.a(uotghs_device.o)
                0x000821f0                UDD_InitEndpoints
 .text.UDD_WaitIN
                0x0008222c       0x10 C:\Users\admin\AppData\Local\arduino15\packages\arduino\hardware\sam\1.6.12\variants\arduino_due_x/libsam_sam3x8e_gcc_rel.a(uotghs_device.o)
                0x0008222c                UDD_WaitIN
 .text.UDD_WaitOUT
                0x0008223c       0x10 C:\Users\admin\AppData\Local\arduino15\packages\arduino\hardware\sam\1.6.12\variants\arduino_due_x/libsam_sam3x8e_gcc_rel.a(uotghs_device.o)
                0x0008223c                UDD_WaitOUT
 .text.UDD_ClearIN
                0x0008224c       0x18 C:\Users\admin\AppData\Local\arduino15\packages\arduino\hardware\sam\1.6.12\variants\arduino_due_x/libsam_sam3x8e_gcc_rel.a(uotghs_device.o)
                0x0008224c                UDD_ClearIN
 .text.UDD_ClearOUT
                0x00082264       0x18 C:\Users\admin\AppData\Local\arduino15\packages\arduino\hardware\sam\1.6.12\variants\arduino_due_x/libsam_sam3x8e_gcc_rel.a(uotghs_device.o)
                0x00082264                UDD_ClearOUT
 .text.UDD_ReceivedSetupInt
                0x0008227c       0x10 C:\Users\admin\AppData\Local\arduino15\packages\arduino\hardware\sam\1.6.12\variants\arduino_due_x/libsam_sam3x8e_gcc_rel.a(uotghs_device.o)
                0x0008227c                UDD_ReceivedSetupInt
 .text.UDD_ClearSetupInt
                0x0008228c       0x10 C:\Users\admin\AppData\Local\arduino15\packages\arduino\hardware\sam\1.6.12\variants\arduino_due_x/libsam_sam3x8e_gcc_rel.a(uotghs_device.o)
                0x0008228c                UDD_ClearSetupInt
 .text.UDD_Send
                0x0008229c       0x88 C:\Users\admin\AppData\Local\arduino15\packages\arduino\hardware\sam\1.6.12\variants\arduino_due_x/libsam_sam3x8e_gcc_rel.a(uotghs_device.o)
                0x0008229c                UDD_Send
 .text.UDD_Send8
                0x00082324       0x24 C:\Users\admin\AppData\Local\arduino15\packages\arduino\hardware\sam\1.6.12\variants\arduino_due_x/libsam_sam3x8e_gcc_rel.a(uotghs_device.o)
                0x00082324                UDD_Send8
 .text.UDD_Recv8
                0x00082348       0x28 C:\Users\admin\AppData\Local\arduino15\packages\arduino\hardware\sam\1.6.12\variants\arduino_due_x/libsam_sam3x8e_gcc_rel.a(uotghs_device.o)
                0x00082348                UDD_Recv8
 .text.UDD_Recv
                0x00082370       0x34 C:\Users\admin\AppData\Local\arduino15\packages\arduino\hardware\sam\1.6.12\variants\arduino_due_x/libsam_sam3x8e_gcc_rel.a(uotghs_device.o)
                0x00082370                UDD_Recv
 .text.UDD_Stall
                0x000823a4       0x14 C:\Users\admin\AppData\Local\arduino15\packages\arduino\hardware\sam\1.6.12\variants\arduino_due_x/libsam_sam3x8e_gcc_rel.a(uotghs_device.o)
                0x000823a4                UDD_Stall
 .text.UDD_FifoByteCount
                0x000823b8       0x14 C:\Users\admin\AppData\Local\arduino15\packages\arduino\hardware\sam\1.6.12\variants\arduino_due_x/libsam_sam3x8e_gcc_rel.a(uotghs_device.o)
                0x000823b8                UDD_FifoByteCount
 .text.UDD_ReleaseRX
                0x000823cc       0x28 C:\Users\admin\AppData\Local\arduino15\packages\arduino\hardware\sam\1.6.12\variants\arduino_due_x/libsam_sam3x8e_gcc_rel.a(uotghs_device.o)
                0x000823cc                UDD_ReleaseRX
 .text.UDD_ReleaseTX
                0x000823f4       0x28 C:\Users\admin\AppData\Local\arduino15\packages\arduino\hardware\sam\1.6.12\variants\arduino_due_x/libsam_sam3x8e_gcc_rel.a(uotghs_device.o)
                0x000823f4                UDD_ReleaseTX
 .text.UDD_SetAddress
                0x0008241c       0x20 C:\Users\admin\AppData\Local\arduino15\packages\arduino\hardware\sam\1.6.12\variants\arduino_due_x/libsam_sam3x8e_gcc_rel.a(uotghs_device.o)
                0x0008241c                UDD_SetAddress
 .text.atoi     0x0008243c        0x8 c:/users/admin/appdata/local/arduino15/packages/arduino/tools/arm-none-eabi-gcc/4.8.3-2014q1/bin/../lib/gcc/arm-none-eabi/4.8.3/../../../../arm-none-eabi/lib/armv7-m\libc.a(lib_a-atoi.o)
                0x0008243c                atoi
 .text.__libc_init_array
                0x00082444       0x50 c:/users/admin/appdata/local/arduino15/packages/arduino/tools/arm-none-eabi-gcc/4.8.3-2014q1/bin/../lib/gcc/arm-none-eabi/4.8.3/../../../../arm-none-eabi/lib/armv7-m\libc.a(lib_a-init.o)
                0x00082444                __libc_init_array
 .text.malloc   0x00082494       0x10 c:/users/admin/appdata/local/arduino15/packages/arduino/tools/arm-none-eabi-gcc/4.8.3-2014q1/bin/../lib/gcc/arm-none-eabi/4.8.3/../../../../arm-none-eabi/lib/armv7-m\libc.a(lib_a-malloc.o)
                0x00082494                malloc
 .text.free     0x000824a4       0x10 c:/users/admin/appdata/local/arduino15/packages/arduino/tools/arm-none-eabi-gcc/4.8.3-2014q1/bin/../lib/gcc/arm-none-eabi/4.8.3/../../../../arm-none-eabi/lib/armv7-m\libc.a(lib_a-malloc.o)
                0x000824a4                free
 .text._malloc_r
                0x000824b4      0x538 c:/users/admin/appdata/local/arduino15/packages/arduino/tools/arm-none-eabi-gcc/4.8.3-2014q1/bin/../lib/gcc/arm-none-eabi/4.8.3/../../../../arm-none-eabi/lib/armv7-m\libc.a(lib_a-mallocr.o)
                0x000824b4                _malloc_r
 .text          0x000829ec       0xec c:/users/admin/appdata/local/arduino15/packages/arduino/tools/arm-none-eabi-gcc/4.8.3-2014q1/bin/../lib/gcc/arm-none-eabi/4.8.3/../../../../arm-none-eabi/lib/armv7-m\libc.a(lib_a-memcpy.o)
                0x000829ec                memcpy
 .text.memmove  0x00082ad8       0xcc c:/users/admin/appdata/local/arduino15/packages/arduino/tools/arm-none-eabi-gcc/4.8.3-2014q1/bin/../lib/gcc/arm-none-eabi/4.8.3/../../../../arm-none-eabi/lib/armv7-m\libc.a(lib_a-memmove.o)
                0x00082ad8                memmove
 .text.memset   0x00082ba4       0x94 c:/users/admin/appdata/local/arduino15/packages/arduino/tools/arm-none-eabi-gcc/4.8.3-2014q1/bin/../lib/gcc/arm-none-eabi/4.8.3/../../../../arm-none-eabi/lib/armv7-m\libc.a(lib_a-memset.o)
                0x00082ba4                memset
 .text.__malloc_lock
                0x00082c38        0x4 c:/users/admin/appdata/local/arduino15/packages/arduino/tools/arm-none-eabi-gcc/4.8.3-2014q1/bin/../lib/gcc/arm-none-eabi/4.8.3/../../../../arm-none-eabi/lib/armv7-m\libc.a(lib_a-mlock.o)
                0x00082c38                __malloc_lock
 .text.__malloc_unlock
                0x00082c3c        0x4 c:/users/admin/appdata/local/arduino15/packages/arduino/tools/arm-none-eabi-gcc/4.8.3-2014q1/bin/../lib/gcc/arm-none-eabi/4.8.3/../../../../arm-none-eabi/lib/armv7-m\libc.a(lib_a-mlock.o)
                0x00082c3c                __malloc_unlock
 .text.realloc  0x00082c40       0x10 c:/users/admin/appdata/local/arduino15/packages/arduino/tools/arm-none-eabi-gcc/4.8.3-2014q1/bin/../lib/gcc/arm-none-eabi/4.8.3/../../../../arm-none-eabi/lib/armv7-m\libc.a(lib_a-realloc.o)
                0x00082c40                realloc
 .text._realloc_r
                0x00082c50      0x3c0 c:/users/admin/appdata/local/arduino15/packages/arduino/tools/arm-none-eabi-gcc/4.8.3-2014q1/bin/../lib/gcc/arm-none-eabi/4.8.3/../../../../arm-none-eabi/lib/armv7-m\libc.a(lib_a-reallocr.o)
                0x00082c50                _realloc_r
 .text._sbrk_r  0x00083010       0x24 c:/users/admin/appdata/local/arduino15/packages/arduino/tools/arm-none-eabi-gcc/4.8.3-2014q1/bin/../lib/gcc/arm-none-eabi/4.8.3/../../../../arm-none-eabi/lib/armv7-m\libc.a(lib_a-sbrkr.o)
                0x00083010                _sbrk_r
 .text.strcpy   0x00083034       0xbc c:/users/admin/appdata/local/arduino15/packages/arduino/tools/arm-none-eabi-gcc/4.8.3-2014q1/bin/../lib/gcc/arm-none-eabi/4.8.3/../../../../arm-none-eabi/lib/armv7-m\libc.a(lib_a-strcpy.o)
                0x00083034                strcpy
 .text.strlen   0x000830f0       0x60 c:/users/admin/appdata/local/arduino15/packages/arduino/tools/arm-none-eabi-gcc/4.8.3-2014q1/bin/../lib/gcc/arm-none-eabi/4.8.3/../../../../arm-none-eabi/lib/armv7-m\libc.a(lib_a-strlen.o)
                0x000830f0                strlen
 .text._strtol_r
                0x00083150      0x114 c:/users/admin/appdata/local/arduino15/packages/arduino/tools/arm-none-eabi-gcc/4.8.3-2014q1/bin/../lib/gcc/arm-none-eabi/4.8.3/../../../../arm-none-eabi/lib/armv7-m\libc.a(lib_a-strtol.o)
                0x00083150                _strtol_r
 .text.strtol   0x00083264       0x18 c:/users/admin/appdata/local/arduino15/packages/arduino/tools/arm-none-eabi-gcc/4.8.3-2014q1/bin/../lib/gcc/arm-none-eabi/4.8.3/../../../../arm-none-eabi/lib/armv7-m\libc.a(lib_a-strtol.o)
                0x00083264                strtol
 .text.kill     0x0008327c       0x10 c:/users/admin/appdata/local/arduino15/packages/arduino/tools/arm-none-eabi-gcc/4.8.3-2014q1/bin/../lib/gcc/arm-none-eabi/4.8.3/../../../../arm-none-eabi/lib/armv7-m\libc.a(lib_a-syskill.o)
                0x0008327c                kill
 .text.startup.register_fini
                0x0008328c       0x14 c:/users/admin/appdata/local/arduino15/packages/arduino/tools/arm-none-eabi-gcc/4.8.3-2014q1/bin/../lib/gcc/arm-none-eabi/4.8.3/../../../../arm-none-eabi/lib/armv7-m\libc.a(lib_a-__call_atexit.o)
 .text.atexit   0x000832a0        0xc c:/users/admin/appdata/local/arduino15/packages/arduino/tools/arm-none-eabi-gcc/4.8.3-2014q1/bin/../lib/gcc/arm-none-eabi/4.8.3/../../../../arm-none-eabi/lib/armv7-m\libc.a(lib_a-atexit.o)
                0x000832a0                atexit
 .text.__libc_fini_array
                0x000832ac       0x30 c:/users/admin/appdata/local/arduino15/packages/arduino/tools/arm-none-eabi-gcc/4.8.3-2014q1/bin/../lib/gcc/arm-none-eabi/4.8.3/../../../../arm-none-eabi/lib/armv7-m\libc.a(lib_a-fini.o)
                0x000832ac                __libc_fini_array
 .text._malloc_trim_r
                0x000832dc       0x9c c:/users/admin/appdata/local/arduino15/packages/arduino/tools/arm-none-eabi-gcc/4.8.3-2014q1/bin/../lib/gcc/arm-none-eabi/4.8.3/../../../../arm-none-eabi/lib/armv7-m\libc.a(lib_a-freer.o)
                0x000832dc                _malloc_trim_r
 .text._free_r  0x00083378      0x198 c:/users/admin/appdata/local/arduino15/packages/arduino/tools/arm-none-eabi-gcc/4.8.3-2014q1/bin/../lib/gcc/arm-none-eabi/4.8.3/../../../../arm-none-eabi/lib/armv7-m\libc.a(lib_a-freer.o)
                0x00083378                _free_r
 .text._kill_r  0x00083510       0x28 c:/users/admin/appdata/local/arduino15/packages/arduino/tools/arm-none-eabi-gcc/4.8.3-2014q1/bin/../lib/gcc/arm-none-eabi/4.8.3/../../../../arm-none-eabi/lib/armv7-m\libc.a(lib_a-signalr.o)
                0x00083510                _kill_r
 .text.__register_exitproc
                0x00083538       0xa8 c:/users/admin/appdata/local/arduino15/packages/arduino/tools/arm-none-eabi-gcc/4.8.3-2014q1/bin/../lib/gcc/arm-none-eabi/4.8.3/../../../../arm-none-eabi/lib/armv7-m\libc.a(lib_a-__atexit.o)
                0x00083538                __register_exitproc
 *(.glue_7t)
 .glue_7t       0x00000000        0x0 linker stubs
 *(.glue_7)
 .glue_7        0x00000000        0x0 linker stubs
 *(.rodata .rodata* .gnu.linkonce.r.*)
 .rodata.str1.1
                0x000835e0       0x8c classes.cpp.o
                                 0x8d (size before relaxing)
 .rodata.str1.1
                0x0008366c       0x68 VM_DBG\VM_DBG.cpp.o
                                 0x6a (size before relaxing)
 .rodata.g_APinDescription
                0x000836d4      0xa2c C:\Users\admin\AppData\Local\Temp\VMBCore\arduino16x\b0ad0cc8ad1b320c61fb14ca4e8432c9\variant\variant.cpp.o
                0x000836d4                g_APinDescription
 .rodata        0x00084100       0x40 C:\Users\admin\AppData\Local\arduino15\packages\arduino\hardware\sam\1.6.12\variants\arduino_due_x/libsam_sam3x8e_gcc_rel.a(adc.o)
 .rodata.str1.1
                0x00084140        0xc C:\Users\admin\AppData\Local\Temp\VMBuilds\classes\arduino_due_x_dbg\Debug/core.a(Print.cpp.o)
                                  0xf (size before relaxing)
 *fill*         0x0008414c        0x4 
 .rodata._ZTV9UARTClass
                0x00084150       0x30 C:\Users\admin\AppData\Local\Temp\VMBuilds\classes\arduino_due_x_dbg\Debug/core.a(UARTClass.cpp.o)
                0x00084150                vtable for UARTClass
 .rodata._ZTV10USARTClass
                0x00084180       0x30 C:\Users\admin\AppData\Local\Temp\VMBuilds\classes\arduino_due_x_dbg\Debug/core.a(USARTClass.cpp.o)
                0x00084180                vtable for USARTClass
 .rodata.STRING_PRODUCT
                0x000841b0        0xc C:\Users\admin\AppData\Local\Temp\VMBuilds\classes\arduino_due_x_dbg\Debug/core.a(USBCore.cpp.o)
                0x000841b0                STRING_PRODUCT
 .rodata.USB_DeviceDescriptor
                0x000841bc       0x12 C:\Users\admin\AppData\Local\Temp\VMBuilds\classes\arduino_due_x_dbg\Debug/core.a(USBCore.cpp.o)
                0x000841bc                USB_DeviceDescriptor
 .rodata.STRING_LANGUAGE
                0x000841ce        0x4 C:\Users\admin\AppData\Local\Temp\VMBuilds\classes\arduino_due_x_dbg\Debug/core.a(USBCore.cpp.o)
                0x000841ce                STRING_LANGUAGE
 .rodata._ZL18test_packet_buffer
                0x000841d2       0x35 C:\Users\admin\AppData\Local\Temp\VMBuilds\classes\arduino_due_x_dbg\Debug/core.a(USBCore.cpp.o)
 .rodata.STRING_MANUFACTURER
                0x00084207        0xc C:\Users\admin\AppData\Local\Temp\VMBuilds\classes\arduino_due_x_dbg\Debug/core.a(USBCore.cpp.o)
                0x00084207                STRING_MANUFACTURER
 .rodata.USB_DeviceDescriptorA
                0x00084213       0x12 C:\Users\admin\AppData\Local\Temp\VMBuilds\classes\arduino_due_x_dbg\Debug/core.a(USBCore.cpp.o)
                0x00084213                USB_DeviceDescriptorA
 .rodata._ZL19USB_DeviceQualifier
                0x00084225        0x9 C:\Users\admin\AppData\Local\Temp\VMBuilds\classes\arduino_due_x_dbg\Debug/core.a(USBCore.cpp.o)
 *fill*         0x0008422e        0x2 
 .rodata._ZTV7Serial_
                0x00084230       0x28 C:\Users\admin\AppData\Local\Temp\VMBuilds\classes\arduino_due_x_dbg\Debug/core.a(CDC.cpp.o)
                0x00084230                vtable for Serial_
 .rodata._ZL18_cdcOtherInterface
                0x00084258       0x42 C:\Users\admin\AppData\Local\Temp\VMBuilds\classes\arduino_due_x_dbg\Debug/core.a(CDC.cpp.o)
 .rodata._ZL13_cdcInterface
                0x0008429a       0x42 C:\Users\admin\AppData\Local\Temp\VMBuilds\classes\arduino_due_x_dbg\Debug/core.a(CDC.cpp.o)
 .rodata.str1.4
                0x000842dc        0x4 c:/users/admin/appdata/local/arduino15/packages/arduino/tools/arm-none-eabi-gcc/4.8.3-2014q1/bin/../lib/gcc/arm-none-eabi/4.8.3/../../../../arm-none-eabi/lib/armv7-m\libc.a(lib_a-impure.o)
 .rodata._global_impure_ptr
                0x000842e0        0x4 c:/users/admin/appdata/local/arduino15/packages/arduino/tools/arm-none-eabi-gcc/4.8.3-2014q1/bin/../lib/gcc/arm-none-eabi/4.8.3/../../../../arm-none-eabi/lib/armv7-m\libc.a(lib_a-impure.o)
                0x000842e0                _global_impure_ptr
 .rodata._ctype_
                0x000842e4      0x104 c:/users/admin/appdata/local/arduino15/packages/arduino/tools/arm-none-eabi-gcc/4.8.3-2014q1/bin/../lib/gcc/arm-none-eabi/4.8.3/../../../../arm-none-eabi/lib/armv7-m\libc.a(lib_a-ctype_.o)
                0x000842e4                _ctype_
 *(.ARM.extab* .gnu.linkonce.armextab.*)
                0x000843e8                . = ALIGN (0x4)
 *(.init)
 .init          0x000843e8        0x4 c:/users/admin/appdata/local/arduino15/packages/arduino/tools/arm-none-eabi-gcc/4.8.3-2014q1/bin/../lib/gcc/arm-none-eabi/4.8.3/armv7-m/crti.o
                0x000843e8                _init
 .init          0x000843ec        0x8 c:/users/admin/appdata/local/arduino15/packages/arduino/tools/arm-none-eabi-gcc/4.8.3-2014q1/bin/../lib/gcc/arm-none-eabi/4.8.3/armv7-m/crtn.o
                0x000843f4                . = ALIGN (0x4)
                0x000843f4                __preinit_array_start = .
 *(.preinit_array)
                0x000843f4                __preinit_array_end = .
                0x000843f4                . = ALIGN (0x4)
                0x000843f4                __init_array_start = .
 *(SORT(.init_array.*))
 .init_array.00000
                0x000843f4        0x4 c:/users/admin/appdata/local/arduino15/packages/arduino/tools/arm-none-eabi-gcc/4.8.3-2014q1/bin/../lib/gcc/arm-none-eabi/4.8.3/../../../../arm-none-eabi/lib/armv7-m\libc.a(lib_a-__call_atexit.o)
 *(.init_array)
 .init_array    0x000843f8        0x4 c:/users/admin/appdata/local/arduino15/packages/arduino/tools/arm-none-eabi-gcc/4.8.3-2014q1/bin/../lib/gcc/arm-none-eabi/4.8.3/armv7-m/crtbegin.o
 .init_array    0x000843fc        0x4 classes.cpp.o
 .init_array    0x00084400        0x4 VM_DBG\VM_DBG.cpp.o
 .init_array    0x00084404        0x4 C:\Users\admin\AppData\Local\Temp\VMBCore\arduino16x\b0ad0cc8ad1b320c61fb14ca4e8432c9\variant\variant.cpp.o
 .init_array    0x00084408        0x4 C:\Users\admin\AppData\Local\Temp\VMBuilds\classes\arduino_due_x_dbg\Debug/core.a(USBCore.cpp.o)
 .init_array    0x0008440c        0x4 C:\Users\admin\AppData\Local\Temp\VMBuilds\classes\arduino_due_x_dbg\Debug/core.a(CDC.cpp.o)
                0x00084410                __init_array_end = .
                0x00084410                . = ALIGN (0x4)
 *crtbegin.o(.ctors)
 *(EXCLUDE_FILE(*crtend.o) .ctors)
 *(SORT(.ctors.*))
 *crtend.o(.ctors)
                0x00084410                . = ALIGN (0x4)
 *(.fini)
 .fini          0x00084410        0x4 c:/users/admin/appdata/local/arduino15/packages/arduino/tools/arm-none-eabi-gcc/4.8.3-2014q1/bin/../lib/gcc/arm-none-eabi/4.8.3/armv7-m/crti.o
                0x00084410                _fini
 .fini          0x00084414        0x8 c:/users/admin/appdata/local/arduino15/packages/arduino/tools/arm-none-eabi-gcc/4.8.3-2014q1/bin/../lib/gcc/arm-none-eabi/4.8.3/armv7-m/crtn.o
                0x0008441c                . = ALIGN (0x4)
                0x0008441c                __fini_array_start = .
 *(.fini_array)
 .fini_array    0x0008441c        0x4 c:/users/admin/appdata/local/arduino15/packages/arduino/tools/arm-none-eabi-gcc/4.8.3-2014q1/bin/../lib/gcc/arm-none-eabi/4.8.3/armv7-m/crtbegin.o
 *(SORT(.fini_array.*))
                0x00084420                __fini_array_end = .
 *crtbegin.o(.dtors)
 *(EXCLUDE_FILE(*crtend.o) .dtors)
 *(SORT(.dtors.*))
 *crtend.o(.dtors)
                0x00084420                . = ALIGN (0x4)
                0x00084420                _efixed = .
                0x00084420                PROVIDE (__exidx_start, .)

.vfp11_veneer   0x00084420        0x0
 .vfp11_veneer  0x00000000        0x0 linker stubs

.v4_bx          0x00084420        0x0
 .v4_bx         0x00000000        0x0 linker stubs

.iplt           0x00084420        0x0
 .iplt          0x00000000        0x0 c:/users/admin/appdata/local/arduino15/packages/arduino/tools/arm-none-eabi-gcc/4.8.3-2014q1/bin/../lib/gcc/arm-none-eabi/4.8.3/armv7-m/crtbegin.o

.eh_frame       0x00084420        0x0
 .eh_frame      0x00084420        0x0 c:/users/admin/appdata/local/arduino15/packages/arduino/tools/arm-none-eabi-gcc/4.8.3-2014q1/bin/../lib/gcc/arm-none-eabi/4.8.3/armv7-m/crtbegin.o

.rel.dyn        0x00084420        0x0
 .rel.iplt      0x00000000        0x0 c:/users/admin/appdata/local/arduino15/packages/arduino/tools/arm-none-eabi-gcc/4.8.3-2014q1/bin/../lib/gcc/arm-none-eabi/4.8.3/armv7-m/crtbegin.o

.jcr            0x00084420        0x0
 .jcr           0x00084420        0x0 c:/users/admin/appdata/local/arduino15/packages/arduino/tools/arm-none-eabi-gcc/4.8.3-2014q1/bin/../lib/gcc/arm-none-eabi/4.8.3/armv7-m/crtbegin.o

.igot.plt       0x00084420        0x0
 .igot.plt      0x00000000        0x0 c:/users/admin/appdata/local/arduino15/packages/arduino/tools/arm-none-eabi-gcc/4.8.3-2014q1/bin/../lib/gcc/arm-none-eabi/4.8.3/armv7-m/crtbegin.o

.ARM.exidx
 *(.ARM.exidx* .gnu.linkonce.armexidx.*)
                0x00084420                PROVIDE (__exidx_end, .)
                0x00084420                . = ALIGN (0x4)
                0x00084420                _etext = .

.relocate       0x20070000      0x8b0 load address 0x00084420
                0x20070000                . = ALIGN (0x4)
                0x20070000                _srelocate = .
 *(.ramfunc .ramfunc.*)
 .ramfunc       0x20070000       0x2c C:\Users\admin\AppData\Local\Temp\VMBuilds\classes\arduino_due_x_dbg\Debug/core.a(Reset.cpp.o)
                0x20070000                banzai
 *(.data .data.*)
 .data.SystemCoreClock
                0x2007002c        0x4 C:\Users\admin\AppData\Local\arduino15\packages\arduino\hardware\sam\1.6.12\variants\arduino_due_x/libsam_sam3x8e_gcc_rel.a(system_sam3xa.o)
                0x2007002c                SystemCoreClock
 .data._ZL5ticks
                0x20070030        0x4 C:\Users\admin\AppData\Local\Temp\VMBuilds\classes\arduino_due_x_dbg\Debug/core.a(Reset.cpp.o)
 .data.EndPoints
                0x20070034       0x28 C:\Users\admin\AppData\Local\Temp\VMBuilds\classes\arduino_due_x_dbg\Debug/core.a(USBCore.cpp.o)
                0x20070034                EndPoints
 .data._ZL10breakValue
                0x2007005c        0x4 C:\Users\admin\AppData\Local\Temp\VMBuilds\classes\arduino_due_x_dbg\Debug/core.a(CDC.cpp.o)
 .data._ZL12_usbLineInfo
                0x20070060        0x8 C:\Users\admin\AppData\Local\Temp\VMBuilds\classes\arduino_due_x_dbg\Debug/core.a(CDC.cpp.o)
 .data.g_interrupt_enabled
                0x20070068        0x4 C:\Users\admin\AppData\Local\arduino15\packages\arduino\hardware\sam\1.6.12\variants\arduino_due_x/libsam_sam3x8e_gcc_rel.a(interrupt_sam_nvic.o)
                0x20070068                g_interrupt_enabled
 *fill*         0x2007006c        0x4 
 .data.impure_data
                0x20070070      0x428 c:/users/admin/appdata/local/arduino15/packages/arduino/tools/arm-none-eabi-gcc/4.8.3-2014q1/bin/../lib/gcc/arm-none-eabi/4.8.3/../../../../arm-none-eabi/lib/armv7-m\libc.a(lib_a-impure.o)
 .data._impure_ptr
                0x20070498        0x4 c:/users/admin/appdata/local/arduino15/packages/arduino/tools/arm-none-eabi-gcc/4.8.3-2014q1/bin/../lib/gcc/arm-none-eabi/4.8.3/../../../../arm-none-eabi/lib/armv7-m\libc.a(lib_a-impure.o)
                0x20070498                _impure_ptr
 .data.__malloc_av_
                0x2007049c      0x408 c:/users/admin/appdata/local/arduino15/packages/arduino/tools/arm-none-eabi-gcc/4.8.3-2014q1/bin/../lib/gcc/arm-none-eabi/4.8.3/../../../../arm-none-eabi/lib/armv7-m\libc.a(lib_a-mallocr.o)
                0x2007049c                __malloc_av_
 .data.__malloc_trim_threshold
                0x200708a4        0x4 c:/users/admin/appdata/local/arduino15/packages/arduino/tools/arm-none-eabi-gcc/4.8.3-2014q1/bin/../lib/gcc/arm-none-eabi/4.8.3/../../../../arm-none-eabi/lib/armv7-m\libc.a(lib_a-mallocr.o)
                0x200708a4                __malloc_trim_threshold
 .data.__malloc_sbrk_base
                0x200708a8        0x4 c:/users/admin/appdata/local/arduino15/packages/arduino/tools/arm-none-eabi-gcc/4.8.3-2014q1/bin/../lib/gcc/arm-none-eabi/4.8.3/../../../../arm-none-eabi/lib/armv7-m\libc.a(lib_a-mallocr.o)
                0x200708a8                __malloc_sbrk_base
 .data.__ctype_ptr__
                0x200708ac        0x4 c:/users/admin/appdata/local/arduino15/packages/arduino/tools/arm-none-eabi-gcc/4.8.3-2014q1/bin/../lib/gcc/arm-none-eabi/4.8.3/../../../../arm-none-eabi/lib/armv7-m\libc.a(lib_a-ctype_.o)
                0x200708ac                __ctype_ptr__
                0x200708b0                . = ALIGN (0x4)
                0x200708b0                _erelocate = .

.bss            0x200708b0      0xb84 load address 0x00084cd0
                0x200708b0                . = ALIGN (0x4)
                0x200708b0                _sbss = .
                0x200708b0                _szero = .
 *(.bss .bss.*)
 .bss           0x200708b0       0x1c c:/users/admin/appdata/local/arduino15/packages/arduino/tools/arm-none-eabi-gcc/4.8.3-2014q1/bin/../lib/gcc/arm-none-eabi/4.8.3/armv7-m/crtbegin.o
 .bss.led1      0x200708cc        0x1 classes.cpp.o
                0x200708cc                led1
 .bss.led2      0x200708cd        0x1 classes.cpp.o
                0x200708cd                led2
 .bss.led3      0x200708ce        0x1 classes.cpp.o
                0x200708ce                led3
 .bss.led4      0x200708cf        0x1 classes.cpp.o
                0x200708cf                led4
 .bss.person_1  0x200708d0       0x44 classes.cpp.o
                0x200708d0                person_1
 .bss.person_2  0x20070914       0x44 classes.cpp.o
                0x20070914                person_2
 .bss.ppl       0x20070958       0x44 classes.cpp.o
                0x20070958                ppl
 .bss.arrayLED  0x2007099c        0x4 classes.cpp.o
                0x2007099c                arrayLED
 .bss.button1   0x200709a0        0xc classes.cpp.o
                0x200709a0                button1
 .bss.button2   0x200709ac        0xc classes.cpp.o
                0x200709ac                button2
 .bss.button3   0x200709b8        0xc classes.cpp.o
                0x200709b8                button3
 .bss.__VisualMicro_DEBUG_1_HITCOUNTER__
                0x200709c4        0x4 classes.cpp.o
                0x200709c4                __VisualMicro_DEBUG_1_HITCOUNTER__
 .bss.a         0x200709c8        0x1 classes.cpp.o
                0x200709c8                a
 *fill*         0x200709c9        0x3 
 .bss.b         0x200709cc      0x1ec classes.cpp.o
                0x200709cc                b
 .bss.arrauButtons
                0x20070bb8       0x24 classes.cpp.o
                0x20070bb8                arrauButtons
 .bss.__VisualMicro_DEBUG_1_GLastMillis__
                0x20070bdc        0x4 classes.cpp.o
                0x20070bdc                __VisualMicro_DEBUG_1_GLastMillis__
 .bss.MicroDebug
                0x20070be0       0x48 VM_DBG\VM_DBG.cpp.o
                0x20070be0                MicroDebug
 .bss.tx_buffer2
                0x20070c28       0x88 C:\Users\admin\AppData\Local\Temp\VMBCore\arduino16x\b0ad0cc8ad1b320c61fb14ca4e8432c9\variant\variant.cpp.o
                0x20070c28                tx_buffer2
 .bss.tx_buffer1
                0x20070cb0       0x88 C:\Users\admin\AppData\Local\Temp\VMBCore\arduino16x\b0ad0cc8ad1b320c61fb14ca4e8432c9\variant\variant.cpp.o
                0x20070cb0                tx_buffer1
 .bss.Serial    0x20070d38       0x24 C:\Users\admin\AppData\Local\Temp\VMBCore\arduino16x\b0ad0cc8ad1b320c61fb14ca4e8432c9\variant\variant.cpp.o
                0x20070d38                Serial
 .bss.rx_buffer1
                0x20070d5c       0x88 C:\Users\admin\AppData\Local\Temp\VMBCore\arduino16x\b0ad0cc8ad1b320c61fb14ca4e8432c9\variant\variant.cpp.o
                0x20070d5c                rx_buffer1
 .bss.Serial1   0x20070de4       0x28 C:\Users\admin\AppData\Local\Temp\VMBCore\arduino16x\b0ad0cc8ad1b320c61fb14ca4e8432c9\variant\variant.cpp.o
                0x20070de4                Serial1
 .bss.Serial2   0x20070e0c       0x28 C:\Users\admin\AppData\Local\Temp\VMBCore\arduino16x\b0ad0cc8ad1b320c61fb14ca4e8432c9\variant\variant.cpp.o
                0x20070e0c                Serial2
 .bss.Serial3   0x20070e34       0x28 C:\Users\admin\AppData\Local\Temp\VMBCore\arduino16x\b0ad0cc8ad1b320c61fb14ca4e8432c9\variant\variant.cpp.o
                0x20070e34                Serial3
 .bss.tx_buffer3
                0x20070e5c       0x88 C:\Users\admin\AppData\Local\Temp\VMBCore\arduino16x\b0ad0cc8ad1b320c61fb14ca4e8432c9\variant\variant.cpp.o
                0x20070e5c                tx_buffer3
 .bss.tx_buffer4
                0x20070ee4       0x88 C:\Users\admin\AppData\Local\Temp\VMBCore\arduino16x\b0ad0cc8ad1b320c61fb14ca4e8432c9\variant\variant.cpp.o
                0x20070ee4                tx_buffer4
 .bss.g_pinStatus
                0x20070f6c       0x4f C:\Users\admin\AppData\Local\Temp\VMBCore\arduino16x\b0ad0cc8ad1b320c61fb14ca4e8432c9\variant\variant.cpp.o
                0x20070f6c                g_pinStatus
 *fill*         0x20070fbb        0x1 
 .bss.rx_buffer2
                0x20070fbc       0x88 C:\Users\admin\AppData\Local\Temp\VMBCore\arduino16x\b0ad0cc8ad1b320c61fb14ca4e8432c9\variant\variant.cpp.o
                0x20070fbc                rx_buffer2
 .bss.rx_buffer3
                0x20071044       0x88 C:\Users\admin\AppData\Local\Temp\VMBCore\arduino16x\b0ad0cc8ad1b320c61fb14ca4e8432c9\variant\variant.cpp.o
                0x20071044                rx_buffer3
 .bss.rx_buffer4
                0x200710cc       0x88 C:\Users\admin\AppData\Local\Temp\VMBCore\arduino16x\b0ad0cc8ad1b320c61fb14ca4e8432c9\variant\variant.cpp.o
                0x200710cc                rx_buffer4
 .bss.gpf_isr   0x20071154        0x4 C:\Users\admin\AppData\Local\arduino15\packages\arduino\hardware\sam\1.6.12\variants\arduino_due_x/libsam_sam3x8e_gcc_rel.a(uotghs.o)
                0x20071154                gpf_isr
 .bss.heap.6420
                0x20071158        0x4 C:\Users\admin\AppData\Local\Temp\VMBuilds\classes\arduino_due_x_dbg\Debug/core.a(syscalls_sam3.c.o)
 .bss._cmark    0x2007115c        0x2 C:\Users\admin\AppData\Local\Temp\VMBuilds\classes\arduino_due_x_dbg\Debug/core.a(USBCore.cpp.o)
                0x2007115c                _cmark
 .bss._ZL14isEndpointHalt
                0x2007115e        0x1 C:\Users\admin\AppData\Local\Temp\VMBuilds\classes\arduino_due_x_dbg\Debug/core.a(USBCore.cpp.o)
 *fill*         0x2007115f        0x1 
 .bss._cdcComposite
                0x20071160        0x4 C:\Users\admin\AppData\Local\Temp\VMBuilds\classes\arduino_due_x_dbg\Debug/core.a(USBCore.cpp.o)
                0x20071160                _cdcComposite
 .bss._ZL21isRemoteWakeUpEnabled
                0x20071164        0x1 C:\Users\admin\AppData\Local\Temp\VMBuilds\classes\arduino_due_x_dbg\Debug/core.a(USBCore.cpp.o)
 *fill*         0x20071165        0x3 
 .bss._usbInitialized
                0x20071168        0x4 C:\Users\admin\AppData\Local\Temp\VMBuilds\classes\arduino_due_x_dbg\Debug/core.a(USBCore.cpp.o)
                0x20071168                _usbInitialized
 .bss.USBDevice
                0x2007116c        0x1 C:\Users\admin\AppData\Local\Temp\VMBuilds\classes\arduino_due_x_dbg\Debug/core.a(USBCore.cpp.o)
                0x2007116c                USBDevice
 *fill*         0x2007116d        0x3 
 .bss._usbSetInterface
                0x20071170        0x4 C:\Users\admin\AppData\Local\Temp\VMBuilds\classes\arduino_due_x_dbg\Debug/core.a(USBCore.cpp.o)
                0x20071170                _usbSetInterface
 .bss._cend     0x20071174        0x2 C:\Users\admin\AppData\Local\Temp\VMBuilds\classes\arduino_due_x_dbg\Debug/core.a(USBCore.cpp.o)
                0x20071174                _cend
 *fill*         0x20071176        0x2 
 .bss._usbConfiguration
                0x20071178        0x4 C:\Users\admin\AppData\Local\Temp\VMBuilds\classes\arduino_due_x_dbg\Debug/core.a(USBCore.cpp.o)
                0x20071178                _usbConfiguration
 .bss.cdc_rx_buffer
                0x2007117c      0x208 C:\Users\admin\AppData\Local\Temp\VMBuilds\classes\arduino_due_x_dbg\Debug/core.a(CDC.cpp.o)
                0x2007117c                cdc_rx_buffer
 .bss._ZZN7Serial_6acceptEvE5guard
                0x20071384        0x4 C:\Users\admin\AppData\Local\Temp\VMBuilds\classes\arduino_due_x_dbg\Debug/core.a(CDC.cpp.o)
 .bss.SerialUSB
                0x20071388       0x14 C:\Users\admin\AppData\Local\Temp\VMBuilds\classes\arduino_due_x_dbg\Debug/core.a(CDC.cpp.o)
                0x20071388                SerialUSB
 .bss._ZZ12PluggableUSBvE3obj
                0x2007139c        0x8 C:\Users\admin\AppData\Local\Temp\VMBuilds\classes\arduino_due_x_dbg\Debug/core.a(PluggableUSB.cpp.o)
 .bss._ZGVZ12PluggableUSBvE3obj
                0x200713a4        0x4 C:\Users\admin\AppData\Local\Temp\VMBuilds\classes\arduino_due_x_dbg\Debug/core.a(PluggableUSB.cpp.o)
 .bss._dwTickCount
                0x200713a8        0x4 C:\Users\admin\AppData\Local\arduino15\packages\arduino\hardware\sam\1.6.12\variants\arduino_due_x/libsam_sam3x8e_gcc_rel.a(timetick.o)
 .bss.ul_recv_fifo_ptr
                0x200713ac       0x28 C:\Users\admin\AppData\Local\arduino15\packages\arduino\hardware\sam\1.6.12\variants\arduino_due_x/libsam_sam3x8e_gcc_rel.a(uotghs_device.o)
 .bss.ul_send_fifo_ptr
                0x200713d4       0x28 C:\Users\admin\AppData\Local\arduino15\packages\arduino\hardware\sam\1.6.12\variants\arduino_due_x/libsam_sam3x8e_gcc_rel.a(uotghs_device.o)
 .bss.__malloc_max_total_mem
                0x200713fc        0x4 c:/users/admin/appdata/local/arduino15/packages/arduino/tools/arm-none-eabi-gcc/4.8.3-2014q1/bin/../lib/gcc/arm-none-eabi/4.8.3/../../../../arm-none-eabi/lib/armv7-m\libc.a(lib_a-mallocr.o)
                0x200713fc                __malloc_max_total_mem
 .bss.__malloc_max_sbrked_mem
                0x20071400        0x4 c:/users/admin/appdata/local/arduino15/packages/arduino/tools/arm-none-eabi-gcc/4.8.3-2014q1/bin/../lib/gcc/arm-none-eabi/4.8.3/../../../../arm-none-eabi/lib/armv7-m\libc.a(lib_a-mallocr.o)
                0x20071400                __malloc_max_sbrked_mem
 .bss.__malloc_top_pad
                0x20071404        0x4 c:/users/admin/appdata/local/arduino15/packages/arduino/tools/arm-none-eabi-gcc/4.8.3-2014q1/bin/../lib/gcc/arm-none-eabi/4.8.3/../../../../arm-none-eabi/lib/armv7-m\libc.a(lib_a-mallocr.o)
                0x20071404                __malloc_top_pad
 .bss.__malloc_current_mallinfo
                0x20071408       0x28 c:/users/admin/appdata/local/arduino15/packages/arduino/tools/arm-none-eabi-gcc/4.8.3-2014q1/bin/../lib/gcc/arm-none-eabi/4.8.3/../../../../arm-none-eabi/lib/armv7-m\libc.a(lib_a-mallocr.o)
                0x20071408                __malloc_current_mallinfo
 *(COMMON)
 COMMON         0x20071430        0x4 c:/users/admin/appdata/local/arduino15/packages/arduino/tools/arm-none-eabi-gcc/4.8.3-2014q1/bin/../lib/gcc/arm-none-eabi/4.8.3/../../../../arm-none-eabi/lib/armv7-m\libc.a(lib_a-reent.o)
                0x20071430                errno
                0x20071434                . = ALIGN (0x4)
                0x20071434                _ebss = .
                0x20071434                _ezero = .
                0x20071434                . = ALIGN (0x4)
                0x20071434                _end = .

.stack_dummy    0x20071434        0x0
 *(.stack*)
                0x20088000                __StackTop = (ORIGIN (ram) + 0x18000)
                0x20088000                __StackLimit = (__StackTop - SIZEOF (.stack_dummy))
                0x20088000                PROVIDE (_sstack, __StackLimit)
                0x20088000                PROVIDE (_estack, __StackTop)
OUTPUT(C:\Users\admin\AppData\Local\Temp\VMBuilds\classes\arduino_due_x_dbg\Debug/classes.ino.elf elf32-littlearm)

.ARM.attributes
                0x00000000       0x29
 .ARM.attributes
                0x00000000       0x1d c:/users/admin/appdata/local/arduino15/packages/arduino/tools/arm-none-eabi-gcc/4.8.3-2014q1/bin/../lib/gcc/arm-none-eabi/4.8.3/armv7-m/crti.o
 .ARM.attributes
                0x0000001d       0x2d c:/users/admin/appdata/local/arduino15/packages/arduino/tools/arm-none-eabi-gcc/4.8.3-2014q1/bin/../lib/gcc/arm-none-eabi/4.8.3/armv7-m/crtbegin.o
 .ARM.attributes
                0x0000004a       0x33 classes.cpp.o
 .ARM.attributes
                0x0000007d       0x33 VM_DBG\VM_DBG.cpp.o
 .ARM.attributes
                0x000000b0       0x33 C:\Users\admin\AppData\Local\Temp\VMBCore\arduino16x\b0ad0cc8ad1b320c61fb14ca4e8432c9\variant\variant.cpp.o
 .ARM.attributes
                0x000000e3       0x33 C:\Users\admin\AppData\Local\arduino15\packages\arduino\hardware\sam\1.6.12\variants\arduino_due_x/libsam_sam3x8e_gcc_rel.a(pio.o)
 .ARM.attributes
                0x00000116       0x33 C:\Users\admin\AppData\Local\arduino15\packages\arduino\hardware\sam\1.6.12\variants\arduino_due_x/libsam_sam3x8e_gcc_rel.a(pmc.o)
 .ARM.attributes
                0x00000149       0x33 C:\Users\admin\AppData\Local\arduino15\packages\arduino\hardware\sam\1.6.12\variants\arduino_due_x/libsam_sam3x8e_gcc_rel.a(system_sam3xa.o)
 .ARM.attributes
                0x0000017c       0x33 C:\Users\admin\AppData\Local\arduino15\packages\arduino\hardware\sam\1.6.12\variants\arduino_due_x/libsam_sam3x8e_gcc_rel.a(startup_sam3xa.o)
 .ARM.attributes
                0x000001af       0x33 C:\Users\admin\AppData\Local\arduino15\packages\arduino\hardware\sam\1.6.12\variants\arduino_due_x/libsam_sam3x8e_gcc_rel.a(adc.o)
 .ARM.attributes
                0x000001e2       0x33 C:\Users\admin\AppData\Local\arduino15\packages\arduino\hardware\sam\1.6.12\variants\arduino_due_x/libsam_sam3x8e_gcc_rel.a(uotghs.o)
 .ARM.attributes
                0x00000215       0x33 C:\Users\admin\AppData\Local\Temp\VMBuilds\classes\arduino_due_x_dbg\Debug/core.a(cortex_handlers.c.o)
 .ARM.attributes
                0x00000248       0x33 C:\Users\admin\AppData\Local\Temp\VMBuilds\classes\arduino_due_x_dbg\Debug/core.a(hooks.c.o)
 .ARM.attributes
                0x0000027b       0x33 C:\Users\admin\AppData\Local\Temp\VMBuilds\classes\arduino_due_x_dbg\Debug/core.a(syscalls_sam3.c.o)
 .ARM.attributes
                0x000002ae       0x33 C:\Users\admin\AppData\Local\Temp\VMBuilds\classes\arduino_due_x_dbg\Debug/core.a(wiring.c.o)
 .ARM.attributes
                0x000002e1       0x33 C:\Users\admin\AppData\Local\Temp\VMBuilds\classes\arduino_due_x_dbg\Debug/core.a(wiring_analog.c.o)
 .ARM.attributes
                0x00000314       0x33 C:\Users\admin\AppData\Local\Temp\VMBuilds\classes\arduino_due_x_dbg\Debug/core.a(wiring_digital.c.o)
 .ARM.attributes
                0x00000347       0x33 C:\Users\admin\AppData\Local\Temp\VMBuilds\classes\arduino_due_x_dbg\Debug/core.a(main.cpp.o)
 .ARM.attributes
                0x0000037a       0x33 C:\Users\admin\AppData\Local\Temp\VMBuilds\classes\arduino_due_x_dbg\Debug/core.a(Print.cpp.o)
 .ARM.attributes
                0x000003ad       0x33 C:\Users\admin\AppData\Local\Temp\VMBuilds\classes\arduino_due_x_dbg\Debug/core.a(Reset.cpp.o)
 .ARM.attributes
                0x000003e0       0x33 C:\Users\admin\AppData\Local\Temp\VMBuilds\classes\arduino_due_x_dbg\Debug/core.a(RingBuffer.cpp.o)
 .ARM.attributes
                0x00000413       0x33 C:\Users\admin\AppData\Local\Temp\VMBuilds\classes\arduino_due_x_dbg\Debug/core.a(UARTClass.cpp.o)
 .ARM.attributes
                0x00000446       0x33 C:\Users\admin\AppData\Local\Temp\VMBuilds\classes\arduino_due_x_dbg\Debug/core.a(USARTClass.cpp.o)
 .ARM.attributes
                0x00000479       0x33 C:\Users\admin\AppData\Local\Temp\VMBuilds\classes\arduino_due_x_dbg\Debug/core.a(watchdog.cpp.o)
 .ARM.attributes
                0x000004ac       0x33 C:\Users\admin\AppData\Local\Temp\VMBuilds\classes\arduino_due_x_dbg\Debug/core.a(WString.cpp.o)
 .ARM.attributes
                0x000004df       0x33 C:\Users\admin\AppData\Local\Temp\VMBuilds\classes\arduino_due_x_dbg\Debug/core.a(USBCore.cpp.o)
 .ARM.attributes
                0x00000512       0x33 C:\Users\admin\AppData\Local\Temp\VMBuilds\classes\arduino_due_x_dbg\Debug/core.a(CDC.cpp.o)
 .ARM.attributes
                0x00000545       0x33 C:\Users\admin\AppData\Local\Temp\VMBuilds\classes\arduino_due_x_dbg\Debug/core.a(PluggableUSB.cpp.o)
 .ARM.attributes
                0x00000578       0x33 C:\Users\admin\AppData\Local\arduino15\packages\arduino\hardware\sam\1.6.12\variants\arduino_due_x/libsam_sam3x8e_gcc_rel.a(timetick.o)
 .ARM.attributes
                0x000005ab       0x33 C:\Users\admin\AppData\Local\arduino15\packages\arduino\hardware\sam\1.6.12\variants\arduino_due_x/libsam_sam3x8e_gcc_rel.a(wdt.o)
 .ARM.attributes
                0x000005de       0x33 C:\Users\admin\AppData\Local\arduino15\packages\arduino\hardware\sam\1.6.12\variants\arduino_due_x/libsam_sam3x8e_gcc_rel.a(interrupt_sam_nvic.o)
 .ARM.attributes
                0x00000611       0x33 C:\Users\admin\AppData\Local\arduino15\packages\arduino\hardware\sam\1.6.12\variants\arduino_due_x/libsam_sam3x8e_gcc_rel.a(uotghs_device.o)
 .ARM.attributes
                0x00000644       0x2d c:/users/admin/appdata/local/arduino15/packages/arduino/tools/arm-none-eabi-gcc/4.8.3-2014q1/bin/../lib/gcc/arm-none-eabi/4.8.3/../../../../arm-none-eabi/lib/armv7-m\libc.a(lib_a-atoi.o)
 .ARM.attributes
                0x00000671       0x2d c:/users/admin/appdata/local/arduino15/packages/arduino/tools/arm-none-eabi-gcc/4.8.3-2014q1/bin/../lib/gcc/arm-none-eabi/4.8.3/../../../../arm-none-eabi/lib/armv7-m\libc.a(lib_a-impure.o)
 .ARM.attributes
                0x0000069e       0x2d c:/users/admin/appdata/local/arduino15/packages/arduino/tools/arm-none-eabi-gcc/4.8.3-2014q1/bin/../lib/gcc/arm-none-eabi/4.8.3/../../../../arm-none-eabi/lib/armv7-m\libc.a(lib_a-init.o)
 .ARM.attributes
                0x000006cb       0x2d c:/users/admin/appdata/local/arduino15/packages/arduino/tools/arm-none-eabi-gcc/4.8.3-2014q1/bin/../lib/gcc/arm-none-eabi/4.8.3/../../../../arm-none-eabi/lib/armv7-m\libc.a(lib_a-malloc.o)
 .ARM.attributes
                0x000006f8       0x2d c:/users/admin/appdata/local/arduino15/packages/arduino/tools/arm-none-eabi-gcc/4.8.3-2014q1/bin/../lib/gcc/arm-none-eabi/4.8.3/../../../../arm-none-eabi/lib/armv7-m\libc.a(lib_a-mallocr.o)
 .ARM.attributes
                0x00000725       0x1b c:/users/admin/appdata/local/arduino15/packages/arduino/tools/arm-none-eabi-gcc/4.8.3-2014q1/bin/../lib/gcc/arm-none-eabi/4.8.3/../../../../arm-none-eabi/lib/armv7-m\libc.a(lib_a-memcpy.o)
 .ARM.attributes
                0x00000740       0x2d c:/users/admin/appdata/local/arduino15/packages/arduino/tools/arm-none-eabi-gcc/4.8.3-2014q1/bin/../lib/gcc/arm-none-eabi/4.8.3/../../../../arm-none-eabi/lib/armv7-m\libc.a(lib_a-memmove.o)
 .ARM.attributes
                0x0000076d       0x2d c:/users/admin/appdata/local/arduino15/packages/arduino/tools/arm-none-eabi-gcc/4.8.3-2014q1/bin/../lib/gcc/arm-none-eabi/4.8.3/../../../../arm-none-eabi/lib/armv7-m\libc.a(lib_a-memset.o)
 .ARM.attributes
                0x0000079a       0x2d c:/users/admin/appdata/local/arduino15/packages/arduino/tools/arm-none-eabi-gcc/4.8.3-2014q1/bin/../lib/gcc/arm-none-eabi/4.8.3/../../../../arm-none-eabi/lib/armv7-m\libc.a(lib_a-mlock.o)
 .ARM.attributes
                0x000007c7       0x2d c:/users/admin/appdata/local/arduino15/packages/arduino/tools/arm-none-eabi-gcc/4.8.3-2014q1/bin/../lib/gcc/arm-none-eabi/4.8.3/../../../../arm-none-eabi/lib/armv7-m\libc.a(lib_a-realloc.o)
 .ARM.attributes
                0x000007f4       0x2d c:/users/admin/appdata/local/arduino15/packages/arduino/tools/arm-none-eabi-gcc/4.8.3-2014q1/bin/../lib/gcc/arm-none-eabi/4.8.3/../../../../arm-none-eabi/lib/armv7-m\libc.a(lib_a-reallocr.o)
 .ARM.attributes
                0x00000821       0x2d c:/users/admin/appdata/local/arduino15/packages/arduino/tools/arm-none-eabi-gcc/4.8.3-2014q1/bin/../lib/gcc/arm-none-eabi/4.8.3/../../../../arm-none-eabi/lib/armv7-m\libc.a(lib_a-sbrkr.o)
 .ARM.attributes
                0x0000084e       0x2d c:/users/admin/appdata/local/arduino15/packages/arduino/tools/arm-none-eabi-gcc/4.8.3-2014q1/bin/../lib/gcc/arm-none-eabi/4.8.3/../../../../arm-none-eabi/lib/armv7-m\libc.a(lib_a-strcpy.o)
 .ARM.attributes
                0x0000087b       0x2d c:/users/admin/appdata/local/arduino15/packages/arduino/tools/arm-none-eabi-gcc/4.8.3-2014q1/bin/../lib/gcc/arm-none-eabi/4.8.3/../../../../arm-none-eabi/lib/armv7-m\libc.a(lib_a-strlen.o)
 .ARM.attributes
                0x000008a8       0x2d c:/users/admin/appdata/local/arduino15/packages/arduino/tools/arm-none-eabi-gcc/4.8.3-2014q1/bin/../lib/gcc/arm-none-eabi/4.8.3/../../../../arm-none-eabi/lib/armv7-m\libc.a(lib_a-strtol.o)
 .ARM.attributes
                0x000008d5       0x2d c:/users/admin/appdata/local/arduino15/packages/arduino/tools/arm-none-eabi-gcc/4.8.3-2014q1/bin/../lib/gcc/arm-none-eabi/4.8.3/../../../../arm-none-eabi/lib/armv7-m\libc.a(lib_a-syskill.o)
 .ARM.attributes
                0x00000902       0x2d c:/users/admin/appdata/local/arduino15/packages/arduino/tools/arm-none-eabi-gcc/4.8.3-2014q1/bin/../lib/gcc/arm-none-eabi/4.8.3/../../../../arm-none-eabi/lib/armv7-m\libc.a(lib_a-__call_atexit.o)
 .ARM.attributes
                0x0000092f       0x2d c:/users/admin/appdata/local/arduino15/packages/arduino/tools/arm-none-eabi-gcc/4.8.3-2014q1/bin/../lib/gcc/arm-none-eabi/4.8.3/../../../../arm-none-eabi/lib/armv7-m\libc.a(lib_a-atexit.o)
 .ARM.attributes
                0x0000095c       0x2d c:/users/admin/appdata/local/arduino15/packages/arduino/tools/arm-none-eabi-gcc/4.8.3-2014q1/bin/../lib/gcc/arm-none-eabi/4.8.3/../../../../arm-none-eabi/lib/armv7-m\libc.a(lib_a-ctype_.o)
 .ARM.attributes
                0x00000989       0x2d c:/users/admin/appdata/local/arduino15/packages/arduino/tools/arm-none-eabi-gcc/4.8.3-2014q1/bin/../lib/gcc/arm-none-eabi/4.8.3/../../../../arm-none-eabi/lib/armv7-m\libc.a(lib_a-fini.o)
 .ARM.attributes
                0x000009b6       0x2d c:/users/admin/appdata/local/arduino15/packages/arduino/tools/arm-none-eabi-gcc/4.8.3-2014q1/bin/../lib/gcc/arm-none-eabi/4.8.3/../../../../arm-none-eabi/lib/armv7-m\libc.a(lib_a-freer.o)
 .ARM.attributes
                0x000009e3       0x2d c:/users/admin/appdata/local/arduino15/packages/arduino/tools/arm-none-eabi-gcc/4.8.3-2014q1/bin/../lib/gcc/arm-none-eabi/4.8.3/../../../../arm-none-eabi/lib/armv7-m\libc.a(lib_a-reent.o)
 .ARM.attributes
                0x00000a10       0x2d c:/users/admin/appdata/local/arduino15/packages/arduino/tools/arm-none-eabi-gcc/4.8.3-2014q1/bin/../lib/gcc/arm-none-eabi/4.8.3/../../../../arm-none-eabi/lib/armv7-m\libc.a(lib_a-signalr.o)
 .ARM.attributes
                0x00000a3d       0x2d c:/users/admin/appdata/local/arduino15/packages/arduino/tools/arm-none-eabi-gcc/4.8.3-2014q1/bin/../lib/gcc/arm-none-eabi/4.8.3/../../../../arm-none-eabi/lib/armv7-m\libc.a(lib_a-__atexit.o)
 .ARM.attributes
                0x00000a6a       0x1d c:/users/admin/appdata/local/arduino15/packages/arduino/tools/arm-none-eabi-gcc/4.8.3-2014q1/bin/../lib/gcc/arm-none-eabi/4.8.3/armv7-m/crtn.o

.comment        0x00000000       0x70
 .comment       0x00000000       0x70 classes.cpp.o
                                 0x71 (size before relaxing)
 .comment       0x00000000       0x71 VM_DBG\VM_DBG.cpp.o
 .comment       0x00000000       0x71 C:\Users\admin\AppData\Local\Temp\VMBCore\arduino16x\b0ad0cc8ad1b320c61fb14ca4e8432c9\variant\variant.cpp.o
 .comment       0x00000000       0x71 C:\Users\admin\AppData\Local\arduino15\packages\arduino\hardware\sam\1.6.12\variants\arduino_due_x/libsam_sam3x8e_gcc_rel.a(pio.o)
 .comment       0x00000000       0x71 C:\Users\admin\AppData\Local\arduino15\packages\arduino\hardware\sam\1.6.12\variants\arduino_due_x/libsam_sam3x8e_gcc_rel.a(pmc.o)
 .comment       0x00000000       0x71 C:\Users\admin\AppData\Local\arduino15\packages\arduino\hardware\sam\1.6.12\variants\arduino_due_x/libsam_sam3x8e_gcc_rel.a(system_sam3xa.o)
 .comment       0x00000000       0x71 C:\Users\admin\AppData\Local\arduino15\packages\arduino\hardware\sam\1.6.12\variants\arduino_due_x/libsam_sam3x8e_gcc_rel.a(startup_sam3xa.o)
 .comment       0x00000000       0x71 C:\Users\admin\AppData\Local\arduino15\packages\arduino\hardware\sam\1.6.12\variants\arduino_due_x/libsam_sam3x8e_gcc_rel.a(adc.o)
 .comment       0x00000000       0x71 C:\Users\admin\AppData\Local\arduino15\packages\arduino\hardware\sam\1.6.12\variants\arduino_due_x/libsam_sam3x8e_gcc_rel.a(uotghs.o)
 .comment       0x00000000       0x71 C:\Users\admin\AppData\Local\Temp\VMBuilds\classes\arduino_due_x_dbg\Debug/core.a(cortex_handlers.c.o)
 .comment       0x00000000       0x71 C:\Users\admin\AppData\Local\Temp\VMBuilds\classes\arduino_due_x_dbg\Debug/core.a(hooks.c.o)
 .comment       0x00000000       0x71 C:\Users\admin\AppData\Local\Temp\VMBuilds\classes\arduino_due_x_dbg\Debug/core.a(syscalls_sam3.c.o)
 .comment       0x00000000       0x71 C:\Users\admin\AppData\Local\Temp\VMBuilds\classes\arduino_due_x_dbg\Debug/core.a(wiring.c.o)
 .comment       0x00000000       0x71 C:\Users\admin\AppData\Local\Temp\VMBuilds\classes\arduino_due_x_dbg\Debug/core.a(wiring_analog.c.o)
 .comment       0x00000000       0x71 C:\Users\admin\AppData\Local\Temp\VMBuilds\classes\arduino_due_x_dbg\Debug/core.a(wiring_digital.c.o)
 .comment       0x00000000       0x71 C:\Users\admin\AppData\Local\Temp\VMBuilds\classes\arduino_due_x_dbg\Debug/core.a(main.cpp.o)
 .comment       0x00000000       0x71 C:\Users\admin\AppData\Local\Temp\VMBuilds\classes\arduino_due_x_dbg\Debug/core.a(Print.cpp.o)
 .comment       0x00000000       0x71 C:\Users\admin\AppData\Local\Temp\VMBuilds\classes\arduino_due_x_dbg\Debug/core.a(Reset.cpp.o)
 .comment       0x00000000       0x71 C:\Users\admin\AppData\Local\Temp\VMBuilds\classes\arduino_due_x_dbg\Debug/core.a(RingBuffer.cpp.o)
 .comment       0x00000000       0x71 C:\Users\admin\AppData\Local\Temp\VMBuilds\classes\arduino_due_x_dbg\Debug/core.a(UARTClass.cpp.o)
 .comment       0x00000000       0x71 C:\Users\admin\AppData\Local\Temp\VMBuilds\classes\arduino_due_x_dbg\Debug/core.a(USARTClass.cpp.o)
 .comment       0x00000000       0x71 C:\Users\admin\AppData\Local\Temp\VMBuilds\classes\arduino_due_x_dbg\Debug/core.a(watchdog.cpp.o)
 .comment       0x00000000       0x71 C:\Users\admin\AppData\Local\Temp\VMBuilds\classes\arduino_due_x_dbg\Debug/core.a(WString.cpp.o)
 .comment       0x00000000       0x71 C:\Users\admin\AppData\Local\Temp\VMBuilds\classes\arduino_due_x_dbg\Debug/core.a(USBCore.cpp.o)
 .comment       0x00000000       0x71 C:\Users\admin\AppData\Local\Temp\VMBuilds\classes\arduino_due_x_dbg\Debug/core.a(CDC.cpp.o)
 .comment       0x00000000       0x71 C:\Users\admin\AppData\Local\Temp\VMBuilds\classes\arduino_due_x_dbg\Debug/core.a(PluggableUSB.cpp.o)
 .comment       0x00000000       0x71 C:\Users\admin\AppData\Local\arduino15\packages\arduino\hardware\sam\1.6.12\variants\arduino_due_x/libsam_sam3x8e_gcc_rel.a(timetick.o)
 .comment       0x00000000       0x71 C:\Users\admin\AppData\Local\arduino15\packages\arduino\hardware\sam\1.6.12\variants\arduino_due_x/libsam_sam3x8e_gcc_rel.a(wdt.o)
 .comment       0x00000000       0x71 C:\Users\admin\AppData\Local\arduino15\packages\arduino\hardware\sam\1.6.12\variants\arduino_due_x/libsam_sam3x8e_gcc_rel.a(interrupt_sam_nvic.o)
 .comment       0x00000000       0x71 C:\Users\admin\AppData\Local\arduino15\packages\arduino\hardware\sam\1.6.12\variants\arduino_due_x/libsam_sam3x8e_gcc_rel.a(uotghs_device.o)

.debug_info     0x00000000    0x19937
 .debug_info    0x00000000     0x2d38 classes.cpp.o
 .debug_info    0x00002d38     0x21c9 VM_DBG\VM_DBG.cpp.o
 .debug_info    0x00004f01     0x1a43 C:\Users\admin\AppData\Local\Temp\VMBCore\arduino16x\b0ad0cc8ad1b320c61fb14ca4e8432c9\variant\variant.cpp.o
 .debug_info    0x00006944      0x2da C:\Users\admin\AppData\Local\Temp\VMBuilds\classes\arduino_due_x_dbg\Debug/core.a(cortex_handlers.c.o)
 .debug_info    0x00006c1e       0x60 C:\Users\admin\AppData\Local\Temp\VMBuilds\classes\arduino_due_x_dbg\Debug/core.a(hooks.c.o)
 .debug_info    0x00006c7e      0x5f2 C:\Users\admin\AppData\Local\Temp\VMBuilds\classes\arduino_due_x_dbg\Debug/core.a(syscalls_sam3.c.o)
 .debug_info    0x00007270      0x52f C:\Users\admin\AppData\Local\Temp\VMBuilds\classes\arduino_due_x_dbg\Debug/core.a(wiring.c.o)
 .debug_info    0x0000779f     0x1d7e C:\Users\admin\AppData\Local\Temp\VMBuilds\classes\arduino_due_x_dbg\Debug/core.a(wiring_analog.c.o)
 .debug_info    0x0000951d      0xe00 C:\Users\admin\AppData\Local\Temp\VMBuilds\classes\arduino_due_x_dbg\Debug/core.a(wiring_digital.c.o)
 .debug_info    0x0000a31d      0x3cf C:\Users\admin\AppData\Local\Temp\VMBuilds\classes\arduino_due_x_dbg\Debug/core.a(main.cpp.o)
 .debug_info    0x0000a6ec     0x27cd C:\Users\admin\AppData\Local\Temp\VMBuilds\classes\arduino_due_x_dbg\Debug/core.a(Print.cpp.o)