Archive member included because of file (symbol)

C:\Users\admin\AppData\Local\arduino15\packages\arduino\hardware\sam\1.6.12\variants\arduino_due_x/libsam_sam3x8e_gcc_rel.a(pio.o)
                              C:\Users\admin\AppData\Local\Temp\VMBCore\arduino16x\23b9d621b90cd1854343452bc9fb052a\variant\variant.cpp.o (PIO_Configure)
C:\Users\admin\AppData\Local\arduino15\packages\arduino\hardware\sam\1.6.12\variants\arduino_due_x/libsam_sam3x8e_gcc_rel.a(pmc.o)
                              C:\Users\admin\AppData\Local\Temp\VMBCore\arduino16x\23b9d621b90cd1854343452bc9fb052a\variant\variant.cpp.o (pmc_enable_periph_clk)
C:\Users\admin\AppData\Local\arduino15\packages\arduino\hardware\sam\1.6.12\variants\arduino_due_x/libsam_sam3x8e_gcc_rel.a(system_sam3xa.o)
                              C:\Users\admin\AppData\Local\Temp\VMBCore\arduino16x\23b9d621b90cd1854343452bc9fb052a\variant\variant.cpp.o (SystemInit)
C:\Users\admin\AppData\Local\arduino15\packages\arduino\hardware\sam\1.6.12\variants\arduino_due_x/libsam_sam3x8e_gcc_rel.a(startup_sam3xa.o)
                              (Reset_Handler)
C:\Users\admin\AppData\Local\arduino15\packages\arduino\hardware\sam\1.6.12\variants\arduino_due_x/libsam_sam3x8e_gcc_rel.a(adc.o)
                              C:\Users\admin\AppData\Local\Temp\VMBCore\arduino16x\23b9d621b90cd1854343452bc9fb052a\variant\variant.cpp.o (adc_init)
C:\Users\admin\AppData\Local\arduino15\packages\arduino\hardware\sam\1.6.12\variants\arduino_due_x/libsam_sam3x8e_gcc_rel.a(uotghs.o)
                              C:\Users\admin\AppData\Local\arduino15\packages\arduino\hardware\sam\1.6.12\variants\arduino_due_x/libsam_sam3x8e_gcc_rel.a(startup_sam3xa.o) (UOTGHS_Handler)
C:\Users\admin\AppData\Local\Temp\VMBuilds\MergedClasses\arduino_due_x_dbg\Debug/core.a(cortex_handlers.c.o)
                              C:\Users\admin\AppData\Local\arduino15\packages\arduino\hardware\sam\1.6.12\variants\arduino_due_x/libsam_sam3x8e_gcc_rel.a(startup_sam3xa.o) (NMI_Handler)
C:\Users\admin\AppData\Local\Temp\VMBuilds\MergedClasses\arduino_due_x_dbg\Debug/core.a(hooks.c.o)
                              C:\Users\admin\AppData\Local\Temp\VMBuilds\MergedClasses\arduino_due_x_dbg\Debug/core.a(cortex_handlers.c.o) (sysTickHook)
C:\Users\admin\AppData\Local\Temp\VMBuilds\MergedClasses\arduino_due_x_dbg\Debug/core.a(syscalls_sam3.c.o)
                              (_sbrk)
C:\Users\admin\AppData\Local\Temp\VMBuilds\MergedClasses\arduino_due_x_dbg\Debug/core.a(wiring.c.o)
                              MergedClasses.cpp.o (millis)
C:\Users\admin\AppData\Local\Temp\VMBuilds\MergedClasses\arduino_due_x_dbg\Debug/core.a(wiring_analog.c.o)
                              C:\Users\admin\AppData\Local\Temp\VMBCore\arduino16x\23b9d621b90cd1854343452bc9fb052a\variant\variant.cpp.o (analogOutputInit)
C:\Users\admin\AppData\Local\Temp\VMBuilds\MergedClasses\arduino_due_x_dbg\Debug/core.a(wiring_digital.c.o)
                              MergedClasses.cpp.o (pinMode)
C:\Users\admin\AppData\Local\Temp\VMBuilds\MergedClasses\arduino_due_x_dbg\Debug/core.a(main.cpp.o)
                              c:/users/admin/appdata/local/arduino15/packages/arduino/tools/arm-none-eabi-gcc/4.8.3-2014q1/bin/../lib/gcc/arm-none-eabi/4.8.3/../../../../arm-none-eabi/lib/armv7-m/crt0.o (main)
C:\Users\admin\AppData\Local\Temp\VMBuilds\MergedClasses\arduino_due_x_dbg\Debug/core.a(Print.cpp.o)
                              MergedClasses.cpp.o (Print::print(char const*))
C:\Users\admin\AppData\Local\Temp\VMBuilds\MergedClasses\arduino_due_x_dbg\Debug/core.a(Reset.cpp.o)
                              C:\Users\admin\AppData\Local\Temp\VMBuilds\MergedClasses\arduino_due_x_dbg\Debug/core.a(cortex_handlers.c.o) (tickReset)
C:\Users\admin\AppData\Local\Temp\VMBuilds\MergedClasses\arduino_due_x_dbg\Debug/core.a(RingBuffer.cpp.o)
                              C:\Users\admin\AppData\Local\Temp\VMBCore\arduino16x\23b9d621b90cd1854343452bc9fb052a\variant\variant.cpp.o (RingBuffer::RingBuffer())
C:\Users\admin\AppData\Local\Temp\VMBuilds\MergedClasses\arduino_due_x_dbg\Debug/core.a(UARTClass.cpp.o)
                              C:\Users\admin\AppData\Local\Temp\VMBCore\arduino16x\23b9d621b90cd1854343452bc9fb052a\variant\variant.cpp.o (UARTClass::available())
C:\Users\admin\AppData\Local\Temp\VMBuilds\MergedClasses\arduino_due_x_dbg\Debug/core.a(USARTClass.cpp.o)
                              C:\Users\admin\AppData\Local\Temp\VMBCore\arduino16x\23b9d621b90cd1854343452bc9fb052a\variant\variant.cpp.o (USARTClass::USARTClass(Usart*, IRQn, unsigned long, RingBuffer*, RingBuffer*))
C:\Users\admin\AppData\Local\Temp\VMBuilds\MergedClasses\arduino_due_x_dbg\Debug/core.a(watchdog.cpp.o)
                              C:\Users\admin\AppData\Local\Temp\VMBuilds\MergedClasses\arduino_due_x_dbg\Debug/core.a(main.cpp.o) (watchdogSetup())
C:\Users\admin\AppData\Local\Temp\VMBuilds\MergedClasses\arduino_due_x_dbg\Debug/core.a(WString.cpp.o)
[...]
Memory Configuration

Name             Origin             Length             Attributes
rom              0x00080000         0x00080000         xr
sram0            0x20000000         0x00010000         xrw
sram1            0x20080000         0x00008000         xrw
ram              0x20070000         0x00018000         xrw
*default*        0x00000000         0xffffffff

Linker script and memory map

LOAD c:/users/admin/appdata/local/arduino15/packages/arduino/tools/arm-none-eabi-gcc/4.8.3-2014q1/bin/../lib/gcc/arm-none-eabi/4.8.3/armv7-m/crti.o
LOAD c:/users/admin/appdata/local/arduino15/packages/arduino/tools/arm-none-eabi-gcc/4.8.3-2014q1/bin/../lib/gcc/arm-none-eabi/4.8.3/armv7-m/crtbegin.o
LOAD c:/users/admin/appdata/local/arduino15/packages/arduino/tools/arm-none-eabi-gcc/4.8.3-2014q1/bin/../lib/gcc/arm-none-eabi/4.8.3/../../../../arm-none-eabi/lib/armv7-m/crt0.o
START GROUP
LOAD MergedClasses.cpp.o
LOAD C:\Users\admin\AppData\Local\Temp\VMBCore\arduino16x\23b9d621b90cd1854343452bc9fb052a\variant\variant.cpp.o
LOAD C:\Users\admin\AppData\Local\arduino15\packages\arduino\hardware\sam\1.6.12\variants\arduino_due_x/libsam_sam3x8e_gcc_rel.a
LOAD C:\Users\admin\AppData\Local\Temp\VMBuilds\MergedClasses\arduino_due_x_dbg\Debug/core.a
END GROUP
LOAD c:/users/admin/appdata/local/arduino15/packages/arduino/tools/arm-none-eabi-gcc/4.8.3-2014q1/bin/../lib/gcc/arm-none-eabi/4.8.3/../../../../arm-none-eabi/lib/armv7-m\libm.a
LOAD c:/users/admin/appdata/local/arduino15/packages/arduino/tools/arm-none-eabi-gcc/4.8.3-2014q1/bin/../lib/gcc/arm-none-eabi/4.8.3/armv7-m\libgcc.a
START GROUP
LOAD c:/users/admin/appdata/local/arduino15/packages/arduino/tools/arm-none-eabi-gcc/4.8.3-2014q1/bin/../lib/gcc/arm-none-eabi/4.8.3/armv7-m\libgcc.a
LOAD c:/users/admin/appdata/local/arduino15/packages/arduino/tools/arm-none-eabi-gcc/4.8.3-2014q1/bin/../lib/gcc/arm-none-eabi/4.8.3/../../../../arm-none-eabi/lib/armv7-m\libc.a
END GROUP
LOAD c:/users/admin/appdata/local/arduino15/packages/arduino/tools/arm-none-eabi-gcc/4.8.3-2014q1/bin/../lib/gcc/arm-none-eabi/4.8.3/armv7-m/crtend.o
LOAD c:/users/admin/appdata/local/arduino15/packages/arduino/tools/arm-none-eabi-gcc/4.8.3-2014q1/bin/../lib/gcc/arm-none-eabi/4.8.3/armv7-m/crtn.o

.text           0x00080000     0x4368
                0x00080000                . = ALIGN (0x4)
                0x00080000                _sfixed = .
 *(.vectors .vectors.*)
 .vectors       0x00080000       0xf4 C:\Users\admin\AppData\Local\arduino15\packages\arduino\hardware\sam\1.6.12\variants\arduino_due_x/libsam_sam3x8e_gcc_rel.a(startup_sam3xa.o)
                0x00080000                exception_table
 *(.text .text.* .gnu.linkonce.t.*)
 .text          0x000800f4       0x54 c:/users/admin/appdata/local/arduino15/packages/arduino/tools/arm-none-eabi-gcc/4.8.3-2014q1/bin/../lib/gcc/arm-none-eabi/4.8.3/armv7-m/crtbegin.o
 .text._ZN10TimeButtonD2Ev
                0x00080148        0xe MergedClasses.cpp.o
                0x00080148                TimeButton::~TimeButton()
                0x00080148                TimeButton::~TimeButton()
 .text._ZN5BoardD2Ev
                0x00080156       0x22 MergedClasses.cpp.o
                0x00080156                Board::~Board()
                0x00080156                Board::~Board()
 .text.__tcf_0  0x00080178       0x1c MergedClasses.cpp.o
 .text._ZN6RGBLed2onEi
                0x00080194       0x30 MergedClasses.cpp.o
                0x00080194                RGBLed::on(int)
 .text._ZN6RGBLed3offEv
                0x000801c4       0x18 MergedClasses.cpp.o
                0x000801c4                RGBLed::off()
 .text._ZN6RGBLed9printTimeEv
                0x000801dc       0x20 MergedClasses.cpp.o
                0x000801dc                RGBLed::printTime()
 .text._ZN6Button6updateEv
                0x000801fc       0x2c MergedClasses.cpp.o
                0x000801fc                Button::update()
 .text._ZN6Button4initEv
                0x00080228       0x14 MergedClasses.cpp.o
                0x00080228                Button::init()
 .text._ZN10TimeButtonC2Ehi6String
                0x0008023c       0x50 MergedClasses.cpp.o
                0x0008023c                TimeButton::TimeButton(unsigned char, int, String)
                0x0008023c                TimeButton::TimeButton(unsigned char, int, String)
 .text._ZN6PersonC2Ei
                0x0008028c       0x48 MergedClasses.cpp.o
                0x0008028c                Person::Person(int)
                0x0008028c                Person::Person(int)
 .text._ZN5Board10turnOffLedEv
                0x000802d4       0x3a MergedClasses.cpp.o
                0x000802d4                Board::turnOffLed()
 *fill*         0x0008030e        0x2 
 .text._ZN5Board17detectTimePressedEv
                0x00080310       0xcc MergedClasses.cpp.o
                0x00080310                Board::detectTimePressed()
 .text._ZN5Board19displayAvailabilityEiii
                0x000803dc      0x14c MergedClasses.cpp.o
                0x000803dc                Board::displayAvailability(int, int, int)
 .text._ZN5Board18checkIntAvailabaleEii
                0x00080528       0xa0 MergedClasses.cpp.o
                0x00080528                Board::checkIntAvailabale(int, int)
 .text._ZN10TimeButtonC2ERKS_
                0x000805c8       0x36 MergedClasses.cpp.o
                0x000805c8                TimeButton::TimeButton(TimeButton const&)
                0x000805c8                TimeButton::TimeButton(TimeButton const&)
 *fill*         0x000805fe        0x2 
 .text.loop     0x00080600       0x50 MergedClasses.cpp.o
                0x00080600                loop
 .text.startup._GLOBAL__sub_I_but1
                0x00080650      0x3c4 MergedClasses.cpp.o
 .text.setup    0x00080a14       0x10 MergedClasses.cpp.o
                0x00080a14                setup
 .text._Z11serialEventv
                0x00080a24        0x2 C:\Users\admin\AppData\Local\Temp\VMBCore\arduino16x\23b9d621b90cd1854343452bc9fb052a\variant\variant.cpp.o
                0x00080a24                serialEvent()
 *fill*         0x00080a26        0x2 
 .text.UART_Handler
                0x00080a28        0xc C:\Users\admin\AppData\Local\Temp\VMBCore\arduino16x\23b9d621b90cd1854343452bc9fb052a\variant\variant.cpp.o
                0x00080a28                UART_Handler
 .text._Z12serialEvent1v
                0x00080a34        0x2 C:\Users\admin\AppData\Local\Temp\VMBCore\arduino16x\23b9d621b90cd1854343452bc9fb052a\variant\variant.cpp.o
                0x00080a34                serialEvent1()
 .text._Z12serialEvent2v
                0x00080a36        0x2 C:\Users\admin\AppData\Local\Temp\VMBCore\arduino16x\23b9d621b90cd1854343452bc9fb052a\variant\variant.cpp.o
                0x00080a36                serialEvent2()
 .text._Z12serialEvent3v
                0x00080a38        0x2 C:\Users\admin\AppData\Local\Temp\VMBCore\arduino16x\23b9d621b90cd1854343452bc9fb052a\variant\variant.cpp.o
                0x00080a38                serialEvent3()
 *fill*         0x00080a3a        0x2 
 .text.USART0_Handler
                0x00080a3c        0xc C:\Users\admin\AppData\Local\Temp\VMBCore\arduino16x\23b9d621b90cd1854343452bc9fb052a\variant\variant.cpp.o
                0x00080a3c                USART0_Handler
 .text.USART1_Handler
                0x00080a48        0xc C:\Users\admin\AppData\Local\Temp\VMBCore\arduino16x\23b9d621b90cd1854343452bc9fb052a\variant\variant.cpp.o
                0x00080a48                USART1_Handler
 .text.USART3_Handler
                0x00080a54        0xc C:\Users\admin\AppData\Local\Temp\VMBCore\arduino16x\23b9d621b90cd1854343452bc9fb052a\variant\variant.cpp.o
                0x00080a54                USART3_Handler
 .text.init     0x00080a60      0x128 C:\Users\admin\AppData\Local\Temp\VMBCore\arduino16x\23b9d621b90cd1854343452bc9fb052a\variant\variant.cpp.o
                0x00080a60                init
 .text.startup._GLOBAL__sub_I_g_APinDescription
                0x00080b88       0xd4 C:\Users\admin\AppData\Local\Temp\VMBCore\arduino16x\23b9d621b90cd1854343452bc9fb052a\variant\variant.cpp.o
 .text._Z14serialEventRunv
                0x00080c5c       0x44 C:\Users\admin\AppData\Local\Temp\VMBCore\arduino16x\23b9d621b90cd1854343452bc9fb052a\variant\variant.cpp.o
                0x00080c5c                serialEventRun()
 .text.PIO_PullUp
                0x00080ca0        0xa C:\Users\admin\AppData\Local\arduino15\packages\arduino\hardware\sam\1.6.12\variants\arduino_due_x/libsam_sam3x8e_gcc_rel.a(pio.o)
                0x00080ca0                PIO_PullUp
 .text.PIO_Get  0x00080caa       0x14 C:\Users\admin\AppData\Local\arduino15\packages\arduino\hardware\sam\1.6.12\variants\arduino_due_x/libsam_sam3x8e_gcc_rel.a(pio.o)
                0x00080caa                PIO_Get
 .text.PIO_SetPeripheral
                0x00080cbe       0x26 C:\Users\admin\AppData\Local\arduino15\packages\arduino\hardware\sam\1.6.12\variants\arduino_due_x/libsam_sam3x8e_gcc_rel.a(pio.o)
                0x00080cbe                PIO_SetPeripheral
 .text.PIO_SetInput
                0x00080ce4       0x26 C:\Users\admin\AppData\Local\arduino15\packages\arduino\hardware\sam\1.6.12\variants\arduino_due_x/libsam_sam3x8e_gcc_rel.a(pio.o)
                0x00080ce4                PIO_SetInput
 .text.PIO_SetOutput
                0x00080d0a       0x24 C:\Users\admin\AppData\Local\arduino15\packages\arduino\hardware\sam\1.6.12\variants\arduino_due_x/libsam_sam3x8e_gcc_rel.a(pio.o)
                0x00080d0a                PIO_SetOutput
 *fill*         0x00080d2e        0x2 
 .text.PIO_Configure
                0x00080d30       0x64 C:\Users\admin\AppData\Local\arduino15\packages\arduino\hardware\sam\1.6.12\variants\arduino_due_x/libsam_sam3x8e_gcc_rel.a(pio.o)
                0x00080d30                PIO_Configure
 .text.PIO_GetOutputDataStatus
                0x00080d94       0x14 C:\Users\admin\AppData\Local\arduino15\packages\arduino\hardware\sam\1.6.12\variants\arduino_due_x/libsam_sam3x8e_gcc_rel.a(pio.o)
                0x00080d94                PIO_GetOutputDataStatus
 .text.pmc_enable_upll_clock
                0x00080da8       0x14 C:\Users\admin\AppData\Local\arduino15\packages\arduino\hardware\sam\1.6.12\variants\arduino_due_x/libsam_sam3x8e_gcc_rel.a(pmc.o)
                0x00080da8                pmc_enable_upll_clock
 .text.pmc_enable_periph_clk
                0x00080dbc       0x44 C:\Users\admin\AppData\Local\arduino15\packages\arduino\hardware\sam\1.6.12\variants\arduino_due_x/libsam_sam3x8e_gcc_rel.a(pmc.o)
                0x00080dbc                pmc_enable_periph_clk
 .text.pmc_disable_periph_clk
                0x00080e00       0x40 C:\Users\admin\AppData\Local\arduino15\packages\arduino\hardware\sam\1.6.12\variants\arduino_due_x/libsam_sam3x8e_gcc_rel.a(pmc.o)
                0x00080e00                pmc_disable_periph_clk
 .text.pmc_switch_udpck_to_upllck
                0x00080e40       0x14 C:\Users\admin\AppData\Local\arduino15\packages\arduino\hardware\sam\1.6.12\variants\arduino_due_x/libsam_sam3x8e_gcc_rel.a(pmc.o)
                0x00080e40                pmc_switch_udpck_to_upllck
 .text.pmc_enable_udpck
                0x00080e54        0xc C:\Users\admin\AppData\Local\arduino15\packages\arduino\hardware\sam\1.6.12\variants\arduino_due_x/libsam_sam3x8e_gcc_rel.a(pmc.o)
                0x00080e54                pmc_enable_udpck
 .text.SystemInit
                0x00080e60       0x88 C:\Users\admin\AppData\Local\arduino15\packages\arduino\hardware\sam\1.6.12\variants\arduino_due_x/libsam_sam3x8e_gcc_rel.a(system_sam3xa.o)
                0x00080e60                SystemInit
 .text.Reset_Handler
                0x00080ee8       0x78 C:\Users\admin\AppData\Local\arduino15\packages\arduino\hardware\sam\1.6.12\variants\arduino_due_x/libsam_sam3x8e_gcc_rel.a(startup_sam3xa.o)
                0x00080ee8                Reset_Handler
 .text.adc_init
                0x00080f60       0x98 C:\Users\admin\AppData\Local\arduino15\packages\arduino\hardware\sam\1.6.12\variants\arduino_due_x/libsam_sam3x8e_gcc_rel.a(adc.o)
                0x00080f60                adc_init
 .text.adc_configure_trigger
                0x00080ff8        0xe C:\Users\admin\AppData\Local\arduino15\packages\arduino\hardware\sam\1.6.12\variants\arduino_due_x/libsam_sam3x8e_gcc_rel.a(adc.o)
                0x00080ff8                adc_configure_trigger
 .text.adc_configure_timing
                0x00081006       0x1a C:\Users\admin\AppData\Local\arduino15\packages\arduino\hardware\sam\1.6.12\variants\arduino_due_x/libsam_sam3x8e_gcc_rel.a(adc.o)
                0x00081006                adc_configure_timing
 .text.adc_disable_channel
                0x00081020        0xa C:\Users\admin\AppData\Local\arduino15\packages\arduino\hardware\sam\1.6.12\variants\arduino_due_x/libsam_sam3x8e_gcc_rel.a(adc.o)
                0x00081020                adc_disable_channel
 .text.adc_disable_all_channel
                0x0008102a        0x8 C:\Users\admin\AppData\Local\arduino15\packages\arduino\hardware\sam\1.6.12\variants\arduino_due_x/libsam_sam3x8e_gcc_rel.a(adc.o)
                0x0008102a                adc_disable_all_channel
 .text.adc_disable_interrupt
                0x00081032        0x4 C:\Users\admin\AppData\Local\arduino15\packages\arduino\hardware\sam\1.6.12\variants\arduino_due_x/libsam_sam3x8e_gcc_rel.a(adc.o)
                0x00081032                adc_disable_interrupt
 *fill*         0x00081036        0x2 
 .text.UOTGHS_Handler
                0x00081038       0x10 C:\Users\admin\AppData\Local\arduino15\packages\arduino\hardware\sam\1.6.12\variants\arduino_due_x/libsam_sam3x8e_gcc_rel.a(uotghs.o)
                0x00081038                UOTGHS_Handler
 .text.__halt   0x00081048        0x2 C:\Users\admin\AppData\Local\Temp\VMBuilds\MergedClasses\arduino_due_x_dbg\Debug/core.a(cortex_handlers.c.o)
                0x00081048                DACC_Handler
                0x00081048                DebugMon_Handler
                0x00081048                DMAC_Handler
                0x00081048                TRNG_Handler
                0x00081048                HardFault_Handler
                0x00081048                TC2_Handler
                0x00081048                TWI1_Handler
                0x00081048                NMI_Handler
                0x00081048                TC7_Handler
                0x00081048                ADC_Handler
                0x00081048                SMC_Handler
                0x00081048                RTT_Handler
                0x00081048                EFC1_Handler
                0x00081048                PIOB_Handler
                0x00081048                RTC_Handler
                0x00081048                UsageFault_Handler
                0x00081048                TC6_Handler
                0x00081048                WDT_Handler
                0x00081048                CAN0_Handler
                0x00081048                TC4_Handler
                0x00081048                TC1_Handler
                0x00081048                HSMCI_Handler
                0x00081048                TC3_Handler
                0x00081048                TWI0_Handler
                0x00081048                PIOA_Handler
                0x00081048                SSC_Handler
                0x00081048                EFC0_Handler
                0x00081048                PMC_Handler
                0x00081048                PWM_Handler
                0x00081048                CAN1_Handler
                0x00081048                MemManage_Handler
                0x00081048                SUPC_Handler
                0x00081048                TC8_Handler
                0x00081048                USART2_Handler
                0x00081048                PIOD_Handler
                0x00081048                EMAC_Handler
                0x00081048                PIOC_Handler
                0x00081048                BusFault_Handler
                0x00081048                RSTC_Handler
                0x00081048                TC0_Handler
                0x00081048                TC5_Handler
                0x00081048                SPI0_Handler
 .text.SVC_Handler
                0x0008104a        0x4 C:\Users\admin\AppData\Local\Temp\VMBuilds\MergedClasses\arduino_due_x_dbg\Debug/core.a(cortex_handlers.c.o)
                0x0008104a                SVC_Handler
 .text.PendSV_Handler
                0x0008104e        0x4 C:\Users\admin\AppData\Local\Temp\VMBuilds\MergedClasses\arduino_due_x_dbg\Debug/core.a(cortex_handlers.c.o)
                0x0008104e                PendSV_Handler
 .text.SysTick_Handler
                0x00081052       0x16 C:\Users\admin\AppData\Local\Temp\VMBuilds\MergedClasses\arduino_due_x_dbg\Debug/core.a(cortex_handlers.c.o)
                0x00081052                SysTick_Handler
 .text.__empty  0x00081068        0x2 C:\Users\admin\AppData\Local\Temp\VMBuilds\MergedClasses\arduino_due_x_dbg\Debug/core.a(hooks.c.o)
                0x00081068                yield
 .text.__false  0x0008106a        0x4 C:\Users\admin\AppData\Local\Temp\VMBuilds\MergedClasses\arduino_due_x_dbg\Debug/core.a(hooks.c.o)
                0x0008106a                sysTickHook
 .text.__halt   0x0008106e        0x2 C:\Users\admin\AppData\Local\Temp\VMBuilds\MergedClasses\arduino_due_x_dbg\Debug/core.a(hooks.c.o)
                0x0008106e                svcHook
                0x0008106e                pendSVHook
 .text._sbrk    0x00081070       0x1c C:\Users\admin\AppData\Local\Temp\VMBuilds\MergedClasses\arduino_due_x_dbg\Debug/core.a(syscalls_sam3.c.o)
                0x00081070                _sbrk
 .text.link     0x0008108c        0x6 C:\Users\admin\AppData\Local\Temp\VMBuilds\MergedClasses\arduino_due_x_dbg\Debug/core.a(syscalls_sam3.c.o)
                0x0008108c                link
 .text._close   0x00081092        0x6 C:\Users\admin\AppData\Local\Temp\VMBuilds\MergedClasses\arduino_due_x_dbg\Debug/core.a(syscalls_sam3.c.o)
                0x00081092                _close
 .text._fstat   0x00081098        0xa C:\Users\admin\AppData\Local\Temp\VMBuilds\MergedClasses\arduino_due_x_dbg\Debug/core.a(syscalls_sam3.c.o)
                0x00081098                _fstat
 .text._isatty  0x000810a2        0x4 C:\Users\admin\AppData\Local\Temp\VMBuilds\MergedClasses\arduino_due_x_dbg\Debug/core.a(syscalls_sam3.c.o)
                0x000810a2                _isatty
 .text._lseek   0x000810a6        0x4 C:\Users\admin\AppData\Local\Temp\VMBuilds\MergedClasses\arduino_due_x_dbg\Debug/core.a(syscalls_sam3.c.o)
                0x000810a6                _lseek
 .text._read    0x000810aa        0x4 C:\Users\admin\AppData\Local\Temp\VMBuilds\MergedClasses\arduino_due_x_dbg\Debug/core.a(syscalls_sam3.c.o)
                0x000810aa                _read
 *fill*         0x000810ae        0x2 
 .text._write   0x000810b0       0x24 C:\Users\admin\AppData\Local\Temp\VMBuilds\MergedClasses\arduino_due_x_dbg\Debug/core.a(syscalls_sam3.c.o)
                0x000810b0                _write
 .text._exit    0x000810d4        0x2 C:\Users\admin\AppData\Local\Temp\VMBuilds\MergedClasses\arduino_due_x_dbg\Debug/core.a(syscalls_sam3.c.o)
                0x000810d4                _exit
 .text._kill    0x000810d6        0x2 C:\Users\admin\AppData\Local\Temp\VMBuilds\MergedClasses\arduino_due_x_dbg\Debug/core.a(syscalls_sam3.c.o)
                0x000810d6                _kill
 .text._getpid  0x000810d8        0x6 C:\Users\admin\AppData\Local\Temp\VMBuilds\MergedClasses\arduino_due_x_dbg\Debug/core.a(syscalls_sam3.c.o)
                0x000810d8                _getpid
 .text.millis   0x000810de        0x4 C:\Users\admin\AppData\Local\Temp\VMBuilds\MergedClasses\arduino_due_x_dbg\Debug/core.a(wiring.c.o)
                0x000810de                millis
 .text.delay    0x000810e2       0x1c C:\Users\admin\AppData\Local\Temp\VMBuilds\MergedClasses\arduino_due_x_dbg\Debug/core.a(wiring.c.o)
                0x000810e2                delay
 .text.analogOutputInit
                0x000810fe        0x2 C:\Users\admin\AppData\Local\Temp\VMBuilds\MergedClasses\arduino_due_x_dbg\Debug/core.a(wiring_analog.c.o)
                0x000810fe                analogOutputInit
 .text.pinMode  0x00081100      0x108 C:\Users\admin\AppData\Local\Temp\VMBuilds\MergedClasses\arduino_due_x_dbg\Debug/core.a(wiring_digital.c.o)
                0x00081100                pinMode
 .text.digitalWrite
                0x00081208       0x70 C:\Users\admin\AppData\Local\Temp\VMBuilds\MergedClasses\arduino_due_x_dbg\Debug/core.a(wiring_digital.c.o)
                0x00081208                digitalWrite
 .text.digitalRead
                0x00081278       0x44 C:\Users\admin\AppData\Local\Temp\VMBuilds\MergedClasses\arduino_due_x_dbg\Debug/core.a(wiring_digital.c.o)
                0x00081278                digitalRead
 .text.initVariant
                0x000812bc        0x2 C:\Users\admin\AppData\Local\Temp\VMBuilds\MergedClasses\arduino_due_x_dbg\Debug/core.a(main.cpp.o)
                0x000812bc                initVariant
 *fill*         0x000812be        0x2 
 .text.startup.main
                0x000812c0       0x38 C:\Users\admin\AppData\Local\Temp\VMBuilds\MergedClasses\arduino_due_x_dbg\Debug/core.a(main.cpp.o)
                0x000812c0                main
 .text._ZN5Print5writeEPKhj
                0x000812f8       0x22 C:\Users\admin\AppData\Local\Temp\VMBuilds\MergedClasses\arduino_due_x_dbg\Debug/core.a(Print.cpp.o)
                0x000812f8                Print::write(unsigned char const*, unsigned int)
 .text._ZN5Print5printEmi.part.3
                0x0008131a        0xc C:\Users\admin\AppData\Local\Temp\VMBuilds\MergedClasses\arduino_due_x_dbg\Debug/core.a(Print.cpp.o)
 .text._ZN5Print5writeEPKc
                0x00081326       0x1e C:\Users\admin\AppData\Local\Temp\VMBuilds\MergedClasses\arduino_due_x_dbg\Debug/core.a(Print.cpp.o)
                0x00081326                Print::write(char const*)
 .text._ZN5Print5printEPKc
                0x00081344        0x8 C:\Users\admin\AppData\Local\Temp\VMBuilds\MergedClasses\arduino_due_x_dbg\Debug/core.a(Print.cpp.o)
                0x00081344                Print::print(char const*)
 .text._ZN5Print5printEc
                0x0008134c        0xa C:\Users\admin\AppData\Local\Temp\VMBuilds\MergedClasses\arduino_due_x_dbg\Debug/core.a(Print.cpp.o)
                0x0008134c                Print::print(char)
 *fill*         0x00081356        0x2 
 .text._ZN5Print7printlnEv
                0x00081358       0x10 C:\Users\admin\AppData\Local\Temp\VMBuilds\MergedClasses\arduino_due_x_dbg\Debug/core.a(Print.cpp.o)
                0x00081358                Print::println()
 .text._ZN5Print7printlnEPKc
                0x00081368       0x14 C:\Users\admin\AppData\Local\Temp\VMBuilds\MergedClasses\arduino_due_x_dbg\Debug/core.a(Print.cpp.o)
                0x00081368                Print::println(char const*)
 .text._ZN5Print11printNumberEmh
                0x0008137c       0x3e C:\Users\admin\AppData\Local\Temp\VMBuilds\MergedClasses\arduino_due_x_dbg\Debug/core.a(Print.cpp.o)
                0x0008137c                Print::printNumber(unsigned long, unsigned char)
 .text._ZN5Print5printEli
                0x000813ba       0x3c C:\Users\admin\AppData\Local\Temp\VMBuilds\MergedClasses\arduino_due_x_dbg\Debug/core.a(Print.cpp.o)
                0x000813ba                Print::print(long, int)
 .text._ZN5Print5printEii
                0x000813f6        0x4 C:\Users\admin\AppData\Local\Temp\VMBuilds\MergedClasses\arduino_due_x_dbg\Debug/core.a(Print.cpp.o)
                0x000813f6                Print::print(int, int)
 .text._ZN5Print7printlnEii
                0x000813fa       0x14 C:\Users\admin\AppData\Local\Temp\VMBuilds\MergedClasses\arduino_due_x_dbg\Debug/core.a(Print.cpp.o)
                0x000813fa                Print::println(int, int)
 .text._ZN5Print5printEmi
                0x0008140e        0xc C:\Users\admin\AppData\Local\Temp\VMBuilds\MergedClasses\arduino_due_x_dbg\Debug/core.a(Print.cpp.o)
                0x0008140e                Print::print(unsigned long, int)
 .text._ZN5Print7printlnEhi
                0x0008141a       0x14 C:\Users\admin\AppData\Local\Temp\VMBuilds\MergedClasses\arduino_due_x_dbg\Debug/core.a(Print.cpp.o)
                0x0008141a                Print::println(unsigned char, int)
 *fill*         0x0008142e        0x2 
 .text.initiateReset
                0x00081430        0xc C:\Users\admin\AppData\Local\Temp\VMBuilds\MergedClasses\arduino_due_x_dbg\Debug/core.a(Reset.cpp.o)
                0x00081430                initiateReset
 .text.cancelReset
                0x0008143c       0x10 C:\Users\admin\AppData\Local\Temp\VMBuilds\MergedClasses\arduino_due_x_dbg\Debug/core.a(Reset.cpp.o)
                0x0008143c                cancelReset
 .text.tickReset
                0x0008144c       0x20 C:\Users\admin\AppData\Local\Temp\VMBuilds\MergedClasses\arduino_due_x_dbg\Debug/core.a(Reset.cpp.o)
                0x0008144c                tickReset
 .text._ZN10RingBufferC2Ev
                0x0008146c       0x1a C:\Users\admin\AppData\Local\Temp\VMBuilds\MergedClasses\arduino_due_x_dbg\Debug/core.a(RingBuffer.cpp.o)
                0x0008146c                RingBuffer::RingBuffer()
                0x0008146c                RingBuffer::RingBuffer()
 .text._ZN10RingBuffer10store_charEh
                0x00081486       0x1e C:\Users\admin\AppData\Local\Temp\VMBuilds\MergedClasses\arduino_due_x_dbg\Debug/core.a(RingBuffer.cpp.o)
                0x00081486                RingBuffer::store_char(unsigned char)
 .text._ZN9UARTClasscvbEv
                0x000814a4        0x4 C:\Users\admin\AppData\Local\Temp\VMBuilds\MergedClasses\arduino_due_x_dbg\Debug/core.a(UARTClass.cpp.o)
                0x000814a4                UARTClass::operator bool()
 .text._ZN9UARTClass9availableEv
                0x000814a8       0x12 C:\Users\admin\AppData\Local\Temp\VMBuilds\MergedClasses\arduino_due_x_dbg\Debug/core.a(UARTClass.cpp.o)
                0x000814a8                UARTClass::available()
 .text._ZN9UARTClass4peekEv
                0x000814ba       0x1c C:\Users\admin\AppData\Local\Temp\VMBuilds\MergedClasses\arduino_due_x_dbg\Debug/core.a(UARTClass.cpp.o)
                0x000814ba                UARTClass::peek()
 .text._ZN9UARTClass4readEv
                0x000814d6       0x2a C:\Users\admin\AppData\Local\Temp\VMBuilds\MergedClasses\arduino_due_x_dbg\Debug/core.a(UARTClass.cpp.o)
                0x000814d6                UARTClass::read()
 .text._ZN9UARTClass5flushEv
                0x00081500       0x18 C:\Users\admin\AppData\Local\Temp\VMBuilds\MergedClasses\arduino_due_x_dbg\Debug/core.a(UARTClass.cpp.o)
                0x00081500                UARTClass::flush()
 .text._ZN9UARTClass5writeEh
                0x00081518       0x54 C:\Users\admin\AppData\Local\Temp\VMBuilds\MergedClasses\arduino_due_x_dbg\Debug/core.a(UARTClass.cpp.o)
                0x00081518                UARTClass::write(unsigned char)
 .text._ZN9UARTClass3endEv
                0x0008156c       0x3c C:\Users\admin\AppData\Local\Temp\VMBuilds\MergedClasses\arduino_due_x_dbg\Debug/core.a(UARTClass.cpp.o)
                0x0008156c                UARTClass::end()
 .text._ZN9UARTClassC2EP4Uart4IRQnmP10RingBufferS4_
                0x000815a8       0x24 C:\Users\admin\AppData\Local\Temp\VMBuilds\MergedClasses\arduino_due_x_dbg\Debug/core.a(UARTClass.cpp.o)
                0x000815a8                UARTClass::UARTClass(Uart*, IRQn, unsigned long, RingBuffer*, RingBuffer*)
                0x000815a8                UARTClass::UARTClass(Uart*, IRQn, unsigned long, RingBuffer*, RingBuffer*)
 .text._ZN9UARTClass4initEmm
                0x000815cc       0x70 C:\Users\admin\AppData\Local\Temp\VMBuilds\MergedClasses\arduino_due_x_dbg\Debug/core.a(UARTClass.cpp.o)
                0x000815cc                UARTClass::init(unsigned long, unsigned long)
 .text._ZN9UARTClass5beginEm
                0x0008163c        0x8 C:\Users\admin\AppData\Local\Temp\VMBuilds\MergedClasses\arduino_due_x_dbg\Debug/core.a(UARTClass.cpp.o)
                0x0008163c                UARTClass::begin(unsigned long)
 .text._ZN9UARTClass10IrqHandlerEv
                0x00081644       0x5a C:\Users\admin\AppData\Local\Temp\VMBuilds\MergedClasses\arduino_due_x_dbg\Debug/core.a(UARTClass.cpp.o)
                0x00081644                UARTClass::IrqHandler()
 .text._ZN10USARTClass5beginEm
                0x0008169e        0x8 C:\Users\admin\AppData\Local\Temp\VMBuilds\MergedClasses\arduino_due_x_dbg\Debug/core.a(USARTClass.cpp.o)
                0x0008169e                USARTClass::begin(unsigned long)
 *fill*         0x000816a6        0x2 
 .text._ZN10USARTClassC2EP5Usart4IRQnmP10RingBufferS4_
                0x000816a8       0x24 C:\Users\admin\AppData\Local\Temp\VMBuilds\MergedClasses\arduino_due_x_dbg\Debug/core.a(USARTClass.cpp.o)
                0x000816a8                USARTClass::USARTClass(Usart*, IRQn, unsigned long, RingBuffer*, RingBuffer*)
                0x000816a8                USARTClass::USARTClass(Usart*, IRQn, unsigned long, RingBuffer*, RingBuffer*)
 .text._watchdogDefaultSetup
                0x000816cc        0xc C:\Users\admin\AppData\Local\Temp\VMBuilds\MergedClasses\arduino_due_x_dbg\Debug/core.a(watchdog.cpp.o)
                0x000816cc                _watchdogDefaultSetup
                0x000816cc                watchdogSetup()
 .text._ZN6StringD2Ev
                0x000816d8        0xe C:\Users\admin\AppData\Local\Temp\VMBuilds\MergedClasses\arduino_due_x_dbg\Debug/core.a(WString.cpp.o)
                0x000816d8                String::~String()
                0x000816d8                String::~String()
 .text._ZN6String10invalidateEv
                0x000816e6       0x16 C:\Users\admin\AppData\Local\Temp\VMBuilds\MergedClasses\arduino_due_x_dbg\Debug/core.a(WString.cpp.o)
                0x000816e6                String::invalidate()
 .text._ZN6String12changeBufferEj
                0x000816fc       0x18 C:\Users\admin\AppData\Local\Temp\VMBuilds\MergedClasses\arduino_due_x_dbg\Debug/core.a(WString.cpp.o)
                0x000816fc                String::changeBuffer(unsigned int)
 .text._ZN6String7reserveEj
                0x00081714       0x22 C:\Users\admin\AppData\Local\Temp\VMBuilds\MergedClasses\arduino_due_x_dbg\Debug/core.a(WString.cpp.o)
                0x00081714                String::reserve(unsigned int)
 .text._ZN6String4copyEPKcj
                0x00081736       0x26 C:\Users\admin\AppData\Local\Temp\VMBuilds\MergedClasses\arduino_due_x_dbg\Debug/core.a(WString.cpp.o)
                0x00081736                String::copy(char const*, unsigned int)
 .text._ZN6StringC2EPKc
                0x0008175c       0x24 C:\Users\admin\AppData\Local\Temp\VMBuilds\MergedClasses\arduino_due_x_dbg\Debug/core.a(WString.cpp.o)
                0x0008175c                String::String(char const*)
                0x0008175c                String::String(char const*)
 .text._ZN6StringaSERKS_
                0x00081780       0x1e C:\Users\admin\AppData\Local\Temp\VMBuilds\MergedClasses\arduino_due_x_dbg\Debug/core.a(WString.cpp.o)
                0x00081780                String::operator=(String const&)
 .text._ZN6StringC2ERKS_
                0x0008179e       0x14 C:\Users\admin\AppData\Local\Temp\VMBuilds\MergedClasses\arduino_due_x_dbg\Debug/core.a(WString.cpp.o)
                0x0008179e                String::String(String const&)
                0x0008179e                String::String(String const&)
 *fill*         0x000817b2        0x2 
 .text.unlikely._ZL11USB_SendZlpv
                0x000817b4       0x20 C:\Users\admin\AppData\Local\Temp\VMBuilds\MergedClasses\arduino_due_x_dbg\Debug/core.a(USBCore.cpp.o)
 .text._Z14USBD_Availablem
                0x000817d4       0x2c C:\Users\admin\AppData\Local\Temp\VMBuilds\MergedClasses\arduino_due_x_dbg\Debug/core.a(USBCore.cpp.o)
                0x000817d4                USBD_Available(unsigned long)
 .text._Z9USBD_RecvmPvm
                0x00081800       0x7c C:\Users\admin\AppData\Local\Temp\VMBuilds\MergedClasses\arduino_due_x_dbg\Debug/core.a(USBCore.cpp.o)
                0x00081800                USBD_Recv(unsigned long, void*, unsigned long)
 .text._Z9USBD_Recvm
                0x0008187c       0x22 C:\Users\admin\AppData\Local\Temp\VMBuilds\MergedClasses\arduino_due_x_dbg\Debug/core.a(USBCore.cpp.o)
                0x0008187c                USBD_Recv(unsigned long)
 *fill*         0x0008189e        0x2 
 .text._Z9USBD_SendmPKvm
                0x000818a0       0x4c C:\Users\admin\AppData\Local\Temp\VMBuilds\MergedClasses\arduino_due_x_dbg\Debug/core.a(USBCore.cpp.o)
                0x000818a0                USBD_Send(unsigned long, void const*, unsigned long)
 .text._Z16USBD_SendControlhPKvm
                0x000818ec       0x40 C:\Users\admin\AppData\Local\Temp\VMBuilds\MergedClasses\arduino_due_x_dbg\Debug/core.a(USBCore.cpp.o)
                0x000818ec                USBD_SendControl(unsigned char, void const*, unsigned long)
 .text.unlikely._ZL24USB_SendStringDescriptorPKhi
                0x0008192c       0x64 C:\Users\admin\AppData\Local\Temp\VMBuilds\MergedClasses\arduino_due_x_dbg\Debug/core.a(USBCore.cpp.o)
 .text._Z16USBD_RecvControlPvm
                0x00081990       0x1c C:\Users\admin\AppData\Local\Temp\VMBuilds\MergedClasses\arduino_due_x_dbg\Debug/core.a(USBCore.cpp.o)
                0x00081990                USBD_RecvControl(void*, unsigned long)
 .text._Z26USBD_ClassInterfaceRequestR8USBSetup
                0x000819ac       0x1e C:\Users\admin\AppData\Local\Temp\VMBuilds\MergedClasses\arduino_due_x_dbg\Debug/core.a(USBCore.cpp.o)
                0x000819ac                USBD_ClassInterfaceRequest(USBSetup&)
 .text._Z19USBD_SendInterfacesv
                0x000819ca       0x22 C:\Users\admin\AppData\Local\Temp\VMBuilds\MergedClasses\arduino_due_x_dbg\Debug/core.a(USBCore.cpp.o)
                0x000819ca                USBD_SendInterfaces()
 .text._Z24USBD_SendOtherInterfacesv
                0x000819ec       0x22 C:\Users\admin\AppData\Local\Temp\VMBuilds\MergedClasses\arduino_due_x_dbg\Debug/core.a(USBCore.cpp.o)
                0x000819ec                USBD_SendOtherInterfaces()
 .text._Z10USBD_Flushm
                0x00081a0e       0x16 C:\Users\admin\AppData\Local\Temp\VMBuilds\MergedClasses\arduino_due_x_dbg\Debug/core.a(USBCore.cpp.o)
                0x00081a0e                USBD_Flush(unsigned long)
 .text._ZN10USBDevice_C2Ev
                0x00081a24       0x24 C:\Users\admin\AppData\Local\Temp\VMBuilds\MergedClasses\arduino_due_x_dbg\Debug/core.a(USBCore.cpp.o)
                0x00081a24                USBDevice_::USBDevice_()
                0x00081a24                USBDevice_::USBDevice_()
 .text._ZN10USBDevice_6attachEv
                0x00081a48       0x20 C:\Users\admin\AppData\Local\Temp\VMBuilds\MergedClasses\arduino_due_x_dbg\Debug/core.a(USBCore.cpp.o)
                0x00081a48                USBDevice_::attach()
 .text.startup._GLOBAL__sub_I_EndPoints
                0x00081a68        0xc C:\Users\admin\AppData\Local\Temp\VMBuilds\MergedClasses\arduino_due_x_dbg\Debug/core.a(USBCore.cpp.o)
 .text._ZL7USB_ISRv
                0x00081a74      0x454 C:\Users\admin\AppData\Local\Temp\VMBuilds\MergedClasses\arduino_due_x_dbg\Debug/core.a(USBCore.cpp.o)
 .text._ZN7Serial_9availableEv
                0x00081ec8       0x18 C:\Users\admin\AppData\Local\Temp\VMBuilds\MergedClasses\arduino_due_x_dbg\Debug/core.a(CDC.cpp.o)
                0x00081ec8                Serial_::available()
 .text._ZN7Serial_17availableForWriteEv
                0x00081ee0        0x6 C:\Users\admin\AppData\Local\Temp\VMBuilds\MergedClasses\arduino_due_x_dbg\Debug/core.a(CDC.cpp.o)
                0x00081ee0                Serial_::availableForWrite()
 *fill*         0x00081ee6        0x2 
 .text._ZN7Serial_4peekEv
                0x00081ee8       0x20 C:\Users\admin\AppData\Local\Temp\VMBuilds\MergedClasses\arduino_due_x_dbg\Debug/core.a(CDC.cpp.o)
                0x00081ee8                Serial_::peek()
 .text._ZN7Serial_5writeEh
                0x00081f08       0x16 C:\Users\admin\AppData\Local\Temp\VMBuilds\MergedClasses\arduino_due_x_dbg\Debug/core.a(CDC.cpp.o)
                0x00081f08                Serial_::write(unsigned char)
 *fill*         0x00081f1e        0x2 
 .text._ZN7Serial_4readEv
                0x00081f20       0x44 C:\Users\admin\AppData\Local\Temp\VMBuilds\MergedClasses\arduino_due_x_dbg\Debug/core.a(CDC.cpp.o)
                0x00081f20                Serial_::read()
 .text._ZN7Serial_5flushEv
                0x00081f64        0x6 C:\Users\admin\AppData\Local\Temp\VMBuilds\MergedClasses\arduino_due_x_dbg\Debug/core.a(CDC.cpp.o)
                0x00081f64                Serial_::flush()
 *fill*         0x00081f6a        0x2 
 .text._ZN7Serial_6acceptEv
                0x00081f6c       0x70 C:\Users\admin\AppData\Local\Temp\VMBuilds\MergedClasses\arduino_due_x_dbg\Debug/core.a(CDC.cpp.o)
                0x00081f6c                Serial_::accept()
 .text._ZN7Serial_5writeEPKhj
                0x00081fdc       0x2c C:\Users\admin\AppData\Local\Temp\VMBuilds\MergedClasses\arduino_due_x_dbg\Debug/core.a(CDC.cpp.o)
                0x00081fdc                Serial_::write(unsigned char const*, unsigned int)
 .text._Z16CDC_GetInterfacePh
                0x00082008       0x14 C:\Users\admin\AppData\Local\Temp\VMBuilds\MergedClasses\arduino_due_x_dbg\Debug/core.a(CDC.cpp.o)
                0x00082008                CDC_GetInterface(unsigned char*)
 .text._Z21CDC_GetOtherInterfacePh
                0x0008201c       0x14 C:\Users\admin\AppData\Local\Temp\VMBuilds\MergedClasses\arduino_due_x_dbg\Debug/core.a(CDC.cpp.o)
                0x0008201c                CDC_GetOtherInterface(unsigned char*)
 .text._Z9CDC_SetupR8USBSetup
                0x00082030       0x78 C:\Users\admin\AppData\Local\Temp\VMBuilds\MergedClasses\arduino_due_x_dbg\Debug/core.a(CDC.cpp.o)
                0x00082030                CDC_Setup(USBSetup&)
 .text.startup._GLOBAL__sub_I_cdc_rx_buffer
                0x000820a8       0x1c C:\Users\admin\AppData\Local\Temp\VMBuilds\MergedClasses\arduino_due_x_dbg\Debug/core.a(CDC.cpp.o)
 .text._ZN13PluggableUSB_12getInterfaceEPh
                0x000820c4       0x28 C:\Users\admin\AppData\Local\Temp\VMBuilds\MergedClasses\arduino_due_x_dbg\Debug/core.a(PluggableUSB.cpp.o)
                0x000820c4                PluggableUSB_::getInterface(unsigned char*)
 .text._ZN13PluggableUSB_13getDescriptorER8USBSetup
                0x000820ec       0x1c C:\Users\admin\AppData\Local\Temp\VMBuilds\MergedClasses\arduino_due_x_dbg\Debug/core.a(PluggableUSB.cpp.o)
                0x000820ec                PluggableUSB_::getDescriptor(USBSetup&)
 .text._ZN13PluggableUSB_12getShortNameEPc
                0x00082108       0x1c C:\Users\admin\AppData\Local\Temp\VMBuilds\MergedClasses\arduino_due_x_dbg\Debug/core.a(PluggableUSB.cpp.o)
                0x00082108                PluggableUSB_::getShortName(char*)
 .text._ZN13PluggableUSB_5setupER8USBSetup
                0x00082124       0x20 C:\Users\admin\AppData\Local\Temp\VMBuilds\MergedClasses\arduino_due_x_dbg\Debug/core.a(PluggableUSB.cpp.o)
                0x00082124                PluggableUSB_::setup(USBSetup&)
 .text._Z12PluggableUSBv
                0x00082144       0x28 C:\Users\admin\AppData\Local\Temp\VMBuilds\MergedClasses\arduino_due_x_dbg\Debug/core.a(PluggableUSB.cpp.o)
                0x00082144                PluggableUSB()
 .text.TimeTick_Increment
                0x0008216c       0x10 C:\Users\admin\AppData\Local\arduino15\packages\arduino\hardware\sam\1.6.12\variants\arduino_due_x/libsam_sam3x8e_gcc_rel.a(timetick.o)
                0x0008216c                TimeTick_Increment
 .text.GetTickCount
                0x0008217c        0xc C:\Users\admin\AppData\Local\arduino15\packages\arduino\hardware\sam\1.6.12\variants\arduino_due_x/libsam_sam3x8e_gcc_rel.a(timetick.o)
                0x0008217c                GetTickCount
 .text.WDT_Disable
                0x00082188        0x8 C:\Users\admin\AppData\Local\arduino15\packages\arduino\hardware\sam\1.6.12\variants\arduino_due_x/libsam_sam3x8e_gcc_rel.a(wdt.o)
                0x00082188                WDT_Disable
 .text.UDD_SetStack
                0x00082190        0xc C:\Users\admin\AppData\Local\arduino15\packages\arduino\hardware\sam\1.6.12\variants\arduino_due_x/libsam_sam3x8e_gcc_rel.a(uotghs_device.o)
                0x00082190                UDD_SetStack
 .text.UDD_Init
                0x0008219c       0xd0 C:\Users\admin\AppData\Local\arduino15\packages\arduino\hardware\sam\1.6.12\variants\arduino_due_x/libsam_sam3x8e_gcc_rel.a(uotghs_device.o)
                0x0008219c                UDD_Init
 .text.UDD_Attach
                0x0008226c       0x50 C:\Users\admin\AppData\Local\arduino15\packages\arduino\hardware\sam\1.6.12\variants\arduino_due_x/libsam_sam3x8e_gcc_rel.a(uotghs_device.o)
                0x0008226c                UDD_Attach
 .text.UDD_InitEP
                0x000822bc       0x2c C:\Users\admin\AppData\Local\arduino15\packages\arduino\hardware\sam\1.6.12\variants\arduino_due_x/libsam_sam3x8e_gcc_rel.a(uotghs_device.o)
                0x000822bc                UDD_InitEP
 .text.UDD_InitEndpoints
                0x000822e8       0x3c C:\Users\admin\AppData\Local\arduino15\packages\arduino\hardware\sam\1.6.12\variants\arduino_due_x/libsam_sam3x8e_gcc_rel.a(uotghs_device.o)
                0x000822e8                UDD_InitEndpoints
 .text.UDD_WaitIN
                0x00082324       0x10 C:\Users\admin\AppData\Local\arduino15\packages\arduino\hardware\sam\1.6.12\variants\arduino_due_x/libsam_sam3x8e_gcc_rel.a(uotghs_device.o)
                0x00082324                UDD_WaitIN
 .text.UDD_WaitOUT
                0x00082334       0x10 C:\Users\admin\AppData\Local\arduino15\packages\arduino\hardware\sam\1.6.12\variants\arduino_due_x/libsam_sam3x8e_gcc_rel.a(uotghs_device.o)
                0x00082334                UDD_WaitOUT
 .text.UDD_ClearIN
                0x00082344       0x18 C:\Users\admin\AppData\Local\arduino15\packages\arduino\hardware\sam\1.6.12\variants\arduino_due_x/libsam_sam3x8e_gcc_rel.a(uotghs_device.o)
                0x00082344                UDD_ClearIN
 .text.UDD_ClearOUT
                0x0008235c       0x18 C:\Users\admin\AppData\Local\arduino15\packages\arduino\hardware\sam\1.6.12\variants\arduino_due_x/libsam_sam3x8e_gcc_rel.a(uotghs_device.o)
                0x0008235c                UDD_ClearOUT
 .text.UDD_ReceivedSetupInt
                0x00082374       0x10 C:\Users\admin\AppData\Local\arduino15\packages\arduino\hardware\sam\1.6.12\variants\arduino_due_x/libsam_sam3x8e_gcc_rel.a(uotghs_device.o)
                0x00082374                UDD_ReceivedSetupInt
 .text.UDD_ClearSetupInt
                0x00082384       0x10 C:\Users\admin\AppData\Local\arduino15\packages\arduino\hardware\sam\1.6.12\variants\arduino_due_x/libsam_sam3x8e_gcc_rel.a(uotghs_device.o)
                0x00082384                UDD_ClearSetupInt
 .text.UDD_Send
                0x00082394       0x88 C:\Users\admin\AppData\Local\arduino15\packages\arduino\hardware\sam\1.6.12\variants\arduino_due_x/libsam_sam3x8e_gcc_rel.a(uotghs_device.o)
                0x00082394                UDD_Send
 .text.UDD_Send8
                0x0008241c       0x24 C:\Users\admin\AppData\Local\arduino15\packages\arduino\hardware\sam\1.6.12\variants\arduino_due_x/libsam_sam3x8e_gcc_rel.a(uotghs_device.o)
                0x0008241c                UDD_Send8
 .text.UDD_Recv8
                0x00082440       0x28 C:\Users\admin\AppData\Local\arduino15\packages\arduino\hardware\sam\1.6.12\variants\arduino_due_x/libsam_sam3x8e_gcc_rel.a(uotghs_device.o)
                0x00082440                UDD_Recv8
 .text.UDD_Recv
                0x00082468       0x34 C:\Users\admin\AppData\Local\arduino15\packages\arduino\hardware\sam\1.6.12\variants\arduino_due_x/libsam_sam3x8e_gcc_rel.a(uotghs_device.o)
                0x00082468                UDD_Recv
 .text.UDD_Stall
                0x0008249c       0x14 C:\Users\admin\AppData\Local\arduino15\packages\arduino\hardware\sam\1.6.12\variants\arduino_due_x/libsam_sam3x8e_gcc_rel.a(uotghs_device.o)
                0x0008249c                UDD_Stall
 .text.UDD_FifoByteCount
                0x000824b0       0x14 C:\Users\admin\AppData\Local\arduino15\packages\arduino\hardware\sam\1.6.12\variants\arduino_due_x/libsam_sam3x8e_gcc_rel.a(uotghs_device.o)
                0x000824b0                UDD_FifoByteCount
 .text.UDD_ReleaseRX
                0x000824c4       0x28 C:\Users\admin\AppData\Local\arduino15\packages\arduino\hardware\sam\1.6.12\variants\arduino_due_x/libsam_sam3x8e_gcc_rel.a(uotghs_device.o)
                0x000824c4                UDD_ReleaseRX
 .text.UDD_ReleaseTX
                0x000824ec       0x28 C:\Users\admin\AppData\Local\arduino15\packages\arduino\hardware\sam\1.6.12\variants\arduino_due_x/libsam_sam3x8e_gcc_rel.a(uotghs_device.o)
                0x000824ec                UDD_ReleaseTX
 .text.UDD_SetAddress
                0x00082514       0x20 C:\Users\admin\AppData\Local\arduino15\packages\arduino\hardware\sam\1.6.12\variants\arduino_due_x/libsam_sam3x8e_gcc_rel.a(uotghs_device.o)
                0x00082514                UDD_SetAddress
 .text.__aeabi_atexit
                0x00082534        0xc c:/users/admin/appdata/local/arduino15/packages/arduino/tools/arm-none-eabi-gcc/4.8.3-2014q1/bin/../lib/gcc/arm-none-eabi/4.8.3/../../../../arm-none-eabi/lib/armv7-m\libc.a(lib_a-aeabi_atexit.o)
                0x00082534                __aeabi_atexit
 .text.__cxa_atexit
                0x00082540       0x14 c:/users/admin/appdata/local/arduino15/packages/arduino/tools/arm-none-eabi-gcc/4.8.3-2014q1/bin/../lib/gcc/arm-none-eabi/4.8.3/../../../../arm-none-eabi/lib/armv7-m\libc.a(lib_a-cxa_atexit.o)
                0x00082540                __cxa_atexit
 .text.__libc_init_array
                0x00082554       0x50 c:/users/admin/appdata/local/arduino15/packages/arduino/tools/arm-none-eabi-gcc/4.8.3-2014q1/bin/../lib/gcc/arm-none-eabi/4.8.3/../../../../arm-none-eabi/lib/armv7-m\libc.a(lib_a-init.o)
                0x00082554                __libc_init_array
 .text.malloc   0x000825a4       0x10 c:/users/admin/appdata/local/arduino15/packages/arduino/tools/arm-none-eabi-gcc/4.8.3-2014q1/bin/../lib/gcc/arm-none-eabi/4.8.3/../../../../arm-none-eabi/lib/armv7-m\libc.a(lib_a-malloc.o)
                0x000825a4                malloc
 .text.free     0x000825b4       0x10 c:/users/admin/appdata/local/arduino15/packages/arduino/tools/arm-none-eabi-gcc/4.8.3-2014q1/bin/../lib/gcc/arm-none-eabi/4.8.3/../../../../arm-none-eabi/lib/armv7-m\libc.a(lib_a-malloc.o)
                0x000825b4                free
 .text._malloc_r
                0x000825c4      0x538 c:/users/admin/appdata/local/arduino15/packages/arduino/tools/arm-none-eabi-gcc/4.8.3-2014q1/bin/../lib/gcc/arm-none-eabi/4.8.3/../../../../arm-none-eabi/lib/armv7-m\libc.a(lib_a-mallocr.o)
                0x000825c4                _malloc_r
 .text          0x00082afc       0xec c:/users/admin/appdata/local/arduino15/packages/arduino/tools/arm-none-eabi-gcc/4.8.3-2014q1/bin/../lib/gcc/arm-none-eabi/4.8.3/../../../../arm-none-eabi/lib/armv7-m\libc.a(lib_a-memcpy.o)
                0x00082afc                memcpy
 .text.memmove  0x00082be8       0xcc c:/users/admin/appdata/local/arduino15/packages/arduino/tools/arm-none-eabi-gcc/4.8.3-2014q1/bin/../lib/gcc/arm-none-eabi/4.8.3/../../../../arm-none-eabi/lib/armv7-m\libc.a(lib_a-memmove.o)
                0x00082be8                memmove
 .text.memset   0x00082cb4       0x94 c:/users/admin/appdata/local/arduino15/packages/arduino/tools/arm-none-eabi-gcc/4.8.3-2014q1/bin/../lib/gcc/arm-none-eabi/4.8.3/../../../../arm-none-eabi/lib/armv7-m\libc.a(lib_a-memset.o)
                0x00082cb4                memset
 .text.__malloc_lock
                0x00082d48        0x4 c:/users/admin/appdata/local/arduino15/packages/arduino/tools/arm-none-eabi-gcc/4.8.3-2014q1/bin/../lib/gcc/arm-none-eabi/4.8.3/../../../../arm-none-eabi/lib/armv7-m\libc.a(lib_a-mlock.o)
                0x00082d48                __malloc_lock
 .text.__malloc_unlock
                0x00082d4c        0x4 c:/users/admin/appdata/local/arduino15/packages/arduino/tools/arm-none-eabi-gcc/4.8.3-2014q1/bin/../lib/gcc/arm-none-eabi/4.8.3/../../../../arm-none-eabi/lib/armv7-m\libc.a(lib_a-mlock.o)
                0x00082d4c                __malloc_unlock
 .text.realloc  0x00082d50       0x10 c:/users/admin/appdata/local/arduino15/packages/arduino/tools/arm-none-eabi-gcc/4.8.3-2014q1/bin/../lib/gcc/arm-none-eabi/4.8.3/../../../../arm-none-eabi/lib/armv7-m\libc.a(lib_a-realloc.o)
                0x00082d50                realloc
 .text._realloc_r
                0x00082d60      0x3c0 c:/users/admin/appdata/local/arduino15/packages/arduino/tools/arm-none-eabi-gcc/4.8.3-2014q1/bin/../lib/gcc/arm-none-eabi/4.8.3/../../../../arm-none-eabi/lib/armv7-m\libc.a(lib_a-reallocr.o)
                0x00082d60                _realloc_r
 .text._sbrk_r  0x00083120       0x24 c:/users/admin/appdata/local/arduino15/packages/arduino/tools/arm-none-eabi-gcc/4.8.3-2014q1/bin/../lib/gcc/arm-none-eabi/4.8.3/../../../../arm-none-eabi/lib/armv7-m\libc.a(lib_a-sbrkr.o)
                0x00083120                _sbrk_r
 .text.strcpy   0x00083144       0xbc c:/users/admin/appdata/local/arduino15/packages/arduino/tools/arm-none-eabi-gcc/4.8.3-2014q1/bin/../lib/gcc/arm-none-eabi/4.8.3/../../../../arm-none-eabi/lib/armv7-m\libc.a(lib_a-strcpy.o)
                0x00083144                strcpy
 .text.strlen   0x00083200       0x60 c:/users/admin/appdata/local/arduino15/packages/arduino/tools/arm-none-eabi-gcc/4.8.3-2014q1/bin/../lib/gcc/arm-none-eabi/4.8.3/../../../../arm-none-eabi/lib/armv7-m\libc.a(lib_a-strlen.o)
                0x00083200                strlen
 .text.kill     0x00083260       0x10 c:/users/admin/appdata/local/arduino15/packages/arduino/tools/arm-none-eabi-gcc/4.8.3-2014q1/bin/../lib/gcc/arm-none-eabi/4.8.3/../../../../arm-none-eabi/lib/armv7-m\libc.a(lib_a-syskill.o)
                0x00083260                kill
 .text.__register_exitproc
                0x00083270       0xa8 c:/users/admin/appdata/local/arduino15/packages/arduino/tools/arm-none-eabi-gcc/4.8.3-2014q1/bin/../lib/gcc/arm-none-eabi/4.8.3/../../../../arm-none-eabi/lib/armv7-m\libc.a(lib_a-__atexit.o)
                0x00083270                __register_exitproc
 .text.startup.register_fini
                0x00083318       0x14 c:/users/admin/appdata/local/arduino15/packages/arduino/tools/arm-none-eabi-gcc/4.8.3-2014q1/bin/../lib/gcc/arm-none-eabi/4.8.3/../../../../arm-none-eabi/lib/armv7-m\libc.a(lib_a-__call_atexit.o)
 .text.atexit   0x0008332c        0xc c:/users/admin/appdata/local/arduino15/packages/arduino/tools/arm-none-eabi-gcc/4.8.3-2014q1/bin/../lib/gcc/arm-none-eabi/4.8.3/../../../../arm-none-eabi/lib/armv7-m\libc.a(lib_a-atexit.o)
                0x0008332c                atexit
 .text.__libc_fini_array
                0x00083338       0x30 c:/users/admin/appdata/local/arduino15/packages/arduino/tools/arm-none-eabi-gcc/4.8.3-2014q1/bin/../lib/gcc/arm-none-eabi/4.8.3/../../../../arm-none-eabi/lib/armv7-m\libc.a(lib_a-fini.o)
                0x00083338                __libc_fini_array
 .text._malloc_trim_r
                0x00083368       0x9c c:/users/admin/appdata/local/arduino15/packages/arduino/tools/arm-none-eabi-gcc/4.8.3-2014q1/bin/../lib/gcc/arm-none-eabi/4.8.3/../../../../arm-none-eabi/lib/armv7-m\libc.a(lib_a-freer.o)
                0x00083368                _malloc_trim_r
 .text._free_r  0x00083404      0x198 c:/users/admin/appdata/local/arduino15/packages/arduino/tools/arm-none-eabi-gcc/4.8.3-2014q1/bin/../lib/gcc/arm-none-eabi/4.8.3/../../../../arm-none-eabi/lib/armv7-m\libc.a(lib_a-freer.o)
                0x00083404                _free_r
 .text._kill_r  0x0008359c       0x28 c:/users/admin/appdata/local/arduino15/packages/arduino/tools/arm-none-eabi-gcc/4.8.3-2014q1/bin/../lib/gcc/arm-none-eabi/4.8.3/../../../../arm-none-eabi/lib/armv7-m\libc.a(lib_a-signalr.o)
                0x0008359c                _kill_r
 *(.glue_7t)
 .glue_7t       0x00000000        0x0 linker stubs
 *(.glue_7)
 .glue_7        0x00000000        0x0 linker stubs
 *(.rodata .rodata* .gnu.linkonce.r.*)
 .rodata.str1.1
                0x000835c4      0x15c MergedClasses.cpp.o
                                0x16d (size before relaxing)
 .rodata.g_APinDescription
                0x00083720      0xa2c C:\Users\admin\AppData\Local\Temp\VMBCore\arduino16x\23b9d621b90cd1854343452bc9fb052a\variant\variant.cpp.o
                0x00083720                g_APinDescription
 .rodata        0x0008414c       0x40 C:\Users\admin\AppData\Local\arduino15\packages\arduino\hardware\sam\1.6.12\variants\arduino_due_x/libsam_sam3x8e_gcc_rel.a(adc.o)
 .rodata.str1.1
                0x0008418c        0xf C:\Users\admin\AppData\Local\Temp\VMBuilds\MergedClasses\arduino_due_x_dbg\Debug/core.a(Print.cpp.o)
 *fill*         0x0008419b        0x5 
 .rodata._ZTV9UARTClass
                0x000841a0       0x30 C:\Users\admin\AppData\Local\Temp\VMBuilds\MergedClasses\arduino_due_x_dbg\Debug/core.a(UARTClass.cpp.o)
                0x000841a0                vtable for UARTClass
 .rodata._ZTV10USARTClass
                0x000841d0       0x30 C:\Users\admin\AppData\Local\Temp\VMBuilds\MergedClasses\arduino_due_x_dbg\Debug/core.a(USARTClass.cpp.o)
                0x000841d0                vtable for USARTClass
 .rodata.STRING_PRODUCT
                0x00084200        0xc C:\Users\admin\AppData\Local\Temp\VMBuilds\MergedClasses\arduino_due_x_dbg\Debug/core.a(USBCore.cpp.o)
                0x00084200                STRING_PRODUCT
 .rodata.USB_DeviceDescriptor
                0x0008420c       0x12 C:\Users\admin\AppData\Local\Temp\VMBuilds\MergedClasses\arduino_due_x_dbg\Debug/core.a(USBCore.cpp.o)
                0x0008420c                USB_DeviceDescriptor
 .rodata.STRING_LANGUAGE
                0x0008421e        0x4 C:\Users\admin\AppData\Local\Temp\VMBuilds\MergedClasses\arduino_due_x_dbg\Debug/core.a(USBCore.cpp.o)
                0x0008421e                STRING_LANGUAGE
 .rodata._ZL18test_packet_buffer
                0x00084222       0x35 C:\Users\admin\AppData\Local\Temp\VMBuilds\MergedClasses\arduino_due_x_dbg\Debug/core.a(USBCore.cpp.o)
 .rodata.STRING_MANUFACTURER
                0x00084257        0xc C:\Users\admin\AppData\Local\Temp\VMBuilds\MergedClasses\arduino_due_x_dbg\Debug/core.a(USBCore.cpp.o)
                0x00084257                STRING_MANUFACTURER
 .rodata.USB_DeviceDescriptorA
                0x00084263       0x12 C:\Users\admin\AppData\Local\Temp\VMBuilds\MergedClasses\arduino_due_x_dbg\Debug/core.a(USBCore.cpp.o)
                0x00084263                USB_DeviceDescriptorA
 .rodata._ZL19USB_DeviceQualifier
                0x00084275        0x9 C:\Users\admin\AppData\Local\Temp\VMBuilds\MergedClasses\arduino_due_x_dbg\Debug/core.a(USBCore.cpp.o)
 *fill*         0x0008427e        0x2 
 .rodata._ZTV7Serial_
                0x00084280       0x28 C:\Users\admin\AppData\Local\Temp\VMBuilds\MergedClasses\arduino_due_x_dbg\Debug/core.a(CDC.cpp.o)
                0x00084280                vtable for Serial_
 .rodata._ZL18_cdcOtherInterface
                0x000842a8       0x42 C:\Users\admin\AppData\Local\Temp\VMBuilds\MergedClasses\arduino_due_x_dbg\Debug/core.a(CDC.cpp.o)
 .rodata._ZL13_cdcInterface
                0x000842ea       0x42 C:\Users\admin\AppData\Local\Temp\VMBuilds\MergedClasses\arduino_due_x_dbg\Debug/core.a(CDC.cpp.o)
 .rodata.str1.4
                0x0008432c        0x4 c:/users/admin/appdata/local/arduino15/packages/arduino/tools/arm-none-eabi-gcc/4.8.3-2014q1/bin/../lib/gcc/arm-none-eabi/4.8.3/../../../../arm-none-eabi/lib/armv7-m\libc.a(lib_a-impure.o)
 .rodata._global_impure_ptr
                0x00084330        0x4 c:/users/admin/appdata/local/arduino15/packages/arduino/tools/arm-none-eabi-gcc/4.8.3-2014q1/bin/../lib/gcc/arm-none-eabi/4.8.3/../../../../arm-none-eabi/lib/armv7-m\libc.a(lib_a-impure.o)
                0x00084330                _global_impure_ptr
 *(.ARM.extab* .gnu.linkonce.armextab.*)
                0x00084334                . = ALIGN (0x4)
 *(.init)
 .init          0x00084334        0x4 c:/users/admin/appdata/local/arduino15/packages/arduino/tools/arm-none-eabi-gcc/4.8.3-2014q1/bin/../lib/gcc/arm-none-eabi/4.8.3/armv7-m/crti.o
                0x00084334                _init
 .init          0x00084338        0x8 c:/users/admin/appdata/local/arduino15/packages/arduino/tools/arm-none-eabi-gcc/4.8.3-2014q1/bin/../lib/gcc/arm-none-eabi/4.8.3/armv7-m/crtn.o
                0x00084340                . = ALIGN (0x4)
                0x00084340                __preinit_array_start = .
 *(.preinit_array)
                0x00084340                __preinit_array_end = .
                0x00084340                . = ALIGN (0x4)
                0x00084340                __init_array_start = .
 *(SORT(.init_array.*))
 .init_array.00000
                0x00084340        0x4 c:/users/admin/appdata/local/arduino15/packages/arduino/tools/arm-none-eabi-gcc/4.8.3-2014q1/bin/../lib/gcc/arm-none-eabi/4.8.3/../../../../arm-none-eabi/lib/armv7-m\libc.a(lib_a-__call_atexit.o)
 *(.init_array)
 .init_array    0x00084344        0x4 c:/users/admin/appdata/local/arduino15/packages/arduino/tools/arm-none-eabi-gcc/4.8.3-2014q1/bin/../lib/gcc/arm-none-eabi/4.8.3/armv7-m/crtbegin.o
 .init_array    0x00084348        0x4 MergedClasses.cpp.o
 .init_array    0x0008434c        0x4 C:\Users\admin\AppData\Local\Temp\VMBCore\arduino16x\23b9d621b90cd1854343452bc9fb052a\variant\variant.cpp.o
 .init_array    0x00084350        0x4 C:\Users\admin\AppData\Local\Temp\VMBuilds\MergedClasses\arduino_due_x_dbg\Debug/core.a(USBCore.cpp.o)
 .init_array    0x00084354        0x4 C:\Users\admin\AppData\Local\Temp\VMBuilds\MergedClasses\arduino_due_x_dbg\Debug/core.a(CDC.cpp.o)
                0x00084358                __init_array_end = .
                0x00084358                . = ALIGN (0x4)
 *crtbegin.o(.ctors)
 *(EXCLUDE_FILE(*crtend.o) .ctors)
 *(SORT(.ctors.*))
 *crtend.o(.ctors)
                0x00084358                . = ALIGN (0x4)
 *(.fini)
 .fini          0x00084358        0x4 c:/users/admin/appdata/local/arduino15/packages/arduino/tools/arm-none-eabi-gcc/4.8.3-2014q1/bin/../lib/gcc/arm-none-eabi/4.8.3/armv7-m/crti.o
                0x00084358                _fini
 .fini          0x0008435c        0x8 c:/users/admin/appdata/local/arduino15/packages/arduino/tools/arm-none-eabi-gcc/4.8.3-2014q1/bin/../lib/gcc/arm-none-eabi/4.8.3/armv7-m/crtn.o
                0x00084364                . = ALIGN (0x4)
                0x00084364                __fini_array_start = .
 *(.fini_array)
 .fini_array    0x00084364        0x4 c:/users/admin/appdata/local/arduino15/packages/arduino/tools/arm-none-eabi-gcc/4.8.3-2014q1/bin/../lib/gcc/arm-none-eabi/4.8.3/armv7-m/crtbegin.o
 *(SORT(.fini_array.*))
                0x00084368                __fini_array_end = .
 *crtbegin.o(.dtors)
 *(EXCLUDE_FILE(*crtend.o) .dtors)
 *(SORT(.dtors.*))
 *crtend.o(.dtors)
                0x00084368                . = ALIGN (0x4)
                0x00084368                _efixed = .
                0x00084368                PROVIDE (__exidx_start, .)

.vfp11_veneer   0x00084368        0x0
 .vfp11_veneer  0x00000000        0x0 linker stubs

.v4_bx          0x00084368        0x0
 .v4_bx         0x00000000        0x0 linker stubs

.iplt           0x00084368        0x0
 .iplt          0x00000000        0x0 c:/users/admin/appdata/local/arduino15/packages/arduino/tools/arm-none-eabi-gcc/4.8.3-2014q1/bin/../lib/gcc/arm-none-eabi/4.8.3/armv7-m/crtbegin.o

.eh_frame       0x00084368        0x0
 .eh_frame      0x00084368        0x0 c:/users/admin/appdata/local/arduino15/packages/arduino/tools/arm-none-eabi-gcc/4.8.3-2014q1/bin/../lib/gcc/arm-none-eabi/4.8.3/armv7-m/crtbegin.o

.rel.dyn        0x00084368        0x0
 .rel.iplt      0x00000000        0x0 c:/users/admin/appdata/local/arduino15/packages/arduino/tools/arm-none-eabi-gcc/4.8.3-2014q1/bin/../lib/gcc/arm-none-eabi/4.8.3/armv7-m/crtbegin.o

.jcr            0x00084368        0x0
 .jcr           0x00084368        0x0 c:/users/admin/appdata/local/arduino15/packages/arduino/tools/arm-none-eabi-gcc/4.8.3-2014q1/bin/../lib/gcc/arm-none-eabi/4.8.3/armv7-m/crtbegin.o

.igot.plt       0x00084368        0x0
 .igot.plt      0x00000000        0x0 c:/users/admin/appdata/local/arduino15/packages/arduino/tools/arm-none-eabi-gcc/4.8.3-2014q1/bin/../lib/gcc/arm-none-eabi/4.8.3/armv7-m/crtbegin.o

.ARM.exidx
 *(.ARM.exidx* .gnu.linkonce.armexidx.*)
                0x00084368                PROVIDE (__exidx_end, .)
                0x00084368                . = ALIGN (0x4)
                0x00084368                _etext = .

.relocate       0x20070000      0x8bc load address 0x00084368
                0x20070000                . = ALIGN (0x4)
                0x20070000                _srelocate = .
 *(.ramfunc .ramfunc.*)
 .ramfunc       0x20070000       0x2c C:\Users\admin\AppData\Local\Temp\VMBuilds\MergedClasses\arduino_due_x_dbg\Debug/core.a(Reset.cpp.o)
                0x20070000                banzai
 *(.data .data.*)
 .data          0x2007002c        0x4 c:/users/admin/appdata/local/arduino15/packages/arduino/tools/arm-none-eabi-gcc/4.8.3-2014q1/bin/../lib/gcc/arm-none-eabi/4.8.3/armv7-m/crtbegin.o
                0x2007002c                __dso_handle
 .data.monday   0x20070030        0x9 MergedClasses.cpp.o
                0x20070030                monday
 *fill*         0x20070039        0x3 
 .data.SystemCoreClock
                0x2007003c        0x4 C:\Users\admin\AppData\Local\arduino15\packages\arduino\hardware\sam\1.6.12\variants\arduino_due_x/libsam_sam3x8e_gcc_rel.a(system_sam3xa.o)
                0x2007003c                SystemCoreClock
 .data._ZL5ticks
                0x20070040        0x4 C:\Users\admin\AppData\Local\Temp\VMBuilds\MergedClasses\arduino_due_x_dbg\Debug/core.a(Reset.cpp.o)
 .data.EndPoints
                0x20070044       0x28 C:\Users\admin\AppData\Local\Temp\VMBuilds\MergedClasses\arduino_due_x_dbg\Debug/core.a(USBCore.cpp.o)
                0x20070044                EndPoints
 .data._ZL10breakValue
                0x2007006c        0x4 C:\Users\admin\AppData\Local\Temp\VMBuilds\MergedClasses\arduino_due_x_dbg\Debug/core.a(CDC.cpp.o)
 .data._ZL12_usbLineInfo
                0x20070070        0x8 C:\Users\admin\AppData\Local\Temp\VMBuilds\MergedClasses\arduino_due_x_dbg\Debug/core.a(CDC.cpp.o)
 .data.g_interrupt_enabled
                0x20070078        0x4 C:\Users\admin\AppData\Local\arduino15\packages\arduino\hardware\sam\1.6.12\variants\arduino_due_x/libsam_sam3x8e_gcc_rel.a(interrupt_sam_nvic.o)
                0x20070078                g_interrupt_enabled
 *fill*         0x2007007c        0x4 
 .data.impure_data
                0x20070080      0x428 c:/users/admin/appdata/local/arduino15/packages/arduino/tools/arm-none-eabi-gcc/4.8.3-2014q1/bin/../lib/gcc/arm-none-eabi/4.8.3/../../../../arm-none-eabi/lib/armv7-m\libc.a(lib_a-impure.o)
 .data._impure_ptr
                0x200704a8        0x4 c:/users/admin/appdata/local/arduino15/packages/arduino/tools/arm-none-eabi-gcc/4.8.3-2014q1/bin/../lib/gcc/arm-none-eabi/4.8.3/../../../../arm-none-eabi/lib/armv7-m\libc.a(lib_a-impure.o)
                0x200704a8                _impure_ptr
 .data.__malloc_av_
                0x200704ac      0x408 c:/users/admin/appdata/local/arduino15/packages/arduino/tools/arm-none-eabi-gcc/4.8.3-2014q1/bin/../lib/gcc/arm-none-eabi/4.8.3/../../../../arm-none-eabi/lib/armv7-m\libc.a(lib_a-mallocr.o)
                0x200704ac                __malloc_av_
 .data.__malloc_trim_threshold
                0x200708b4        0x4 c:/users/admin/appdata/local/arduino15/packages/arduino/tools/arm-none-eabi-gcc/4.8.3-2014q1/bin/../lib/gcc/arm-none-eabi/4.8.3/../../../../arm-none-eabi/lib/armv7-m\libc.a(lib_a-mallocr.o)
                0x200708b4                __malloc_trim_threshold
 .data.__malloc_sbrk_base
                0x200708b8        0x4 c:/users/admin/appdata/local/arduino15/packages/arduino/tools/arm-none-eabi-gcc/4.8.3-2014q1/bin/../lib/gcc/arm-none-eabi/4.8.3/../../../../arm-none-eabi/lib/armv7-m\libc.a(lib_a-mallocr.o)
                0x200708b8                __malloc_sbrk_base
                0x200708bc                . = ALIGN (0x4)
                0x200708bc                _erelocate = .

.bss            0x200708bc     0x10f4 load address 0x00084c24
                0x200708bc                . = ALIGN (0x4)
                0x200708bc                _sbss = .
                0x200708bc                _szero = .
 *(.bss .bss.*)
 .bss           0x200708bc       0x1c c:/users/admin/appdata/local/arduino15/packages/arduino/tools/arm-none-eabi-gcc/4.8.3-2014q1/bin/../lib/gcc/arm-none-eabi/4.8.3/armv7-m/crtbegin.o
 .bss.buttonMondayEve
                0x200708d8       0x30 MergedClasses.cpp.o
                0x200708d8                buttonMondayEve
 .bss.RgbLeds   0x20070908       0x3c MergedClasses.cpp.o
                0x20070908                RgbLeds
 .bss.buttonMondayMorning
                0x20070944       0x30 MergedClasses.cpp.o
                0x20070944                buttonMondayMorning
 .bss.buttonTuedayMorning
                0x20070974       0x30 MergedClasses.cpp.o
                0x20070974                buttonTuedayMorning
 .bss.but1      0x200709a4        0x1 MergedClasses.cpp.o
                0x200709a4                but1
 *fill*         0x200709a5        0x3 
 .bss.buttonTuedayNoon
                0x200709a8       0x30 MergedClasses.cpp.o
                0x200709a8                buttonTuedayNoon
 .bss.person_1  0x200709d8       0x44 MergedClasses.cpp.o
                0x200709d8                person_1
 .bss.buttonMondayNoon
                0x20070a1c       0x30 MergedClasses.cpp.o
                0x20070a1c                buttonMondayNoon
 .bss.rgbLedmonday
                0x20070a4c       0x14 MergedClasses.cpp.o
                0x20070a4c                rgbLedmonday
 .bss.buttonPerson1
                0x20070a60       0x14 MergedClasses.cpp.o
                0x20070a60                buttonPerson1
 .bss.buttonPerson2
                0x20070a74       0x14 MergedClasses.cpp.o
                0x20070a74                buttonPerson2
 .bss.ppl       0x20070a88       0x88 MergedClasses.cpp.o
                0x20070a88                ppl
 .bss.buttonTuedayEve
                0x20070b10       0x30 MergedClasses.cpp.o
                0x20070b10                buttonTuedayEve
 .bss.arrayLED  0x20070b40        0x1 MergedClasses.cpp.o
                0x20070b40                arrayLED
 *fill*         0x20070b41        0x3 
 .bss.daysButtons
                0x20070b44      0x120 MergedClasses.cpp.o
                0x20070b44                daysButtons
 .bss.a         0x20070c64        0x1 MergedClasses.cpp.o
                0x20070c64                a
 *fill*         0x20070c65        0x3 
 .bss.b         0x20070c68      0x4e4 MergedClasses.cpp.o
                0x20070c68                b
 .bss.arrauButtons
                0x2007114c       0x14 MergedClasses.cpp.o
                0x2007114c                arrauButtons
 .bss.person_2  0x20071160       0x44 MergedClasses.cpp.o
                0x20071160                person_2
 .bss.tx_buffer2
                0x200711a4       0x88 C:\Users\admin\AppData\Local\Temp\VMBCore\arduino16x\23b9d621b90cd1854343452bc9fb052a\variant\variant.cpp.o
                0x200711a4                tx_buffer2
 .bss.tx_buffer1
                0x2007122c       0x88 C:\Users\admin\AppData\Local\Temp\VMBCore\arduino16x\23b9d621b90cd1854343452bc9fb052a\variant\variant.cpp.o
                0x2007122c                tx_buffer1
 .bss.Serial    0x200712b4       0x24 C:\Users\admin\AppData\Local\Temp\VMBCore\arduino16x\23b9d621b90cd1854343452bc9fb052a\variant\variant.cpp.o
                0x200712b4                Serial
 .bss.rx_buffer1
                0x200712d8       0x88 C:\Users\admin\AppData\Local\Temp\VMBCore\arduino16x\23b9d621b90cd1854343452bc9fb052a\variant\variant.cpp.o
                0x200712d8                rx_buffer1
 .bss.Serial1   0x20071360       0x28 C:\Users\admin\AppData\Local\Temp\VMBCore\arduino16x\23b9d621b90cd1854343452bc9fb052a\variant\variant.cpp.o
                0x20071360                Serial1
 .bss.Serial2   0x20071388       0x28 C:\Users\admin\AppData\Local\Temp\VMBCore\arduino16x\23b9d621b90cd1854343452bc9fb052a\variant\variant.cpp.o
                0x20071388                Serial2
 .bss.Serial3   0x200713b0       0x28 C:\Users\admin\AppData\Local\Temp\VMBCore\arduino16x\23b9d621b90cd1854343452bc9fb052a\variant\variant.cpp.o
                0x200713b0                Serial3
 .bss.tx_buffer3
                0x200713d8       0x88 C:\Users\admin\AppData\Local\Temp\VMBCore\arduino16x\23b9d621b90cd1854343452bc9fb052a\variant\variant.cpp.o
                0x200713d8                tx_buffer3
 .bss.tx_buffer4
                0x20071460       0x88 C:\Users\admin\AppData\Local\Temp\VMBCore\arduino16x\23b9d621b90cd1854343452bc9fb052a\variant\variant.cpp.o
                0x20071460                tx_buffer4
 .bss.g_pinStatus
                0x200714e8       0x4f C:\Users\admin\AppData\Local\Temp\VMBCore\arduino16x\23b9d621b90cd1854343452bc9fb052a\variant\variant.cpp.o
                0x200714e8                g_pinStatus
 *fill*         0x20071537        0x1 
 .bss.rx_buffer2
                0x20071538       0x88 C:\Users\admin\AppData\Local\Temp\VMBCore\arduino16x\23b9d621b90cd1854343452bc9fb052a\variant\variant.cpp.o
                0x20071538                rx_buffer2
 .bss.rx_buffer3
                0x200715c0       0x88 C:\Users\admin\AppData\Local\Temp\VMBCore\arduino16x\23b9d621b90cd1854343452bc9fb052a\variant\variant.cpp.o
                0x200715c0                rx_buffer3
 .bss.rx_buffer4
                0x20071648       0x88 C:\Users\admin\AppData\Local\Temp\VMBCore\arduino16x\23b9d621b90cd1854343452bc9fb052a\variant\variant.cpp.o
                0x20071648                rx_buffer4
 .bss.gpf_isr   0x200716d0        0x4 C:\Users\admin\AppData\Local\arduino15\packages\arduino\hardware\sam\1.6.12\variants\arduino_due_x/libsam_sam3x8e_gcc_rel.a(uotghs.o)
                0x200716d0                gpf_isr
 .bss.heap.6420
                0x200716d4        0x4 C:\Users\admin\AppData\Local\Temp\VMBuilds\MergedClasses\arduino_due_x_dbg\Debug/core.a(syscalls_sam3.c.o)
 .bss._cmark    0x200716d8        0x2 C:\Users\admin\AppData\Local\Temp\VMBuilds\MergedClasses\arduino_due_x_dbg\Debug/core.a(USBCore.cpp.o)
                0x200716d8                _cmark
 .bss._ZL14isEndpointHalt
                0x200716da        0x1 C:\Users\admin\AppData\Local\Temp\VMBuilds\MergedClasses\arduino_due_x_dbg\Debug/core.a(USBCore.cpp.o)
 *fill*         0x200716db        0x1 
 .bss._cdcComposite
                0x200716dc        0x4 C:\Users\admin\AppData\Local\Temp\VMBuilds\MergedClasses\arduino_due_x_dbg\Debug/core.a(USBCore.cpp.o)
                0x200716dc                _cdcComposite
 .bss._ZL21isRemoteWakeUpEnabled
                0x200716e0        0x1 C:\Users\admin\AppData\Local\Temp\VMBuilds\MergedClasses\arduino_due_x_dbg\Debug/core.a(USBCore.cpp.o)
 *fill*         0x200716e1        0x3 
 .bss._usbInitialized
                0x200716e4        0x4 C:\Users\admin\AppData\Local\Temp\VMBuilds\MergedClasses\arduino_due_x_dbg\Debug/core.a(USBCore.cpp.o)
                0x200716e4                _usbInitialized
 .bss.USBDevice
                0x200716e8        0x1 C:\Users\admin\AppData\Local\Temp\VMBuilds\MergedClasses\arduino_due_x_dbg\Debug/core.a(USBCore.cpp.o)
                0x200716e8                USBDevice
 *fill*         0x200716e9        0x3 
 .bss._usbSetInterface
                0x200716ec        0x4 C:\Users\admin\AppData\Local\Temp\VMBuilds\MergedClasses\arduino_due_x_dbg\Debug/core.a(USBCore.cpp.o)
                0x200716ec                _usbSetInterface
 .bss._cend     0x200716f0        0x2 C:\Users\admin\AppData\Local\Temp\VMBuilds\MergedClasses\arduino_due_x_dbg\Debug/core.a(USBCore.cpp.o)
                0x200716f0                _cend
 *fill*         0x200716f2        0x2 
 .bss._usbConfiguration
                0x200716f4        0x4 C:\Users\admin\AppData\Local\Temp\VMBuilds\MergedClasses\arduino_due_x_dbg\Debug/core.a(USBCore.cpp.o)
                0x200716f4                _usbConfiguration
 .bss.cdc_rx_buffer
                0x200716f8      0x208 C:\Users\admin\AppData\Local\Temp\VMBuilds\MergedClasses\arduino_due_x_dbg\Debug/core.a(CDC.cpp.o)
                0x200716f8                cdc_rx_buffer
 .bss._ZZN7Serial_6acceptEvE5guard
                0x20071900        0x4 C:\Users\admin\AppData\Local\Temp\VMBuilds\MergedClasses\arduino_due_x_dbg\Debug/core.a(CDC.cpp.o)
 .bss.SerialUSB
                0x20071904       0x14 C:\Users\admin\AppData\Local\Temp\VMBuilds\MergedClasses\arduino_due_x_dbg\Debug/core.a(CDC.cpp.o)
                0x20071904                SerialUSB
 .bss._ZZ12PluggableUSBvE3obj
                0x20071918        0x8 C:\Users\admin\AppData\Local\Temp\VMBuilds\MergedClasses\arduino_due_x_dbg\Debug/core.a(PluggableUSB.cpp.o)
 .bss._ZGVZ12PluggableUSBvE3obj
                0x20071920        0x4 C:\Users\admin\AppData\Local\Temp\VMBuilds\MergedClasses\arduino_due_x_dbg\Debug/core.a(PluggableUSB.cpp.o)
 .bss._dwTickCount
                0x20071924        0x4 C:\Users\admin\AppData\Local\arduino15\packages\arduino\hardware\sam\1.6.12\variants\arduino_due_x/libsam_sam3x8e_gcc_rel.a(timetick.o)
 .bss.ul_recv_fifo_ptr
                0x20071928       0x28 C:\Users\admin\AppData\Local\arduino15\packages\arduino\hardware\sam\1.6.12\variants\arduino_due_x/libsam_sam3x8e_gcc_rel.a(uotghs_device.o)
 .bss.ul_send_fifo_ptr
                0x20071950       0x28 C:\Users\admin\AppData\Local\arduino15\packages\arduino\hardware\sam\1.6.12\variants\arduino_due_x/libsam_sam3x8e_gcc_rel.a(uotghs_device.o)
 .bss.__malloc_max_total_mem
                0x20071978        0x4 c:/users/admin/appdata/local/arduino15/packages/arduino/tools/arm-none-eabi-gcc/4.8.3-2014q1/bin/../lib/gcc/arm-none-eabi/4.8.3/../../../../arm-none-eabi/lib/armv7-m\libc.a(lib_a-mallocr.o)
                0x20071978                __malloc_max_total_mem
 .bss.__malloc_max_sbrked_mem
                0x2007197c        0x4 c:/users/admin/appdata/local/arduino15/packages/arduino/tools/arm-none-eabi-gcc/4.8.3-2014q1/bin/../lib/gcc/arm-none-eabi/4.8.3/../../../../arm-none-eabi/lib/armv7-m\libc.a(lib_a-mallocr.o)
                0x2007197c                __malloc_max_sbrked_mem
 .bss.__malloc_top_pad
                0x20071980        0x4 c:/users/admin/appdata/local/arduino15/packages/arduino/tools/arm-none-eabi-gcc/4.8.3-2014q1/bin/../lib/gcc/arm-none-eabi/4.8.3/../../../../arm-none-eabi/lib/armv7-m\libc.a(lib_a-mallocr.o)
                0x20071980                __malloc_top_pad
 .bss.__malloc_current_mallinfo
                0x20071984       0x28 c:/users/admin/appdata/local/arduino15/packages/arduino/tools/arm-none-eabi-gcc/4.8.3-2014q1/bin/../lib/gcc/arm-none-eabi/4.8.3/../../../../arm-none-eabi/lib/armv7-m\libc.a(lib_a-mallocr.o)
                0x20071984                __malloc_current_mallinfo
 *(COMMON)
 COMMON         0x200719ac        0x4 c:/users/admin/appdata/local/arduino15/packages/arduino/tools/arm-none-eabi-gcc/4.8.3-2014q1/bin/../lib/gcc/arm-none-eabi/4.8.3/../../../../arm-none-eabi/lib/armv7-m\libc.a(lib_a-reent.o)
                0x200719ac                errno
                0x200719b0                . = ALIGN (0x4)
                0x200719b0                _ebss = .
                0x200719b0                _ezero = .
                0x200719b0                . = ALIGN (0x4)
                0x200719b0                _end = .

.stack_dummy    0x200719b0        0x0
 *(.stack*)
                0x20088000                __StackTop = (ORIGIN (ram) + 0x18000)
                0x20088000                __StackLimit = (__StackTop - SIZEOF (.stack_dummy))
                0x20088000                PROVIDE (_sstack, __StackLimit)
                0x20088000                PROVIDE (_estack, __StackTop)
OUTPUT(C:\Users\admin\AppData\Local\Temp\VMBuilds\MergedClasses\arduino_due_x_dbg\Debug/MergedClasses.ino.elf elf32-littlearm)

.ARM.attributes
                0x00000000       0x29
 .ARM.attributes
                0x00000000       0x1d c:/users/admin/appdata/local/arduino15/packages/arduino/tools/arm-none-eabi-gcc/4.8.3-2014q1/bin/../lib/gcc/arm-none-eabi/4.8.3/armv7-m/crti.o
 .ARM.attributes
                0x0000001d       0x2d c:/users/admin/appdata/local/arduino15/packages/arduino/tools/arm-none-eabi-gcc/4.8.3-2014q1/bin/../lib/gcc/arm-none-eabi/4.8.3/armv7-m/crtbegin.o
 .ARM.attributes
                0x0000004a       0x33 MergedClasses.cpp.o
 .ARM.attributes
                0x0000007d       0x33 C:\Users\admin\AppData\Local\Temp\VMBCore\arduino16x\23b9d621b90cd1854343452bc9fb052a\variant\variant.cpp.o
 .ARM.attributes
                0x000000b0       0x33 C:\Users\admin\AppData\Local\arduino15\packages\arduino\hardware\sam\1.6.12\variants\arduino_due_x/libsam_sam3x8e_gcc_rel.a(pio.o)
 .ARM.attributes
                0x000000e3       0x33 C:\Users\admin\AppData\Local\arduino15\packages\arduino\hardware\sam\1.6.12\variants\arduino_due_x/libsam_sam3x8e_gcc_rel.a(pmc.o)
 .ARM.attributes
                0x00000116       0x33 C:\Users\admin\AppData\Local\arduino15\packages\arduino\hardware\sam\1.6.12\variants\arduino_due_x/libsam_sam3x8e_gcc_rel.a(system_sam3xa.o)
 .ARM.attributes
                0x00000149       0x33 C:\Users\admin\AppData\Local\arduino15\packages\arduino\hardware\sam\1.6.12\variants\arduino_due_x/libsam_sam3x8e_gcc_rel.a(startup_sam3xa.o)
 .ARM.attributes
                0x0000017c       0x33 C:\Users\admin\AppData\Local\arduino15\packages\arduino\hardware\sam\1.6.12\variants\arduino_due_x/libsam_sam3x8e_gcc_rel.a(adc.o)
 .ARM.attributes
                0x000001af       0x33 C:\Users\admin\AppData\Local\arduino15\packages\arduino\hardware\sam\1.6.12\variants\arduino_due_x/libsam_sam3x8e_gcc_rel.a(uotghs.o)
 .ARM.attributes
                0x000001e2       0x33 C:\Users\admin\AppData\Local\Temp\VMBuilds\MergedClasses\arduino_due_x_dbg\Debug/core.a(cortex_handlers.c.o)
 .ARM.attributes
                0x00000215       0x33 C:\Users\admin\AppData\Local\Temp\VMBuilds\MergedClasses\arduino_due_x_dbg\Debug/core.a(hooks.c.o)
 .ARM.attributes
                0x00000248       0x33 C:\Users\admin\AppData\Local\Temp\VMBuilds\MergedClasses\arduino_due_x_dbg\Debug/core.a(syscalls_sam3.c.o)
 .ARM.attributes
                0x0000027b       0x33 C:\Users\admin\AppData\Local\Temp\VMBuilds\MergedClasses\arduino_due_x_dbg\Debug/core.a(wiring.c.o)
 .ARM.attributes
                0x000002ae       0x33 C:\Users\admin\AppData\Local\Temp\VMBuilds\MergedClasses\arduino_due_x_dbg\Debug/core.a(wiring_analog.c.o)
 .ARM.attributes
                0x000002e1       0x33 C:\Users\admin\AppData\Local\Temp\VMBuilds\MergedClasses\arduino_due_x_dbg\Debug/core.a(wiring_digital.c.o)
 .ARM.attributes
                0x00000314       0x33 C:\Users\admin\AppData\Local\Temp\VMBuilds\MergedClasses\arduino_due_x_dbg\Debug/core.a(main.cpp.o)
 .ARM.attributes
                0x00000347       0x33 C:\Users\admin\AppData\Local\Temp\VMBuilds\MergedClasses\arduino_due_x_dbg\Debug/core.a(Print.cpp.o)
 .ARM.attributes
                0x0000037a       0x33 C:\Users\admin\AppData\Local\Temp\VMBuilds\MergedClasses\arduino_due_x_dbg\Debug/core.a(Reset.cpp.o)
 .ARM.attributes
                0x000003ad       0x33 C:\Users\admin\AppData\Local\Temp\VMBuilds\MergedClasses\arduino_due_x_dbg\Debug/core.a(RingBuffer.cpp.o)
 .ARM.attributes
                0x000003e0       0x33 C:\Users\admin\AppData\Local\Temp\VMBuilds\MergedClasses\arduino_due_x_dbg\Debug/core.a(UARTClass.cpp.o)
 .ARM.attributes
                0x00000413       0x33 C:\Users\admin\AppData\Local\Temp\VMBuilds\MergedClasses\arduino_due_x_dbg\Debug/core.a(USARTClass.cpp.o)
 .ARM.attributes
                0x00000446       0x33 C:\Users\admin\AppData\Local\Temp\VMBuilds\MergedClasses\arduino_due_x_dbg\Debug/core.a(watchdog.cpp.o)
 .ARM.attributes
                0x00000479       0x33 C:\Users\admin\AppData\Local\Temp\VMBuilds\MergedClasses\arduino_due_x_dbg\Debug/core.a(WString.cpp.o)
 .ARM.attributes
                0x000004ac       0x33 C:\Users\admin\AppData\Local\Temp\VMBuilds\MergedClasses\arduino_due_x_dbg\Debug/core.a(USBCore.cpp.o)
 .ARM.attributes
                0x000004df       0x33 C:\Users\admin\AppData\Local\Temp\VMBuilds\MergedClasses\arduino_due_x_dbg\Debug/core.a(CDC.cpp.o)
 .ARM.attributes
                0x00000512       0x33 C:\Users\admin\AppData\Local\Temp\VMBuilds\MergedClasses\arduino_due_x_dbg\Debug/core.a(PluggableUSB.cpp.o)
 .ARM.attributes
                0x00000545       0x33 C:\Users\admin\AppData\Local\arduino15\packages\arduino\hardware\sam\1.6.12\variants\arduino_due_x/libsam_sam3x8e_gcc_rel.a(timetick.o)
 .ARM.attributes
                0x00000578       0x33 C:\Users\admin\AppData\Local\arduino15\packages\arduino\hardware\sam\1.6.12\variants\arduino_due_x/libsam_sam3x8e_gcc_rel.a(wdt.o)
 .ARM.attributes
                0x000005ab       0x33 C:\Users\admin\AppData\Local\arduino15\packages\arduino\hardware\sam\1.6.12\variants\arduino_due_x/libsam_sam3x8e_gcc_rel.a(interrupt_sam_nvic.o)
 .ARM.attributes
                0x000005de       0x33 C:\Users\admin\AppData\Local\arduino15\packages\arduino\hardware\sam\1.6.12\variants\arduino_due_x/libsam_sam3x8e_gcc_rel.a(uotghs_device.o)
 .ARM.attributes
                0x00000611       0x2d c:/users/admin/appdata/local/arduino15/packages/arduino/tools/arm-none-eabi-gcc/4.8.3-2014q1/bin/../lib/gcc/arm-none-eabi/4.8.3/../../../../arm-none-eabi/lib/armv7-m\libc.a(lib_a-aeabi_atexit.o)
 .ARM.attributes
                0x0000063e       0x2d c:/users/admin/appdata/local/arduino15/packages/arduino/tools/arm-none-eabi-gcc/4.8.3-2014q1/bin/../lib/gcc/arm-none-eabi/4.8.3/../../../../arm-none-eabi/lib/armv7-m\libc.a(lib_a-cxa_atexit.o)
 .ARM.attributes
                0x0000066b       0x2d c:/users/admin/appdata/local/arduino15/packages/arduino/tools/arm-none-eabi-gcc/4.8.3-2014q1/bin/../lib/gcc/arm-none-eabi/4.8.3/../../../../arm-none-eabi/lib/armv7-m\libc.a(lib_a-impure.o)
 .ARM.attributes
                0x00000698       0x2d c:/users/admin/appdata/local/arduino15/packages/arduino/tools/arm-none-eabi-gcc/4.8.3-2014q1/bin/../lib/gcc/arm-none-eabi/4.8.3/../../../../arm-none-eabi/lib/armv7-m\libc.a(lib_a-init.o)
 .ARM.attributes
                0x000006c5       0x2d c:/users/admin/appdata/local/arduino15/packages/arduino/tools/arm-none-eabi-gcc/4.8.3-2014q1/bin/../lib/gcc/arm-none-eabi/4.8.3/../../../../arm-none-eabi/lib/armv7-m\libc.a(lib_a-malloc.o)
 .ARM.attributes
                0x000006f2       0x2d c:/users/admin/appdata/local/arduino15/packages/arduino/tools/arm-none-eabi-gcc/4.8.3-2014q1/bin/../lib/gcc/arm-none-eabi/4.8.3/../../../../arm-none-eabi/lib/armv7-m\libc.a(lib_a-mallocr.o)
 .ARM.attributes
                0x0000071f       0x1b c:/users/admin/appdata/local/arduino15/packages/arduino/tools/arm-none-eabi-gcc/4.8.3-2014q1/bin/../lib/gcc/arm-none-eabi/4.8.3/../../../../arm-none-eabi/lib/armv7-m\libc.a(lib_a-memcpy.o)
 .ARM.attributes
                0x0000073a       0x2d c:/users/admin/appdata/local/arduino15/packages/arduino/tools/arm-none-eabi-gcc/4.8.3-2014q1/bin/../lib/gcc/arm-none-eabi/4.8.3/../../../../arm-none-eabi/lib/armv7-m\libc.a(lib_a-memmove.o)
 .ARM.attributes
                0x00000767       0x2d c:/users/admin/appdata/local/arduino15/packages/arduino/tools/arm-none-eabi-gcc/4.8.3-2014q1/bin/../lib/gcc/arm-none-eabi/4.8.3/../../../../arm-none-eabi/lib/armv7-m\libc.a(lib_a-memset.o)
 .ARM.attributes
                0x00000794       0x2d c:/users/admin/appdata/local/arduino15/packages/arduino/tools/arm-none-eabi-gcc/4.8.3-2014q1/bin/../lib/gcc/arm-none-eabi/4.8.3/../../../../arm-none-eabi/lib/armv7-m\libc.a(lib_a-mlock.o)
 .ARM.attributes
                0x000007c1       0x2d c:/users/admin/appdata/local/arduino15/packages/arduino/tools/arm-none-eabi-gcc/4.8.3-2014q1/bin/../lib/gcc/arm-none-eabi/4.8.3/../../../../arm-none-eabi/lib/armv7-m\libc.a(lib_a-realloc.o)
 .ARM.attributes
                0x000007ee       0x2d c:/users/admin/appdata/local/arduino15/packages/arduino/tools/arm-none-eabi-gcc/4.8.3-2014q1/bin/../lib/gcc/arm-none-eabi/4.8.3/../../../../arm-none-eabi/lib/armv7-m\libc.a(lib_a-reallocr.o)
 .ARM.attributes
                0x0000081b       0x2d c:/users/admin/appdata/local/arduino15/packages/arduino/tools/arm-none-eabi-gcc/4.8.3-2014q1/bin/../lib/gcc/arm-none-eabi/4.8.3/../../../../arm-none-eabi/lib/armv7-m\libc.a(lib_a-sbrkr.o)
 .ARM.attributes
                0x00000848       0x2d c:/users/admin/appdata/local/arduino15/packages/arduino/tools/arm-none-eabi-gcc/4.8.3-2014q1/bin/../lib/gcc/arm-none-eabi/4.8.3/../../../../arm-none-eabi/lib/armv7-m\libc.a(lib_a-strcpy.o)
 .ARM.attributes
                0x00000875       0x2d c:/users/admin/appdata/local/arduino15/packages/arduino/tools/arm-none-eabi-gcc/4.8.3-2014q1/bin/../lib/gcc/arm-none-eabi/4.8.3/../../../../arm-none-eabi/lib/armv7-m\libc.a(lib_a-strlen.o)
 .ARM.attributes
                0x000008a2       0x2d c:/users/admin/appdata/local/arduino15/packages/arduino/tools/arm-none-eabi-gcc/4.8.3-2014q1/bin/../lib/gcc/arm-none-eabi/4.8.3/../../../../arm-none-eabi/lib/armv7-m\libc.a(lib_a-syskill.o)
 .ARM.attributes
                0x000008cf       0x2d c:/users/admin/appdata/local/arduino15/packages/arduino/tools/arm-none-eabi-gcc/4.8.3-2014q1/bin/../lib/gcc/arm-none-eabi/4.8.3/../../../../arm-none-eabi/lib/armv7-m\libc.a(lib_a-__atexit.o)
 .ARM.attributes
                0x000008fc       0x2d c:/users/admin/appdata/local/arduino15/packages/arduino/tools/arm-none-eabi-gcc/4.8.3-2014q1/bin/../lib/gcc/arm-none-eabi/4.8.3/../../../../arm-none-eabi/lib/armv7-m\libc.a(lib_a-__call_atexit.o)
 .ARM.attributes
                0x00000929       0x2d c:/users/admin/appdata/local/arduino15/packages/arduino/tools/arm-none-eabi-gcc/4.8.3-2014q1/bin/../lib/gcc/arm-none-eabi/4.8.3/../../../../arm-none-eabi/lib/armv7-m\libc.a(lib_a-atexit.o)
 .ARM.attributes
                0x00000956       0x2d c:/users/admin/appdata/local/arduino15/packages/arduino/tools/arm-none-eabi-gcc/4.8.3-2014q1/bin/../lib/gcc/arm-none-eabi/4.8.3/../../../../arm-none-eabi/lib/armv7-m\libc.a(lib_a-fini.o)
 .ARM.attributes
                0x00000983       0x2d c:/users/admin/appdata/local/arduino15/packages/arduino/tools/arm-none-eabi-gcc/4.8.3-2014q1/bin/../lib/gcc/arm-none-eabi/4.8.3/../../../../arm-none-eabi/lib/armv7-m\libc.a(lib_a-freer.o)
 .ARM.attributes
                0x000009b0       0x2d c:/users/admin/appdata/local/arduino15/packages/arduino/tools/arm-none-eabi-gcc/4.8.3-2014q1/bin/../lib/gcc/arm-none-eabi/4.8.3/../../../../arm-none-eabi/lib/armv7-m\libc.a(lib_a-reent.o)
 .ARM.attributes
                0x000009dd       0x2d c:/users/admin/appdata/local/arduino15/packages/arduino/tools/arm-none-eabi-gcc/4.8.3-2014q1/bin/../lib/gcc/arm-none-eabi/4.8.3/../../../../arm-none-eabi/lib/armv7-m\libc.a(lib_a-signalr.o)
 .ARM.attributes
                0x00000a0a       0x1d c:/users/admin/appdata/local/arduino15/packages/arduino/tools/arm-none-eabi-gcc/4.8.3-2014q1/bin/../lib/gcc/arm-none-eabi/4.8.3/armv7-m/crtn.o

.comment        0x00000000       0x70
 .comment       0x00000000       0x70 MergedClasses.cpp.o
                                 0x71 (size before relaxing)
 .comment       0x00000000       0x71 C:\Users\admin\AppData\Local\Temp\VMBCore\arduino16x\23b9d621b90cd1854343452bc9fb052a\variant\variant.cpp.o
 .comment       0x00000000       0x71 C:\Users\admin\AppData\Local\arduino15\packages\arduino\hardware\sam\1.6.12\variants\arduino_due_x/libsam_sam3x8e_gcc_rel.a(pio.o)
 .comment       0x00000000       0x71 C:\Users\admin\AppData\Local\arduino15\packages\arduino\hardware\sam\1.6.12\variants\arduino_due_x/libsam_sam3x8e_gcc_rel.a(pmc.o)
 .comment       0x00000000       0x71 C:\Users\admin\AppData\Local\arduino15\packages\arduino\hardware\sam\1.6.12\variants\arduino_due_x/libsam_sam3x8e_gcc_rel.a(system_sam3xa.o)
 .comment       0x00000000       0x71 C:\Users\admin\AppData\Local\arduino15\packages\arduino\hardware\sam\1.6.12\variants\arduino_due_x/libsam_sam3x8e_gcc_rel.a(startup_sam3xa.o)
 .comment       0x00000000       0x71 C:\Users\admin\AppData\Local\arduino15\packages\arduino\hardware\sam\1.6.12\variants\arduino_due_x/libsam_sam3x8e_gcc_rel.a(adc.o)
 .comment       0x00000000       0x71 C:\Users\admin\AppData\Local\arduino15\packages\arduino\hardware\sam\1.6.12\variants\arduino_due_x/libsam_sam3x8e_gcc_rel.a(uotghs.o)
 .comment       0x00000000       0x71 C:\Users\admin\AppData\Local\Temp\VMBuilds\MergedClasses\arduino_due_x_dbg\Debug/core.a(cortex_handlers.c.o)
 .comment       0x00000000       0x71 C:\Users\admin\AppData\Local\Temp\VMBuilds\MergedClasses\arduino_due_x_dbg\Debug/core.a(hooks.c.o)
 .comment       0x00000000       0x71 C:\Users\admin\AppData\Local\Temp\VMBuilds\MergedClasses\arduino_due_x_dbg\Debug/core.a(syscalls_sam3.c.o)
 .comment       0x00000000       0x71 C:\Users\admin\AppData\Local\Temp\VMBuilds\MergedClasses\arduino_due_x_dbg\Debug/core.a(wiring.c.o)
 .comment       0x00000000       0x71 C:\Users\admin\AppData\Local\Temp\VMBuilds\MergedClasses\arduino_due_x_dbg\Debug/core.a(wiring_analog.c.o)
 .comment       0x00000000       0x71 C:\Users\admin\AppData\Local\Temp\VMBuilds\MergedClasses\arduino_due_x_dbg\Debug/core.a(wiring_digital.c.o)
 .comment       0x00000000       0x71 C:\Users\admin\AppData\Local\Temp\VMBuilds\MergedClasses\arduino_due_x_dbg\Debug/core.a(main.cpp.o)
 .comment       0x00000000       0x71 C:\Users\admin\AppData\Local\Temp\VMBuilds\MergedClasses\arduino_due_x_dbg\Debug/core.a(Print.cpp.o)
 .comment       0x00000000       0x71 C:\Users\admin\AppData\Local\Temp\VMBuilds\MergedClasses\arduino_due_x_dbg\Debug/core.a(Reset.cpp.o)
 .comment       0x00000000       0x71 C:\Users\admin\AppData\Local\Temp\VMBuilds\MergedClasses\arduino_due_x_dbg\Debug/core.a(RingBuffer.cpp.o)
 .comment       0x00000000       0x71 C:\Users\admin\AppData\Local\Temp\VMBuilds\MergedClasses\arduino_due_x_dbg\Debug/core.a(UARTClass.cpp.o)
 .comment       0x00000000       0x71 C:\Users\admin\AppData\Local\Temp\VMBuilds\MergedClasses\arduino_due_x_dbg\Debug/core.a(USARTClass.cpp.o)
 .comment       0x00000000       0x71 C:\Users\admin\AppData\Local\Temp\VMBuilds\MergedClasses\arduino_due_x_dbg\Debug/core.a(watchdog.cpp.o)
 .comment       0x00000000       0x71 C:\Users\admin\AppData\Local\Temp\VMBuilds\MergedClasses\arduino_due_x_dbg\Debug/core.a(WString.cpp.o)
 .comment       0x00000000       0x71 C:\Users\admin\AppData\Local\Temp\VMBuilds\MergedClasses\arduino_due_x_dbg\Debug/core.a(USBCore.cpp.o)
 .comment       0x00000000       0x71 C:\Users\admin\AppData\Local\Temp\VMBuilds\MergedClasses\arduino_due_x_dbg\Debug/core.a(CDC.cpp.o)
 .comment       0x00000000       0x71 C:\Users\admin\AppData\Local\Temp\VMBuilds\MergedClasses\arduino_due_x_dbg\Debug/core.a(PluggableUSB.cpp.o)
 .comment       0x00000000       0x71 C:\Users\admin\AppData\Local\arduino15\packages\arduino\hardware\sam\1.6.12\variants\arduino_due_x/libsam_sam3x8e_gcc_rel.a(timetick.o)
 .comment       0x00000000       0x71 C:\Users\admin\AppData\Local\arduino15\packages\arduino\hardware\sam\1.6.12\variants\arduino_due_x/libsam_sam3x8e_gcc_rel.a(wdt.o)
 .comment       0x00000000       0x71 C:\Users\admin\AppData\Local\arduino15\packages\arduino\hardware\sam\1.6.12\variants\arduino_due_x/libsam_sam3x8e_gcc_rel.a(interrupt_sam_nvic.o)
 .comment       0x00000000       0x71 C:\Users\admin\AppData\Local\arduino15\packages\arduino\hardware\sam\1.6.12\variants\arduino_due_x/libsam_sam3x8e_gcc_rel.a(uotghs_device.o)

.debug_info     0x00000000    0x188dd
 .debug_info    0x00000000     0x3ea7 MergedClasses.cpp.o
 .debug_info    0x00003ea7     0x1a43 C:\Users\admin\AppData\Local\Temp\VMBCore\arduino16x\23b9d621b90cd1854343452bc9fb052a\variant\variant.cpp.o
 .debug_info    0x000058ea      0x2da C:\Users\admin\AppData\Local\Temp\VMBuilds\MergedClasses\arduino_due_x_dbg\Debug/core.a(cortex_handlers.c.o)
 .debug_info    0x00005bc4       0x60 C:\Users\admin\AppData\Local\Temp\VMBuilds\MergedClasses\arduino_due_x_dbg\Debug/core.a(hooks.c.o)
 .debug_info    0x00005c24      0x5f2 C:\Users\admin\AppData\Local\Temp\VMBuilds\MergedClasses\arduino_due_x_dbg\Debug/core.a(syscalls_sam3.c.o)
 .debug_info    0x00006216      0x52f C:\Users\admin\AppData\Local\Temp\VMBuilds\MergedClasses\arduino_due_x_dbg\Debug/core.a(wiring.c.o)
 .debug_info    0x00006745     0x1d7e C:\Users\admin\AppData\Local\Temp\VMBuilds\MergedClasses\arduino_due_x_dbg\Debug/core.a(wiring_analog.c.o)
 .debug_info    0x000084c3      0xe00 C:\Users\admin\AppData\Local\Temp\VMBuilds\MergedClasses\arduino_due_x_dbg\Debug/core.a(wiring_digital.c.o)
 .debug_info    0x000092c3      0x3cf C:\Users\admin\AppData\Local\Temp\VMBuilds\MergedClasses\arduino_due_x_dbg\Debug/core.a(main.cpp.o)
 .debug_info    0x00009692     0x27cd C:\Users\admin\AppData\Local\Temp\VMBuilds\MergedClasses\arduino_due_x_dbg\Debug/core.a(Print.cpp.o)
 .debug_info    0x0000be5f      0x3df C:\Users\admin\AppData\Local\Temp\VMBuilds\MergedClasses\arduino_due_x_dbg\Debug/core.a(Reset.cpp.o)
 .debug_info    0x0000c23e      0x1f6 C:\Users\admin\AppData\Local\Temp\VMBuilds\MergedClasses\arduino_due_x_dbg\Debug/core.a(RingBuffer.cpp.o)
 .debug_info    0x0000c434     0x24e3 C:\Users\admin\AppData\Local\Temp\VMBuilds\MergedClasses\arduino_due_x_dbg\Debug/core.a(UARTClass.cpp.o)
 .debug_info    0x0000e917      0xbe2 C:\Users\admin\AppData\Local\Temp\VMBuilds\MergedClasses\arduino_due_x_dbg\Debug/core.a(USARTClass.cpp.o)
 .debug_info    0x0000f4f9      0x220 C:\Users\admin\AppData\Local\Temp\VMBuilds\MergedClasses\arduino_due_x_dbg\Debug/core.a(watchdog.cpp.o)
 .debug_info    0x0000f719     0x3af8 C:\Users\admin\AppData\Local\Temp\VMBuilds\MergedClasses\arduino_due_x_dbg\Debug/core.a(WString.cpp.o)
 .debug_info    0x00013211     0x209d C:\Users\admin\AppData\Local\Temp\VMBuilds\MergedClasses\arduino_due_x_dbg\Debug/core.a(USBCore.cpp.o)
 .debug_info    0x000152ae     0x2f8e C:\Users\admin\AppData\Local\Temp\VMBuilds\MergedClasses\arduino_due_x_dbg\Debug/core.a(CDC.cpp.o)
 .debug_info    0x0001823c      0x6a1 C:\Users\admin\AppData\Local\Temp\VMBuilds\MergedClasses\arduino_due_x_dbg\Debug/core.a(PluggableUSB.cpp.o)
